Component: ARM Compiler 5.06 update 6 (build 750) Tool: armlink [4d35ed]

==============================================================================

Section Cross References

    camera_lense.o(.text) refers to stm32f10x_rcc.o(.text) for RCC_APB2PeriphClockCmd
    camera_lense.o(.text) refers to stm32f10x_gpio.o(.text) for GPIO_WriteBit
    camera_lense.o(.text) refers to stm32f10x_tim.o(.text) for TIM_TimeBaseInit
    camera_lense.o(.text) refers to stm32f10x_adc.o(.text) for ADC_Init
    camera_lense.o(.text) refers to stm32f10x_dma.o(.text) for DMA_DeInit
    camera_lense.o(.text) refers to rt_memclr_w.o(.text) for __aeabi_memclr4
    camera_lense.o(.text) refers to camera_lense.o(.data) for ADC1_ConvertedBuf
    camera_lense.o(.text) refers to lensdriver.o(.data) for LENS
    camera_lense.o(.text) refers to laserfunction.o(.data) for pLaser
    camera_lense.o(.text) refers to delay.o(.text) for delay_ms
    camera_lense.o(.text) refers to vc_uart.o(.text) for CamAutoFocusOpenNoSave
    camera_lense.o(.text) refers to ir_uart.o(.text) for setIRZOOM_FOCUS
    camera_lense.o(.text) refers to vc_uart.o(.data) for camAutoFocusFlag
    camera_lense.o(.text) refers to comcmd_proc.o(.data) for FocusSet_Correct
    camera_lense.o(.text) refers to tvc_uart.o(.data) for TVC_UART_ProtoFlag
    camera_lense.o(.text) refers to comcmd_proc.o(.bss) for PTStruct
    camera_lense.o(.text) refers to algorithm.o(.data) for alg
    comcmd_proc.o(.text) refers to watchhome.o(.text) for WatchHomeInit
    comcmd_proc.o(.text) refers to curise.o(.text) for CruiseInit
    comcmd_proc.o(.text) refers to linescan.o(.text) for LineScanFunInit
    comcmd_proc.o(.text) refers to applescan.o(.text) for AppleScanInit
    comcmd_proc.o(.text) refers to preset.o(.text) for CallPresetsAnalysis
    comcmd_proc.o(.text) refers to syscfg.o(.text) for BrushOn
    comcmd_proc.o(.text) refers to ir_uart.o(.text) for command_Set_FOV
    comcmd_proc.o(.text) refers to tvc_uart.o(.text) for TVC_UART_SendData
    comcmd_proc.o(.text) refers to msgqueue.o(.text) for Get_Queue
    comcmd_proc.o(.text) refers to comcmd_proc.o(.data) for TVC_Pelcod
    comcmd_proc.o(.text) refers to comcmd_proc.o(.bss) for CameraStruct
    comcmd_proc.o(.text) refers to preset.o(.data) for cmdComplex
    comcmd_proc.o(.text) refers to syscfg.o(.data) for sysPara
    comcmd_proc.o(.text) refers to algorithm.o(.data) for alg
    comcmd_proc.o(.text) refers to tvc_uart.o(.bss) for TVC_UART_TxBuf
    comcmd_proc.o(.text) refers to pt_uart.o(.text) for PtUp
    comcmd_proc.o(.text) refers to m_3d.o(.text) for Loc3DCoorChange
    comcmd_proc.o(.text) refers to delay.o(.text) for delay_ms
    comcmd_proc.o(.text) refers to miscalg.o(.data) for pMiscAlg
    comcmd_proc.o(.text) refers to lensdriver.o(.data) for LENS
    comcmd_proc.o(.text) refers to tvc_uart.o(.data) for TVC_UART_ProtoFlag
    comcmd_proc.o(.text) refers to ir_uart.o(.data) for IR_Lense_Angle_Data
    comcmd_proc.o(.text) refers to camera_lense.o(.text) for CameraLense_Ctrl
    delay.o(.text) refers to delay.o(.data) for fac_us
    eeprom_i2c.o(.text) refers to stm32f10x_i2c.o(.text) for I2C_Cmd
    eeprom_i2c.o(.text) refers to stm32f10x_rcc.o(.text) for RCC_APB1PeriphClockCmd
    eeprom_i2c.o(.text) refers to stm32f10x_gpio.o(.text) for GPIO_Init
    eeprom_i2c.o(.text) refers to misc.o(.text) for NVIC_Init
    eeprom_i2c.o(.text) refers to stm32f10x_dma.o(.text) for DMA_Cmd
    eeprom_i2c.o(.text) refers to eeprom_i2c.o(.data) for GPIO_InitStructure
    eeprom_i2c.o(.text) refers to eeprom_i2c.o(.bss) for EEPROM_DMA_InitStructure
    ir_uart.o(.text) refers to stm32f10x_rcc.o(.text) for RCC_APB2PeriphClockCmd
    ir_uart.o(.text) refers to stm32f10x_gpio.o(.text) for GPIO_Init
    ir_uart.o(.text) refers to stm32f10x_usart.o(.text) for USART_Init
    ir_uart.o(.text) refers to misc.o(.text) for NVIC_PriorityGroupConfig
    ir_uart.o(.text) refers to delay.o(.text) for delay
    ir_uart.o(.text) refers to ir_uart.o(.bss) for IR_UART_RxBuf
    ir_uart.o(.text) refers to ir_uart.o(.data) for rec_cnt
    ir_uart.o(.text) refers to lensdriver.o(.data) for LENS
    ir_uart.o(.text) refers to tvc_uart.o(.text) for TVC_UART_SendData
    ir_uart.o(.text) refers to ir_uart.o(.constdata) for .constdata
    main.o(.text) refers to syscfg.o(.text) for SysInit
    main.o(.text) refers to comcmd_proc.o(.text) for ComCmd_Proc
    main.o(.text) refers to pt_uart.o(.text) for PT_CallPreset_WithSpeedSet
    main.o(.text) refers to camera_lense.o(.text) for IrLocPos
    main.o(.text) refers to curise.o(.text) for CuriseFun
    main.o(.text) refers to linescan.o(.text) for LineScanFun
    main.o(.text) refers to applescan.o(.text) for AppleScanFun
    main.o(.text) refers to watchhome.o(.text) for WatchHomeFun
    main.o(.text) refers to stm32f10x_iwdg.o(.text) for IWDG_ReloadCounter
    main.o(.text) refers to comcmd_proc.o(.bss) for PTStruct
[...]
    PT_SetPanAngle                           0x080051a5   Thumb Code   120  pt_uart.o(.text)
    PT_SetTiltAngle                          0x0800521d   Thumb Code   120  pt_uart.o(.text)
    PT_CallPreset_WithSpeedSet               0x08005295   Thumb Code   690  pt_uart.o(.text)
    PtSetHorAngle                            0x08005547   Thumb Code    64  pt_uart.o(.text)
    PtSetVerAngle                            0x08005587   Thumb Code    64  pt_uart.o(.text)
    PtSetHorZero                             0x080055c7   Thumb Code    10  pt_uart.o(.text)
    PtSetVerZero                             0x080055d1   Thumb Code    10  pt_uart.o(.text)
    PtDefaultHorZero                         0x080055db   Thumb Code    10  pt_uart.o(.text)
    PtDefaultVerZero                         0x080055e5   Thumb Code    10  pt_uart.o(.text)
    PtRestart                                0x080055ef   Thumb Code    10  pt_uart.o(.text)
    PtUp                                     0x080055f9   Thumb Code    40  pt_uart.o(.text)
    PtDown                                   0x08005621   Thumb Code    40  pt_uart.o(.text)
    PtLeft                                   0x08005649   Thumb Code    40  pt_uart.o(.text)
    PtRight                                  0x08005671   Thumb Code    40  pt_uart.o(.text)
    PtLeftUp                                 0x08005699   Thumb Code    46  pt_uart.o(.text)
    PtLeftDown                               0x080056c7   Thumb Code    46  pt_uart.o(.text)
    PtRightUp                                0x080056f5   Thumb Code    46  pt_uart.o(.text)
    PtRightDown                              0x08005723   Thumb Code    46  pt_uart.o(.text)
    PtStop                                   0x08005751   Thumb Code    34  pt_uart.o(.text)
    time2_init                               0x080057dd   Thumb Code   104  timer.o(.text)
    TIM2_IRQHandler                          0x08005845   Thumb Code    42  timer.o(.text)
    time3_init                               0x0800586f   Thumb Code   102  timer.o(.text)
    TIM3_IRQHandler                          0x080058d5   Thumb Code    66  timer.o(.text)
    time4_init                               0x08005917   Thumb Code   100  timer.o(.text)
    TIM4_IRQHandler                          0x0800597b   Thumb Code    34  timer.o(.text)
    TIM5_NVIC_Configuration                  0x0800599d   Thumb Code    40  timer.o(.text)
    TIM5_Configuration                       0x080059c5   Thumb Code    84  timer.o(.text)
    TIM5_IRQHandler                          0x08005a19   Thumb Code    54  timer.o(.text)
    TTL_UART_Init                            0x08005b2d   Thumb Code    24  ttl_uart.o(.text)
    UART4_IRQHandler                         0x08005b45   Thumb Code   180  ttl_uart.o(.text)
    TTL_UART_SendData                        0x08005bf9   Thumb Code    94  ttl_uart.o(.text)
    Get_Camera_Zoom_Position                 0x08005c57   Thumb Code   110  ttl_uart.o(.text)
    Set_Camera_Zoom_Position                 0x08005cc5   Thumb Code   110  ttl_uart.o(.text)
    Set_Camera_Black                         0x08005d33   Thumb Code    64  ttl_uart.o(.text)
    Set_Camera_Fog_Off                       0x08005d73   Thumb Code    64  ttl_uart.o(.text)
    Set_Camera_Fog_ON                        0x08005db3   Thumb Code    64  ttl_uart.o(.text)
    Camera_ZoomWide                          0x08005df3   Thumb Code    64  ttl_uart.o(.text)
    Camera_ZoomTele                          0x08005e33   Thumb Code    64  ttl_uart.o(.text)
    Camera_Zoom_stop                         0x08005e73   Thumb Code   106  ttl_uart.o(.text)
    Camera_FocusFar                          0x08005edd   Thumb Code    64  ttl_uart.o(.text)
    Camera_FocusNear                         0x08005f1d   Thumb Code    64  ttl_uart.o(.text)
    Camera_Focus_stop                        0x08005f5d   Thumb Code    64  ttl_uart.o(.text)
    Set_Camera_Black_To_Laser_Board          0x08005f9d   Thumb Code    72  ttl_uart.o(.text)
    Set_Camera_Black_To_Laser_Colour         0x08005fe5   Thumb Code    72  ttl_uart.o(.text)
    CameraColor                              0x0800602d   Thumb Code    64  ttl_uart.o(.text)
    CameraBlack                              0x0800606d   Thumb Code    64  ttl_uart.o(.text)
    CamLocAd                                 0x080060ad   Thumb Code    98  ttl_uart.o(.text)
    RCC_TVC_UART_Configuration               0x08006115   Thumb Code    20  tvc_uart.o(.text)
    GPIO_TVC_UART_Configuration              0x08006129   Thumb Code    54  tvc_uart.o(.text)
    UART_TVC_UART_Configuration              0x0800615f   Thumb Code    70  tvc_uart.o(.text)
    NVIC_TVC_UART_Configuration              0x080061a5   Thumb Code    40  tvc_uart.o(.text)
    TVC_UART_Init                            0x080061cd   Thumb Code    24  tvc_uart.o(.text)
    USART1_IRQHandler                        0x080061e5   Thumb Code   112  tvc_uart.o(.text)
    TVC_UART_SendData                        0x08006255   Thumb Code   100  tvc_uart.o(.text)
    VC_UART_Init                             0x08006385   Thumb Code    24  vc_uart.o(.text)
    USART3_IRQHandler                        0x0800639d   Thumb Code   112  vc_uart.o(.text)
    CamReadAutoFocus                         0x0800640d   Thumb Code    60  vc_uart.o(.text)
    VC_UART_SendData                         0x08006449   Thumb Code   100  vc_uart.o(.text)
    CamAutoFocusClose                        0x080064ad   Thumb Code    80  vc_uart.o(.text)
    CamAutoFocusOpen                         0x080064fd   Thumb Code    80  vc_uart.o(.text)
    CamAutoFocusCloseNoSave                  0x0800654d   Thumb Code    54  vc_uart.o(.text)
    CamAutoFocusOpenNoSave                   0x08006583   Thumb Code    54  vc_uart.o(.text)
    CamAutoFocusOnce                         0x080065b9   Thumb Code    54  vc_uart.o(.text)
    NVIC_PriorityGroupConfig                 0x08006609   Thumb Code    10  misc.o(.text)
    NVIC_Init                                0x08006613   Thumb Code   100  misc.o(.text)
    NVIC_SetVectorTable                      0x08006677   Thumb Code    14  misc.o(.text)
    NVIC_SystemLPConfig                      0x08006685   Thumb Code    34  misc.o(.text)
    SysTick_CLKSourceConfig                  0x080066a7   Thumb Code    40  misc.o(.text)
    ADC_DeInit                               0x080066e5   Thumb Code    78  stm32f10x_adc.o(.text)
    ADC_Init                                 0x08006733   Thumb Code    70  stm32f10x_adc.o(.text)
    ADC_StructInit                           0x08006779   Thumb Code    18  stm32f10x_adc.o(.text)
    ADC_Cmd                                  0x0800678b   Thumb Code    22  stm32f10x_adc.o(.text)
    ADC_DMACmd                               0x080067a1   Thumb Code    22  stm32f10x_adc.o(.text)
    ADC_ITConfig                             0x080067b7   Thumb Code    24  stm32f10x_adc.o(.text)
    ADC_ResetCalibration                     0x080067cf   Thumb Code    10  stm32f10x_adc.o(.text)
    ADC_GetResetCalibrationStatus            0x080067d9   Thumb Code    20  stm32f10x_adc.o(.text)
    ADC_StartCalibration                     0x080067ed   Thumb Code    10  stm32f10x_adc.o(.text)
    ADC_GetCalibrationStatus                 0x080067f7   Thumb Code    20  stm32f10x_adc.o(.text)
    ADC_SoftwareStartConvCmd                 0x0800680b   Thumb Code    22  stm32f10x_adc.o(.text)
    ADC_GetSoftwareStartConvStatus           0x08006821   Thumb Code    20  stm32f10x_adc.o(.text)
    ADC_DiscModeChannelCountConfig           0x08006835   Thumb Code    24  stm32f10x_adc.o(.text)
    ADC_DiscModeCmd                          0x0800684d   Thumb Code    22  stm32f10x_adc.o(.text)
    ADC_RegularChannelConfig                 0x08006863   Thumb Code   184  stm32f10x_adc.o(.text)
    ADC_ExternalTrigConvCmd                  0x0800691b   Thumb Code    22  stm32f10x_adc.o(.text)
    ADC_GetConversionValue                   0x08006931   Thumb Code     8  stm32f10x_adc.o(.text)
    ADC_GetDualModeConversionValue           0x08006939   Thumb Code     8  stm32f10x_adc.o(.text)
    ADC_AutoInjectedConvCmd                  0x08006941   Thumb Code    22  stm32f10x_adc.o(.text)
    ADC_InjectedDiscModeCmd                  0x08006957   Thumb Code    22  stm32f10x_adc.o(.text)
    ADC_ExternalTrigInjectedConvConfig       0x0800696d   Thumb Code    16  stm32f10x_adc.o(.text)
    ADC_ExternalTrigInjectedConvCmd          0x0800697d   Thumb Code    22  stm32f10x_adc.o(.text)
    ADC_SoftwareStartInjectedConvCmd         0x08006993   Thumb Code    22  stm32f10x_adc.o(.text)
    ADC_GetSoftwareStartInjectedConvCmdStatus 0x080069a9   Thumb Code    20  stm32f10x_adc.o(.text)
    ADC_InjectedChannelConfig                0x080069bd   Thumb Code   130  stm32f10x_adc.o(.text)
    ADC_InjectedSequencerLengthConfig        0x08006a3f   Thumb Code    24  stm32f10x_adc.o(.text)
    ADC_SetInjectedOffset                    0x08006a57   Thumb Code    20  stm32f10x_adc.o(.text)
    ADC_GetInjectedConversionValue           0x08006a6b   Thumb Code    28  stm32f10x_adc.o(.text)
    ADC_AnalogWatchdogCmd                    0x08006a87   Thumb Code    16  stm32f10x_adc.o(.text)
    ADC_AnalogWatchdogThresholdsConfig       0x08006a97   Thumb Code     6  stm32f10x_adc.o(.text)
    ADC_AnalogWatchdogSingleChannelConfig    0x08006a9d   Thumb Code    16  stm32f10x_adc.o(.text)
    ADC_TempSensorVrefintCmd                 0x08006aad   Thumb Code    64  stm32f10x_adc.o(.text)
    ADC_GetFlagStatus                        0x08006aed   Thumb Code    18  stm32f10x_adc.o(.text)
    ADC_ClearFlag                            0x08006aff   Thumb Code     6  stm32f10x_adc.o(.text)
    ADC_GetITStatus                          0x08006b05   Thumb Code    36  stm32f10x_adc.o(.text)
    ADC_ClearITPendingBit                    0x08006b29   Thumb Code    10  stm32f10x_adc.o(.text)
    DMA_DeInit                               0x08006b35   Thumb Code   324  stm32f10x_dma.o(.text)
    DMA_Init                                 0x08006c79   Thumb Code    60  stm32f10x_dma.o(.text)
    DMA_StructInit                           0x08006cb5   Thumb Code    26  stm32f10x_dma.o(.text)
    DMA_Cmd                                  0x08006ccf   Thumb Code    24  stm32f10x_dma.o(.text)
    DMA_ITConfig                             0x08006ce7   Thumb Code    18  stm32f10x_dma.o(.text)
    DMA_SetCurrDataCounter                   0x08006cf9   Thumb Code     4  stm32f10x_dma.o(.text)
    DMA_GetCurrDataCounter                   0x08006cfd   Thumb Code     8  stm32f10x_dma.o(.text)
    DMA_GetFlagStatus                        0x08006d05   Thumb Code    40  stm32f10x_dma.o(.text)
    DMA_ClearFlag                            0x08006d2d   Thumb Code    22  stm32f10x_dma.o(.text)
    DMA_GetITStatus                          0x08006d43   Thumb Code    40  stm32f10x_dma.o(.text)
    DMA_ClearITPendingBit                    0x08006d6b   Thumb Code    22  stm32f10x_dma.o(.text)
    GPIO_DeInit                              0x08006d89   Thumb Code   172  stm32f10x_gpio.o(.text)
    GPIO_AFIODeInit                          0x08006e35   Thumb Code    20  stm32f10x_gpio.o(.text)
    GPIO_Init                                0x08006e49   Thumb Code   278  stm32f10x_gpio.o(.text)
    GPIO_StructInit                          0x08006f5f   Thumb Code    16  stm32f10x_gpio.o(.text)
    GPIO_ReadInputDataBit                    0x08006f6f   Thumb Code    18  stm32f10x_gpio.o(.text)
    GPIO_ReadInputData                       0x08006f81   Thumb Code     8  stm32f10x_gpio.o(.text)
    GPIO_ReadOutputDataBit                   0x08006f89   Thumb Code    18  stm32f10x_gpio.o(.text)
    GPIO_ReadOutputData                      0x08006f9b   Thumb Code     8  stm32f10x_gpio.o(.text)
    GPIO_SetBits                             0x08006fa3   Thumb Code     4  stm32f10x_gpio.o(.text)
    GPIO_ResetBits                           0x08006fa7   Thumb Code     4  stm32f10x_gpio.o(.text)
    GPIO_WriteBit                            0x08006fab   Thumb Code    10  stm32f10x_gpio.o(.text)
    GPIO_Write                               0x08006fb5   Thumb Code     4  stm32f10x_gpio.o(.text)
    GPIO_PinLockConfig                       0x08006fb9   Thumb Code    18  stm32f10x_gpio.o(.text)
    GPIO_EventOutputConfig                   0x08006fcb   Thumb Code    26  stm32f10x_gpio.o(.text)
    GPIO_EventOutputCmd                      0x08006fe5   Thumb Code     6  stm32f10x_gpio.o(.text)
    GPIO_PinRemapConfig                      0x08006feb   Thumb Code   138  stm32f10x_gpio.o(.text)
    GPIO_EXTILineConfig                      0x08007075   Thumb Code    66  stm32f10x_gpio.o(.text)
    GPIO_ETH_MediaInterfaceConfig            0x080070b7   Thumb Code     8  stm32f10x_gpio.o(.text)
    I2C_DeInit                               0x080070e5   Thumb Code    50  stm32f10x_i2c.o(.text)
    I2C_Init                                 0x08007117   Thumb Code   222  stm32f10x_i2c.o(.text)
    I2C_StructInit                           0x080071f5   Thumb Code    30  stm32f10x_i2c.o(.text)
    I2C_Cmd                                  0x08007213   Thumb Code    24  stm32f10x_i2c.o(.text)
    I2C_DMACmd                               0x0800722b   Thumb Code    24  stm32f10x_i2c.o(.text)
    I2C_DMALastTransferCmd                   0x08007243   Thumb Code    24  stm32f10x_i2c.o(.text)
    I2C_GenerateSTART                        0x0800725b   Thumb Code    24  stm32f10x_i2c.o(.text)
    I2C_GenerateSTOP                         0x08007273   Thumb Code    24  stm32f10x_i2c.o(.text)
    I2C_AcknowledgeConfig                    0x0800728b   Thumb Code    24  stm32f10x_i2c.o(.text)
    I2C_OwnAddress2Config                    0x080072a3   Thumb Code    22  stm32f10x_i2c.o(.text)
    I2C_DualAddressCmd                       0x080072b9   Thumb Code    24  stm32f10x_i2c.o(.text)
    I2C_GeneralCallCmd                       0x080072d1   Thumb Code    24  stm32f10x_i2c.o(.text)
    I2C_ITConfig                             0x080072e9   Thumb Code    18  stm32f10x_i2c.o(.text)
    I2C_SendData                             0x080072fb   Thumb Code     4  stm32f10x_i2c.o(.text)
    I2C_ReceiveData                          0x080072ff   Thumb Code     8  stm32f10x_i2c.o(.text)
    I2C_Send7bitAddress                      0x08007307   Thumb Code    18  stm32f10x_i2c.o(.text)
    I2C_ReadRegister                         0x08007319   Thumb Code    22  stm32f10x_i2c.o(.text)
    I2C_SoftwareResetCmd                     0x0800732f   Thumb Code    22  stm32f10x_i2c.o(.text)
    I2C_NACKPositionConfig                   0x08007345   Thumb Code    28  stm32f10x_i2c.o(.text)
    I2C_SMBusAlertConfig                     0x08007361   Thumb Code    28  stm32f10x_i2c.o(.text)
    I2C_TransmitPEC                          0x0800737d   Thumb Code    24  stm32f10x_i2c.o(.text)
    I2C_PECPositionConfig                    0x08007395   Thumb Code    28  stm32f10x_i2c.o(.text)
    I2C_CalculatePEC                         0x080073b1   Thumb Code    24  stm32f10x_i2c.o(.text)
    I2C_GetPEC                               0x080073c9   Thumb Code     8  stm32f10x_i2c.o(.text)
    I2C_ARPCmd                               0x080073d1   Thumb Code    24  stm32f10x_i2c.o(.text)
    I2C_StretchClockCmd                      0x080073e9   Thumb Code    24  stm32f10x_i2c.o(.text)
    I2C_FastModeDutyCycleConfig              0x08007401   Thumb Code    28  stm32f10x_i2c.o(.text)
    I2C_CheckEvent                           0x0800741d   Thumb Code    42  stm32f10x_i2c.o(.text)
    I2C_GetLastEvent                         0x08007447   Thumb Code    26  stm32f10x_i2c.o(.text)
    I2C_GetFlagStatus                        0x08007461   Thumb Code    58  stm32f10x_i2c.o(.text)
    I2C_ClearFlag                            0x0800749b   Thumb Code    12  stm32f10x_i2c.o(.text)
    I2C_GetITStatus                          0x080074a7   Thumb Code    54  stm32f10x_i2c.o(.text)
    I2C_ClearITPendingBit                    0x080074dd   Thumb Code    12  stm32f10x_i2c.o(.text)
    IWDG_WriteAccessCmd                      0x080074e9   Thumb Code     6  stm32f10x_iwdg.o(.text)
    IWDG_SetPrescaler                        0x080074ef   Thumb Code     6  stm32f10x_iwdg.o(.text)
    IWDG_SetReload                           0x080074f5   Thumb Code     6  stm32f10x_iwdg.o(.text)
    IWDG_ReloadCounter                       0x080074fb   Thumb Code    10  stm32f10x_iwdg.o(.text)
    IWDG_Enable                              0x08007505   Thumb Code    10  stm32f10x_iwdg.o(.text)
    IWDG_GetFlagStatus                       0x0800750f   Thumb Code    20  stm32f10x_iwdg.o(.text)
    RCC_DeInit                               0x08007529   Thumb Code    64  stm32f10x_rcc.o(.text)
    RCC_HSEConfig                            0x08007569   Thumb Code    70  stm32f10x_rcc.o(.text)
    RCC_GetFlagStatus                        0x080075af   Thumb Code    56  stm32f10x_rcc.o(.text)
    RCC_WaitForHSEStartUp                    0x080075e7   Thumb Code    56  stm32f10x_rcc.o(.text)
    RCC_AdjustHSICalibrationValue            0x0800761f   Thumb Code    20  stm32f10x_rcc.o(.text)
    RCC_HSICmd                               0x08007633   Thumb Code     6  stm32f10x_rcc.o(.text)
    RCC_PLLConfig                            0x08007639   Thumb Code    24  stm32f10x_rcc.o(.text)
    RCC_PLLCmd                               0x08007651   Thumb Code     6  stm32f10x_rcc.o(.text)
    RCC_SYSCLKConfig                         0x08007657   Thumb Code    18  stm32f10x_rcc.o(.text)
    RCC_GetSYSCLKSource                      0x08007669   Thumb Code    10  stm32f10x_rcc.o(.text)
    RCC_HCLKConfig                           0x08007673   Thumb Code    18  stm32f10x_rcc.o(.text)
    RCC_PCLK1Config                          0x08007685   Thumb Code    18  stm32f10x_rcc.o(.text)
    RCC_PCLK2Config                          0x08007697   Thumb Code    20  stm32f10x_rcc.o(.text)
    RCC_ITConfig                             0x080076ab   Thumb Code    26  stm32f10x_rcc.o(.text)
    RCC_USBCLKConfig                         0x080076c5   Thumb Code     8  stm32f10x_rcc.o(.text)
    RCC_ADCCLKConfig                         0x080076cd   Thumb Code    18  stm32f10x_rcc.o(.text)
    RCC_LSEConfig                            0x080076df   Thumb Code    50  stm32f10x_rcc.o(.text)
    RCC_LSICmd                               0x08007711   Thumb Code     6  stm32f10x_rcc.o(.text)
    RCC_RTCCLKConfig                         0x08007717   Thumb Code    12  stm32f10x_rcc.o(.text)
    RCC_RTCCLKCmd                            0x08007723   Thumb Code     8  stm32f10x_rcc.o(.text)
    RCC_GetClocksFreq                        0x0800772b   Thumb Code   192  stm32f10x_rcc.o(.text)
    RCC_AHBPeriphClockCmd                    0x080077eb   Thumb Code    26  stm32f10x_rcc.o(.text)
    RCC_APB2PeriphClockCmd                   0x08007805   Thumb Code    26  stm32f10x_rcc.o(.text)
    RCC_APB1PeriphClockCmd                   0x0800781f   Thumb Code    26  stm32f10x_rcc.o(.text)
    RCC_APB2PeriphResetCmd                   0x08007839   Thumb Code    26  stm32f10x_rcc.o(.text)
    RCC_APB1PeriphResetCmd                   0x08007853   Thumb Code    26  stm32f10x_rcc.o(.text)
    RCC_BackupResetCmd                       0x0800786d   Thumb Code     8  stm32f10x_rcc.o(.text)
    RCC_ClockSecuritySystemCmd               0x08007875   Thumb Code     6  stm32f10x_rcc.o(.text)
    RCC_MCOConfig                            0x0800787b   Thumb Code     6  stm32f10x_rcc.o(.text)
    RCC_ClearFlag                            0x08007881   Thumb Code    14  stm32f10x_rcc.o(.text)
    RCC_GetITStatus                          0x0800788f   Thumb Code    20  stm32f10x_rcc.o(.text)
    RCC_ClearITPendingBit                    0x080078a3   Thumb Code     6  stm32f10x_rcc.o(.text)
    TIM_DeInit                               0x080078cd   Thumb Code   424  stm32f10x_tim.o(.text)
    TIM_TimeBaseInit                         0x08007a75   Thumb Code   122  stm32f10x_tim.o(.text)
    TIM_OC1Init                              0x08007aef   Thumb Code   132  stm32f10x_tim.o(.text)
    TIM_OC2Init                              0x08007b73   Thumb Code   154  stm32f10x_tim.o(.text)
    TIM_OC3Init                              0x08007c0d   Thumb Code   150  stm32f10x_tim.o(.text)
    TIM_OC4Init                              0x08007ca3   Thumb Code   182  stm32f10x_tim.o(.text)
    TIM_SetIC4Prescaler                      0x08007d59   Thumb Code    26  stm32f10x_tim.o(.text)
    TIM_SetIC3Prescaler                      0x08007df5   Thumb Code    18  stm32f10x_tim.o(.text)
    TIM_SetIC2Prescaler                      0x08007e81   Thumb Code    26  stm32f10x_tim.o(.text)
    TIM_SetIC1Prescaler                      0x08007f1d   Thumb Code    18  stm32f10x_tim.o(.text)
    TIM_ICInit                               0x08007f9b   Thumb Code   150  stm32f10x_tim.o(.text)
    TIM_PWMIConfig                           0x08008031   Thumb Code   124  stm32f10x_tim.o(.text)
    TIM_BDTRConfig                           0x080080ad   Thumb Code    32  stm32f10x_tim.o(.text)
    TIM_TimeBaseStructInit                   0x080080cd   Thumb Code    18  stm32f10x_tim.o(.text)
    TIM_OCStructInit                         0x080080df   Thumb Code    20  stm32f10x_tim.o(.text)
    TIM_ICStructInit                         0x080080f3   Thumb Code    18  stm32f10x_tim.o(.text)
    TIM_BDTRStructInit                       0x08008105   Thumb Code    40  stm32f10x_tim.o(.text)
    TIM_Cmd                                  0x0800812d   Thumb Code    24  stm32f10x_tim.o(.text)
    TIM_CtrlPWMOutputs                       0x08008145   Thumb Code    30  stm32f10x_tim.o(.text)
    TIM_ITConfig                             0x08008163   Thumb Code    18  stm32f10x_tim.o(.text)
    TIM_GenerateEvent                        0x08008175   Thumb Code     4  stm32f10x_tim.o(.text)
    TIM_DMAConfig                            0x08008179   Thumb Code    10  stm32f10x_tim.o(.text)
    TIM_DMACmd                               0x08008183   Thumb Code    18  stm32f10x_tim.o(.text)
    TIM_InternalClockConfig                  0x08008195   Thumb Code    12  stm32f10x_tim.o(.text)
    TIM_SelectInputTrigger                   0x080081a1   Thumb Code    18  stm32f10x_tim.o(.text)
    TIM_ITRxExternalClockConfig              0x080081b3   Thumb Code    24  stm32f10x_tim.o(.text)
    TIM_TIxExternalClockConfig               0x080081cb   Thumb Code    62  stm32f10x_tim.o(.text)
    TIM_ETRConfig                            0x08008209   Thumb Code    28  stm32f10x_tim.o(.text)
    TIM_ETRClockMode1Config                  0x08008225   Thumb Code    54  stm32f10x_tim.o(.text)
    TIM_ETRClockMode2Config                  0x0800825b   Thumb Code    32  stm32f10x_tim.o(.text)
    TIM_PrescalerConfig                      0x0800827b   Thumb Code     6  stm32f10x_tim.o(.text)
    TIM_CounterModeConfig                    0x08008281   Thumb Code    18  stm32f10x_tim.o(.text)
    TIM_EncoderInterfaceConfig               0x08008293   Thumb Code    66  stm32f10x_tim.o(.text)
    TIM_ForcedOC1Config                      0x080082d5   Thumb Code    18  stm32f10x_tim.o(.text)
    TIM_ForcedOC2Config                      0x080082e7   Thumb Code    26  stm32f10x_tim.o(.text)
    TIM_ForcedOC3Config                      0x08008301   Thumb Code    18  stm32f10x_tim.o(.text)
    TIM_ForcedOC4Config                      0x08008313   Thumb Code    26  stm32f10x_tim.o(.text)
    TIM_ARRPreloadConfig                     0x0800832d   Thumb Code    24  stm32f10x_tim.o(.text)
    TIM_SelectCOM                            0x08008345   Thumb Code    24  stm32f10x_tim.o(.text)
    TIM_SelectCCDMA                          0x0800835d   Thumb Code    24  stm32f10x_tim.o(.text)
    TIM_CCPreloadControl                     0x08008375   Thumb Code    24  stm32f10x_tim.o(.text)
    TIM_OC1PreloadConfig                     0x0800838d   Thumb Code    18  stm32f10x_tim.o(.text)
    TIM_OC2PreloadConfig                     0x0800839f   Thumb Code    26  stm32f10x_tim.o(.text)
    TIM_OC3PreloadConfig                     0x080083b9   Thumb Code    18  stm32f10x_tim.o(.text)
    TIM_OC4PreloadConfig                     0x080083cb   Thumb Code    26  stm32f10x_tim.o(.text)
    TIM_OC1FastConfig                        0x080083e5   Thumb Code    18  stm32f10x_tim.o(.text)
    TIM_OC2FastConfig                        0x080083f7   Thumb Code    26  stm32f10x_tim.o(.text)
    TIM_OC3FastConfig                        0x08008411   Thumb Code    18  stm32f10x_tim.o(.text)
    TIM_OC4FastConfig                        0x08008423   Thumb Code    26  stm32f10x_tim.o(.text)
    TIM_ClearOC1Ref                          0x0800843d   Thumb Code    18  stm32f10x_tim.o(.text)
    TIM_ClearOC2Ref                          0x0800844f   Thumb Code    24  stm32f10x_tim.o(.text)
    TIM_ClearOC3Ref                          0x08008467   Thumb Code    18  stm32f10x_tim.o(.text)
    TIM_ClearOC4Ref                          0x08008479   Thumb Code    24  stm32f10x_tim.o(.text)
    TIM_OC1PolarityConfig                    0x08008491   Thumb Code    18  stm32f10x_tim.o(.text)
    TIM_OC1NPolarityConfig                   0x080084a3   Thumb Code    18  stm32f10x_tim.o(.text)
    TIM_OC2PolarityConfig                    0x080084b5   Thumb Code    26  stm32f10x_tim.o(.text)
    TIM_OC2NPolarityConfig                   0x080084cf   Thumb Code    26  stm32f10x_tim.o(.text)
    TIM_OC3PolarityConfig                    0x080084e9   Thumb Code    26  stm32f10x_tim.o(.text)
    TIM_OC3NPolarityConfig                   0x08008503   Thumb Code    26  stm32f10x_tim.o(.text)
    TIM_OC4PolarityConfig                    0x0800851d   Thumb Code    26  stm32f10x_tim.o(.text)
    TIM_CCxCmd                               0x08008537   Thumb Code    30  stm32f10x_tim.o(.text)
    TIM_CCxNCmd                              0x08008555   Thumb Code    30  stm32f10x_tim.o(.text)
    TIM_SelectOCxM                           0x08008573   Thumb Code    82  stm32f10x_tim.o(.text)
    TIM_UpdateDisableConfig                  0x080085c5   Thumb Code    24  stm32f10x_tim.o(.text)
    TIM_UpdateRequestConfig                  0x080085dd   Thumb Code    24  stm32f10x_tim.o(.text)
    TIM_SelectHallSensor                     0x080085f5   Thumb Code    24  stm32f10x_tim.o(.text)
    TIM_SelectOnePulseMode                   0x0800860d   Thumb Code    18  stm32f10x_tim.o(.text)
    TIM_SelectOutputTrigger                  0x0800861f   Thumb Code    18  stm32f10x_tim.o(.text)
    TIM_SelectSlaveMode                      0x08008631   Thumb Code    18  stm32f10x_tim.o(.text)
    TIM_SelectMasterSlaveMode                0x08008643   Thumb Code    18  stm32f10x_tim.o(.text)
    TIM_SetCounter                           0x08008655   Thumb Code     4  stm32f10x_tim.o(.text)
    TIM_SetAutoreload                        0x08008659   Thumb Code     4  stm32f10x_tim.o(.text)
    TIM_SetCompare1                          0x0800865d   Thumb Code     4  stm32f10x_tim.o(.text)
    TIM_SetCompare2                          0x08008661   Thumb Code     4  stm32f10x_tim.o(.text)
    TIM_SetCompare3                          0x08008665   Thumb Code     4  stm32f10x_tim.o(.text)
    TIM_SetCompare4                          0x08008669   Thumb Code     6  stm32f10x_tim.o(.text)
    TIM_SetClockDivision                     0x0800866f   Thumb Code    18  stm32f10x_tim.o(.text)
    TIM_GetCapture1                          0x08008681   Thumb Code     6  stm32f10x_tim.o(.text)
    TIM_GetCapture2                          0x08008687   Thumb Code     6  stm32f10x_tim.o(.text)
    TIM_GetCapture3                          0x0800868d   Thumb Code     6  stm32f10x_tim.o(.text)
    TIM_GetCapture4                          0x08008693   Thumb Code     8  stm32f10x_tim.o(.text)
    TIM_GetCounter                           0x0800869b   Thumb Code     6  stm32f10x_tim.o(.text)
    TIM_GetPrescaler                         0x080086a1   Thumb Code     6  stm32f10x_tim.o(.text)
    TIM_GetFlagStatus                        0x080086a7   Thumb Code    18  stm32f10x_tim.o(.text)
    TIM_ClearFlag                            0x080086b9   Thumb Code     6  stm32f10x_tim.o(.text)
    TIM_GetITStatus                          0x080086bf   Thumb Code    34  stm32f10x_tim.o(.text)
    TIM_ClearITPendingBit                    0x080086e1   Thumb Code     6  stm32f10x_tim.o(.text)
    USART_DeInit                             0x080086e9   Thumb Code   134  stm32f10x_usart.o(.text)
    USART_Init                               0x0800876f   Thumb Code   210  stm32f10x_usart.o(.text)
    USART_StructInit                         0x08008841   Thumb Code    24  stm32f10x_usart.o(.text)
    USART_ClockInit                          0x08008859   Thumb Code    34  stm32f10x_usart.o(.text)
    USART_ClockStructInit                    0x0800887b   Thumb Code    12  stm32f10x_usart.o(.text)
    USART_Cmd                                0x08008887   Thumb Code    24  stm32f10x_usart.o(.text)
    USART_ITConfig                           0x0800889f   Thumb Code    74  stm32f10x_usart.o(.text)
    USART_DMACmd                             0x080088e9   Thumb Code    18  stm32f10x_usart.o(.text)
    USART_SetAddress                         0x080088fb   Thumb Code    18  stm32f10x_usart.o(.text)
    USART_WakeUpConfig                       0x0800890d   Thumb Code    18  stm32f10x_usart.o(.text)
    USART_ReceiverWakeUpCmd                  0x0800891f   Thumb Code    24  stm32f10x_usart.o(.text)
    USART_LINBreakDetectLengthConfig         0x08008937   Thumb Code    18  stm32f10x_usart.o(.text)
    USART_LINCmd                             0x08008949   Thumb Code    24  stm32f10x_usart.o(.text)
    USART_SendData                           0x08008961   Thumb Code     8  stm32f10x_usart.o(.text)
    USART_ReceiveData                        0x08008969   Thumb Code    10  stm32f10x_usart.o(.text)
    USART_SendBreak                          0x08008973   Thumb Code    10  stm32f10x_usart.o(.text)
    USART_SetGuardTime                       0x0800897d   Thumb Code    16  stm32f10x_usart.o(.text)
    USART_SetPrescaler                       0x0800898d   Thumb Code    16  stm32f10x_usart.o(.text)
    USART_SmartCardCmd                       0x0800899d   Thumb Code    24  stm32f10x_usart.o(.text)
    USART_SmartCardNACKCmd                   0x080089b5   Thumb Code    24  stm32f10x_usart.o(.text)
    USART_HalfDuplexCmd                      0x080089cd   Thumb Code    24  stm32f10x_usart.o(.text)
    USART_OverSampling8Cmd                   0x080089e5   Thumb Code    22  stm32f10x_usart.o(.text)
    USART_OneBitMethodCmd                    0x080089fb   Thumb Code    24  stm32f10x_usart.o(.text)
    USART_IrDAConfig                         0x08008a13   Thumb Code    18  stm32f10x_usart.o(.text)
    USART_IrDACmd                            0x08008a25   Thumb Code    24  stm32f10x_usart.o(.text)
    USART_GetFlagStatus                      0x08008a3d   Thumb Code    26  stm32f10x_usart.o(.text)
    USART_ClearFlag                          0x08008a57   Thumb Code    18  stm32f10x_usart.o(.text)
    USART_GetITStatus                        0x08008a69   Thumb Code    84  stm32f10x_usart.o(.text)
    USART_ClearITPendingBit                  0x08008abd   Thumb Code    52  stm32f10x_usart.o(.text)
    NMI_Handler                              0x08008af1   Thumb Code     2  stm32f10x_it.o(.text)
    HardFault_Handler                        0x08008af3   Thumb Code     4  stm32f10x_it.o(.text)
    MemManage_Handler                        0x08008af7   Thumb Code     4  stm32f10x_it.o(.text)
    BusFault_Handler                         0x08008afb   Thumb Code     4  stm32f10x_it.o(.text)
    UsageFault_Handler                       0x08008aff   Thumb Code     4  stm32f10x_it.o(.text)
    SVC_Handler                              0x08008b03   Thumb Code     2  stm32f10x_it.o(.text)
    DebugMon_Handler                         0x08008b05   Thumb Code     2  stm32f10x_it.o(.text)
    PendSV_Handler                           0x08008b07   Thumb Code     2  stm32f10x_it.o(.text)
    SysTick_Handler                          0x08008b09   Thumb Code     2  stm32f10x_it.o(.text)
    SystemInit                               0x08008beb   Thumb Code    78  system_stm32f10x.o(.text)
    SystemCoreClockUpdate                    0x08008c39   Thumb Code   142  system_stm32f10x.o(.text)
    Reset_Handler                            0x08008ced   Thumb Code     8  startup_stm32f10x_hd.o(.text)
    ADC1_2_IRQHandler                        0x08008d07   Thumb Code     0  startup_stm32f10x_hd.o(.text)
    ADC3_IRQHandler                          0x08008d07   Thumb Code     0  startup_stm32f10x_hd.o(.text)
    CAN1_RX1_IRQHandler                      0x08008d07   Thumb Code     0  startup_stm32f10x_hd.o(.text)
    CAN1_SCE_IRQHandler                      0x08008d07   Thumb Code     0  startup_stm32f10x_hd.o(.text)
    DMA1_Channel1_IRQHandler                 0x08008d07   Thumb Code     0  startup_stm32f10x_hd.o(.text)
    DMA1_Channel2_IRQHandler                 0x08008d07   Thumb Code     0  startup_stm32f10x_hd.o(.text)
    DMA1_Channel3_IRQHandler                 0x08008d07   Thumb Code     0  startup_stm32f10x_hd.o(.text)
    DMA1_Channel4_IRQHandler                 0x08008d07   Thumb Code     0  startup_stm32f10x_hd.o(.text)
    DMA1_Channel5_IRQHandler                 0x08008d07   Thumb Code     0  startup_stm32f10x_hd.o(.text)
    DMA2_Channel1_IRQHandler                 0x08008d07   Thumb Code     0  startup_stm32f10x_hd.o(.text)
    DMA2_Channel2_IRQHandler                 0x08008d07   Thumb Code     0  startup_stm32f10x_hd.o(.text)
    DMA2_Channel3_IRQHandler                 0x08008d07   Thumb Code     0  startup_stm32f10x_hd.o(.text)
    DMA2_Channel4_5_IRQHandler               0x08008d07   Thumb Code     0  startup_stm32f10x_hd.o(.text)
    EXTI0_IRQHandler                         0x08008d07   Thumb Code     0  startup_stm32f10x_hd.o(.text)
    EXTI15_10_IRQHandler                     0x08008d07   Thumb Code     0  startup_stm32f10x_hd.o(.text)
    EXTI1_IRQHandler                         0x08008d07   Thumb Code     0  startup_stm32f10x_hd.o(.text)
    EXTI2_IRQHandler                         0x08008d07   Thumb Code     0  startup_stm32f10x_hd.o(.text)
    EXTI3_IRQHandler                         0x08008d07   Thumb Code     0  startup_stm32f10x_hd.o(.text)
    EXTI4_IRQHandler                         0x08008d07   Thumb Code     0  startup_stm32f10x_hd.o(.text)
    EXTI9_5_IRQHandler                       0x08008d07   Thumb Code     0  startup_stm32f10x_hd.o(.text)
    FLASH_IRQHandler                         0x08008d07   Thumb Code     0  startup_stm32f10x_hd.o(.text)
    FSMC_IRQHandler                          0x08008d07   Thumb Code     0  startup_stm32f10x_hd.o(.text)
    I2C1_ER_IRQHandler                       0x08008d07   Thumb Code     0  startup_stm32f10x_hd.o(.text)
    I2C1_EV_IRQHandler                       0x08008d07   Thumb Code     0  startup_stm32f10x_hd.o(.text)
    I2C2_ER_IRQHandler                       0x08008d07   Thumb Code     0  startup_stm32f10x_hd.o(.text)
    I2C2_EV_IRQHandler                       0x08008d07   Thumb Code     0  startup_stm32f10x_hd.o(.text)
    PVD_IRQHandler                           0x08008d07   Thumb Code     0  startup_stm32f10x_hd.o(.text)
    RCC_IRQHandler                           0x08008d07   Thumb Code     0  startup_stm32f10x_hd.o(.text)
    RTCAlarm_IRQHandler                      0x08008d07   Thumb Code     0  startup_stm32f10x_hd.o(.text)
    RTC_IRQHandler                           0x08008d07   Thumb Code     0  startup_stm32f10x_hd.o(.text)
    SDIO_IRQHandler                          0x08008d07   Thumb Code     0  startup_stm32f10x_hd.o(.text)
    SPI1_IRQHandler                          0x08008d07   Thumb Code     0  startup_stm32f10x_hd.o(.text)
    SPI2_IRQHandler                          0x08008d07   Thumb Code     0  startup_stm32f10x_hd.o(.text)
    SPI3_IRQHandler                          0x08008d07   Thumb Code     0  startup_stm32f10x_hd.o(.text)
    TAMPER_IRQHandler                        0x08008d07   Thumb Code     0  startup_stm32f10x_hd.o(.text)
    TIM1_BRK_IRQHandler                      0x08008d07   Thumb Code     0  startup_stm32f10x_hd.o(.text)
    TIM1_CC_IRQHandler                       0x08008d07   Thumb Code     0  startup_stm32f10x_hd.o(.text)
    TIM1_TRG_COM_IRQHandler                  0x08008d07   Thumb Code     0  startup_stm32f10x_hd.o(.text)
    TIM1_UP_IRQHandler                       0x08008d07   Thumb Code     0  startup_stm32f10x_hd.o(.text)
    TIM6_IRQHandler                          0x08008d07   Thumb Code     0  startup_stm32f10x_hd.o(.text)
    TIM7_IRQHandler                          0x08008d07   Thumb Code     0  startup_stm32f10x_hd.o(.text)
    TIM8_BRK_IRQHandler                      0x08008d07   Thumb Code     0  startup_stm32f10x_hd.o(.text)
    TIM8_CC_IRQHandler                       0x08008d07   Thumb Code     0  startup_stm32f10x_hd.o(.text)
    TIM8_TRG_COM_IRQHandler                  0x08008d07   Thumb Code     0  startup_stm32f10x_hd.o(.text)
    TIM8_UP_IRQHandler                       0x08008d07   Thumb Code     0  startup_stm32f10x_hd.o(.text)
    USBWakeUp_IRQHandler                     0x08008d07   Thumb Code     0  startup_stm32f10x_hd.o(.text)
    USB_HP_CAN1_TX_IRQHandler                0x08008d07   Thumb Code     0  startup_stm32f10x_hd.o(.text)
    USB_LP_CAN1_RX0_IRQHandler               0x08008d07   Thumb Code     0  startup_stm32f10x_hd.o(.text)
    WWDG_IRQHandler                          0x08008d07   Thumb Code     0  startup_stm32f10x_hd.o(.text)
    __user_initial_stackheap                 0x08008d09   Thumb Code     0  startup_stm32f10x_hd.o(.text)
    CamFarMove                               0x0800958f   Thumb Code    20  lensdriver.o(.text)
    CamNearMove                              0x080095a3   Thumb Code    20  lensdriver.o(.text)
    CamFocusStop                             0x080095b7   Thumb Code    20  lensdriver.o(.text)
    CamSetFocusSpeed                         0x080095f9   Thumb Code    44  lensdriver.o(.text)
    CamFocusPwmCnt                           0x08009625   Thumb Code   110  lensdriver.o(.text)
    SysParaDefaultInit                       0x08009745   Thumb Code    64  syscfg.o(.text)
    SysParaSave                              0x08009785   Thumb Code   162  syscfg.o(.text)
    SysParaRead                              0x08009827   Thumb Code   136  syscfg.o(.text)
    SysParaInit                              0x080098af   Thumb Code    44  syscfg.o(.text)
    SysStatusCheck                           0x080098db   Thumb Code    64  syscfg.o(.text)
    IWDG_Configuration                       0x0800991b   Thumb Code    34  syscfg.o(.text)
    CamLensColor                             0x0800993d   Thumb Code    14  syscfg.o(.text)
    CamLensBlack                             0x0800994b   Thumb Code    14  syscfg.o(.text)
    FogOn                                    0x08009959   Thumb Code    58  syscfg.o(.text)
    FogOff                                   0x08009993   Thumb Code    58  syscfg.o(.text)
    BrushOn                                  0x080099cd   Thumb Code    14  syscfg.o(.text)
    BrushOff                                 0x080099db   Thumb Code    14  syscfg.o(.text)
    GpioInit                                 0x080099e9   Thumb Code    94  syscfg.o(.text)
    SysInit                                  0x08009a47   Thumb Code   134  syscfg.o(.text)
    SysCheck                                 0x08009acd   Thumb Code    10  syscfg.o(.text)
    SysFunInit                               0x08009ad7   Thumb Code    24  syscfg.o(.text)
    save_preset                              0x08009e31   Thumb Code   206  preset.o(.text)
    clear_prest                              0x08009eff   Thumb Code    62  preset.o(.text)
    DelAllPreset                             0x08009f3d   Thumb Code    46  preset.o(.text)
    set_pan_preset                           0x08009f6b   Thumb Code   264  preset.o(.text)
    set_tilt_preset                          0x0800a073   Thumb Code   226  preset.o(.text)
    PtzZeroAngleCal_Call_H                   0x0800a155   Thumb Code    40  preset.o(.text)
    PtzZeroAngleCal_Call_V                   0x0800a17d   Thumb Code    84  preset.o(.text)
    LocAngle                                 0x0800a1d1   Thumb Code   128  preset.o(.text)
    call_preset                              0x0800a251   Thumb Code   346  preset.o(.text)
    CallPreset                               0x0800a3ab   Thumb Code   350  preset.o(.text)
    CallPtHorPreset                          0x0800a509   Thumb Code   106  preset.o(.text)
    CallPtAbsVerPos                          0x0800a573   Thumb Code    82  preset.o(.text)
    CallPtVerPos                             0x0800a5c5   Thumb Code    50  preset.o(.text)
    CallPresetsAnalysis                      0x0800a5f7   Thumb Code   550  preset.o(.text)
    SetPresetsAnalysis                       0x0800a81d   Thumb Code   512  preset.o(.text)
    SetComplexPresetsAnalysis                0x0800aa1d   Thumb Code   190  preset.o(.text)
    DeletePresetsAnalysis                    0x0800aadb   Thumb Code   270  preset.o(.text)
    CuriseGetDwellTime                       0x0800abfd   Thumb Code    18  curise.o(.text)
    CuriseSetDwellTime                       0x0800ac0f   Thumb Code    96  curise.o(.text)
    CuriseEnable                             0x0800ac6f   Thumb Code    18  curise.o(.text)
    CruiseInit                               0x0800ac81   Thumb Code    16  curise.o(.text)
    CuriseGetStatus                          0x0800ac91   Thumb Code     6  curise.o(.text)
    CuriseTimeCnt                            0x0800ac97   Thumb Code    54  curise.o(.text)
    CuriseFun                                0x0800accd   Thumb Code    66  curise.o(.text)
    LineScanFunInit                          0x0800ad19   Thumb Code    14  linescan.o(.text)
    LineScanGetStatus                        0x0800ad27   Thumb Code     6  linescan.o(.text)
    LineScanSetLeftPos                       0x0800ad2d   Thumb Code    10  linescan.o(.text)
    LineScanSetRightPos                      0x0800ad37   Thumb Code    10  linescan.o(.text)
    LineScanEnable                           0x0800ad41   Thumb Code    24  linescan.o(.text)
    LineScanTimeCnt                          0x0800ad59   Thumb Code    48  linescan.o(.text)
    LineScanFun                              0x0800ad89   Thumb Code    82  linescan.o(.text)
    AppleScanInit                            0x0800ade5   Thumb Code    26  applescan.o(.text)
    AppleScanSetStepAngle                    0x0800adff   Thumb Code    26  applescan.o(.text)
    AppleScanEnable                          0x0800ae19   Thumb Code   124  applescan.o(.text)
    AppleScanGetStatus                       0x0800ae95   Thumb Code     6  applescan.o(.text)
    AppleScanSetLeftDownPos                  0x0800ae9b   Thumb Code    10  applescan.o(.text)
    AppleScanSetRightUpPos                   0x0800aea5   Thumb Code    10  applescan.o(.text)
    AppleScanCheckUpBoard                    0x0800aeaf   Thumb Code   102  applescan.o(.text)
    AppleScanTimeCnt                         0x0800af15   Thumb Code    48  applescan.o(.text)
    AppleScanFun                             0x0800b05d   Thumb Code    78  applescan.o(.text)
    WatchHomeSetType                         0x0800b0bd   Thumb Code    22  watchhome.o(.text)
    WatchHomeInit                            0x0800b0d3   Thumb Code    18  watchhome.o(.text)
    WatchHomeTimeCnt                         0x0800b0e5   Thumb Code    70  watchhome.o(.text)
    WatchHomeFun                             0x0800b12b   Thumb Code    86  watchhome.o(.text)
    Join_Queque                              0x0800b189   Thumb Code   140  msgqueue.o(.text)
    Get_Queue                                0x0800b215   Thumb Code   782  msgqueue.o(.text)
    Loc3DCoorChange                          0x0800b6ad   Thumb Code   176  m_3d.o(.text)
    Loc3DCamAction                           0x0800b75d   Thumb Code  1396  m_3d.o(.text)
    Loc3DIrAction                            0x0800bcd1   Thumb Code  1084  m_3d.o(.text)
    Loc3DCalcHorErr                          0x0800c10d   Thumb Code    38  m_3d.o(.text)
    Loc3DCalcVerErr                          0x0800c133   Thumb Code    38  m_3d.o(.text)
    Loc3DSetBasicAngle                       0x0800c159   Thumb Code     8  m_3d.o(.text)
    Loc3DSetHorCorrDirect                    0x0800c161   Thumb Code    28  m_3d.o(.text)
    Loc3DSetVerCorrDirect                    0x0800c17d   Thumb Code    88  m_3d.o(.text)
    Loc3DCorrParaWrite                       0x0800c1d5   Thumb Code  1110  m_3d.o(.text)
    Loc3DCorrParaDefault                     0x0800c62b   Thumb Code    62  m_3d.o(.text)
    Loc3DCorrParaRead                        0x0800c669   Thumb Code   548  m_3d.o(.text)
    Loc3DGetHorBuf                           0x0800c88d   Thumb Code     6  m_3d.o(.text)
    Loc3DGetVerBuf                           0x0800c893   Thumb Code     6  m_3d.o(.text)
    Loc3DGetCamViewBuf                       0x0800c899   Thumb Code     6  m_3d.o(.text)
    Loc3DGetValidNum                         0x0800c89f   Thumb Code     6  m_3d.o(.text)
    Loc3DPrintf                              0x0800c8a5   Thumb Code    66  m_3d.o(.text)
    __aeabi_memclr4                          0x0800c8ed   Thumb Code     0  rt_memclr_w.o(.text)
    __aeabi_memclr8                          0x0800c8ed   Thumb Code     0  rt_memclr_w.o(.text)
    __rt_memclr_w                            0x0800c8ed   Thumb Code    78  rt_memclr_w.o(.text)
    _memset_w                                0x0800c8f1   Thumb Code     0  rt_memclr_w.o(.text)
    __use_two_region_memory                  0x0800c93b   Thumb Code     2  heapauxi.o(.text)
    __rt_heap_escrow$2region                 0x0800c93d   Thumb Code     2  heapauxi.o(.text)
    __rt_heap_expand$2region                 0x0800c93f   Thumb Code     2  heapauxi.o(.text)
    __read_errno                             0x0800c941   Thumb Code    10  _rserrno.o(.text)
    __set_errno                              0x0800c94b   Thumb Code    12  _rserrno.o(.text)
    __aeabi_errno_addr                       0x0800c959   Thumb Code     8  rt_errno_addr_intlibspace.o(.text)
    __errno$intlibspace                      0x0800c959   Thumb Code     0  rt_errno_addr_intlibspace.o(.text)
    __rt_errno_addr$intlibspace              0x0800c959   Thumb Code     0  rt_errno_addr_intlibspace.o(.text)
    __user_libspace                          0x0800c961   Thumb Code     8  libspace.o(.text)
    __user_perproc_libspace                  0x0800c961   Thumb Code     0  libspace.o(.text)
    __user_perthread_libspace                0x0800c961   Thumb Code     0  libspace.o(.text)
    __user_setup_stackheap                   0x0800c969   Thumb Code    74  sys_stackheap_outer.o(.text)
    exit                                     0x0800c9b3   Thumb Code    18  exit.o(.text)
    _sys_exit                                0x0800c9c5   Thumb Code     8  sys_exit.o(.text)
    __I$use$semihosting                      0x0800c9d1   Thumb Code     0  use_no_semi.o(.text)
    __use_no_semihosting_swi                 0x0800c9d1   Thumb Code     2  use_no_semi.o(.text)
    __ARM_fpclassify                         0x0800c9d3   Thumb Code    40  fpclassify.o(i.__ARM_fpclassify)
    __semihosting_library_function           0x0800c9d3   Thumb Code     0  indicate_semi.o(.text)
    __ieee754_rem_pio2                       0x0800c9fd   Thumb Code   828  rred.o(i.__ieee754_rem_pio2)
    __kernel_poly                            0x0800cd85   Thumb Code   170  poly.o(i.__kernel_poly)
    __kernel_tan                             0x0800ce31   Thumb Code   586  tan_i.o(i.__kernel_tan)
    __mathlib_dbl_infnan                     0x0800d0ad   Thumb Code     6  dunder.o(i.__mathlib_dbl_infnan)
    __mathlib_dbl_invalid                    0x0800d0b3   Thumb Code    12  dunder.o(i.__mathlib_dbl_invalid)
    __mathlib_dbl_underflow                  0x0800d0c1   Thumb Code    10  dunder.o(i.__mathlib_dbl_underflow)
    atan                                     0x0800d0d1   Thumb Code   474  atan.o(i.atan)
    tan                                      0x0800d2f1   Thumb Code    90  tan.o(i.tan)
    __aeabi_d2f                              0x0800d355   Thumb Code     0  d2f.o(x$fpl$d2f)
    _d2f                                     0x0800d355   Thumb Code    98  d2f.o(x$fpl$d2f)
    __aeabi_dadd                             0x0800d3b9   Thumb Code     0  daddsub_clz.o(x$fpl$dadd)
    _dadd                                    0x0800d3b9   Thumb Code   332  daddsub_clz.o(x$fpl$dadd)
    __fpl_dcheck_NaN1                        0x0800d509   Thumb Code    10  dcheck1.o(x$fpl$dcheck1)
    __fpl_dcmp_Inf                           0x0800d519   Thumb Code    24  dcmpi.o(x$fpl$dcmpinf)
    __aeabi_ddiv                             0x0800d531   Thumb Code     0  ddiv.o(x$fpl$ddiv)
    _ddiv                                    0x0800d531   Thumb Code   552  ddiv.o(x$fpl$ddiv)
    __aeabi_d2iz                             0x0800d7e1   Thumb Code     0  dfix.o(x$fpl$dfix)
    _dfix                                    0x0800d7e1   Thumb Code    94  dfix.o(x$fpl$dfix)
    __aeabi_i2d                              0x0800d83f   Thumb Code     0  dflt_clz.o(x$fpl$dflt)
    _dflt                                    0x0800d83f   Thumb Code    46  dflt_clz.o(x$fpl$dflt)
    __aeabi_ui2d                             0x0800d86d   Thumb Code     0  dflt_clz.o(x$fpl$dfltu)
    _dfltu                                   0x0800d86d   Thumb Code    38  dflt_clz.o(x$fpl$dfltu)
    __aeabi_cdcmple                          0x0800d895   Thumb Code     0  dleqf.o(x$fpl$dleqf)
    _dcmple                                  0x0800d895   Thumb Code   120  dleqf.o(x$fpl$dleqf)
    __fpl_dcmple_InfNaN                      0x0800d8f7   Thumb Code     0  dleqf.o(x$fpl$dleqf)
    __aeabi_dmul                             0x0800d90d   Thumb Code     0  dmul.o(x$fpl$dmul)
    _dmul                                    0x0800d90d   Thumb Code   332  dmul.o(x$fpl$dmul)
    __fpl_dnaninf                            0x0800da61   Thumb Code   156  dnaninf.o(x$fpl$dnaninf)
    __fpl_dretinf                            0x0800dafd   Thumb Code    12  dretinf.o(x$fpl$dretinf)
    __aeabi_cdrcmple                         0x0800db09   Thumb Code     0  drleqf.o(x$fpl$drleqf)
    _drcmple                                 0x0800db09   Thumb Code   108  drleqf.o(x$fpl$drleqf)
    __aeabi_drsub                            0x0800db75   Thumb Code     0  daddsub_clz.o(x$fpl$drsb)
    _drsb                                    0x0800db75   Thumb Code    22  daddsub_clz.o(x$fpl$drsb)
    __aeabi_dsub                             0x0800db8d   Thumb Code     0  daddsub_clz.o(x$fpl$dsub)
    _dsub                                    0x0800db8d   Thumb Code   464  daddsub_clz.o(x$fpl$dsub)
    __aeabi_f2d                              0x0800dd61   Thumb Code     0  f2d.o(x$fpl$f2d)
    _f2d                                     0x0800dd61   Thumb Code    86  f2d.o(x$fpl$f2d)
    __aeabi_fadd                             0x0800ddb9   Thumb Code     0  faddsub_clz.o(x$fpl$fadd)
    _fadd                                    0x0800ddb9   Thumb Code   196  faddsub_clz.o(x$fpl$fadd)
    __fpl_fcmp_Inf                           0x0800de7d   Thumb Code    24  fcmpi.o(x$fpl$fcmpinf)
    __aeabi_fdiv                             0x0800de95   Thumb Code     0  fdiv.o(x$fpl$fdiv)
    _fdiv                                    0x0800de95   Thumb Code   384  fdiv.o(x$fpl$fdiv)
    __aeabi_f2iz                             0x0800e019   Thumb Code     0  ffix.o(x$fpl$ffix)
    _ffix                                    0x0800e019   Thumb Code    54  ffix.o(x$fpl$ffix)
    __aeabi_f2uiz                            0x0800e051   Thumb Code     0  ffixu.o(x$fpl$ffixu)
    _ffixu                                   0x0800e051   Thumb Code    62  ffixu.o(x$fpl$ffixu)
    __aeabi_i2f                              0x0800e091   Thumb Code     0  fflt_clz.o(x$fpl$fflt)
    _fflt                                    0x0800e091   Thumb Code    48  fflt_clz.o(x$fpl$fflt)
    __aeabi_ui2f                             0x0800e0c1   Thumb Code     0  fflt_clz.o(x$fpl$ffltu)
    _ffltu                                   0x0800e0c1   Thumb Code    38  fflt_clz.o(x$fpl$ffltu)
    __aeabi_cfcmple                          0x0800e0e9   Thumb Code     0  fleqf.o(x$fpl$fleqf)
    _fcmple                                  0x0800e0e9   Thumb Code   104  fleqf.o(x$fpl$fleqf)
    __fpl_fcmple_InfNaN                      0x0800e13b   Thumb Code     0  fleqf.o(x$fpl$fleqf)
    __aeabi_fmul                             0x0800e151   Thumb Code     0  fmul.o(x$fpl$fmul)
    _fmul                                    0x0800e151   Thumb Code   258  fmul.o(x$fpl$fmul)
    __fpl_fnaninf                            0x0800e253   Thumb Code   140  fnaninf.o(x$fpl$fnaninf)
    __fpl_fretinf                            0x0800e2df   Thumb Code    10  fretinf.o(x$fpl$fretinf)
    __aeabi_cfrcmple                         0x0800e2e9   Thumb Code     0  frleqf.o(x$fpl$frleqf)
    _frcmple                                 0x0800e2e9   Thumb Code    98  frleqf.o(x$fpl$frleqf)
    __aeabi_fsub                             0x0800e34d   Thumb Code     0  faddsub_clz.o(x$fpl$fsub)
    _fsub                                    0x0800e34d   Thumb Code   234  faddsub_clz.o(x$fpl$fsub)
    __fpl_return_NaN                         0x0800e437   Thumb Code   100  retnan.o(x$fpl$retnan)
    __ARM_scalbn                             0x0800e49b   Thumb Code    92  scalbn.o(x$fpl$scalbn)
    __fpl_cmpreturn                          0x0800e4f7   Thumb Code    48  trapv.o(x$fpl$trapveneer)
    __I$use$fp                               0x0800e526   Number         0  usenofp.o(x$fpl$usenofp)
    Region$$Table$$Base                      0x0800e6f0   Number         0  anon$$obj.o(Region$$Table)
    Region$$Table$$Limit                     0x0800e710   Number         0  anon$$obj.o(Region$$Table)
    fc_value                                 0x20000002   Data           2  camera_lense.o(.data)
    init_fc_value                            0x20000004   Data           1  camera_lense.o(.data)
    IR_init_fc_value                         0x20000005   Data           1  camera_lense.o(.data)
    ADC1_ConvertedBuf                        0x20000006   Data           8  camera_lense.o(.data)
    CamZoomCurPosPre                         0x2000000e   Data           2  camera_lense.o(.data)
    IR_correct_AD                            0x20000010   Data           4  camera_lense.o(.data)
    IR_correct_flag                          0x20000014   Data           1  camera_lense.o(.data)
    Zoom_Count_Cam                           0x20000016   Data           2  camera_lense.o(.data)
    Zoom_Count_IR                            0x20000018   Data           2  camera_lense.o(.data)
    CameraLense_ZoomStop_Flag                0x2000001a   Data           1  camera_lense.o(.data)
    ZoomAD                                   0x2000001c   Data          58  camera_lense.o(.data)
    LenseAngleX100                           0x20000056   Data          58  camera_lense.o(.data)
    TVC_Pelcod                               0x20000092   Data           7  comcmd_proc.o(.data)
    PanPreAngle                              0x2000009a   Data           2  comcmd_proc.o(.data)
    TiltPreAngle                             0x2000009c   Data           2  comcmd_proc.o(.data)
    FocusSetPosition2                        0x2000009e   Data           2  comcmd_proc.o(.data)
    FocusSet_Correct                         0x200000a0   Data           1  comcmd_proc.o(.data)
    returnValue                              0x200000a2   Data           4  comcmd_proc.o(.data)
    cmdComplexCnt                            0x200000a6   Data           1  comcmd_proc.o(.data)
    flagH                                    0x200000a7   Data           1  comcmd_proc.o(.data)
    flagV                                    0x200000a8   Data           1  comcmd_proc.o(.data)
    locHorPos                                0x200000ac   Data           4  comcmd_proc.o(.data)
    locVerPos                                0x200000b0   Data           4  comcmd_proc.o(.data)
    locFlag                                  0x200000b4   Data           1  comcmd_proc.o(.data)
    locSpeed                                 0x200000b5   Data           1  comcmd_proc.o(.data)
    m_EEPROM_I2C1_DataReadPointer            0x200000bc   Data           4  eeprom_i2c.o(.data)
    m_EEPROM_I2C1_DataWritePointer           0x200000c0   Data           4  eeprom_i2c.o(.data)
    m_EEPROM_I2C1_Timeout                    0x200000c4   Data           4  eeprom_i2c.o(.data)
    GPIO_InitStructure                       0x200000c8   Data           4  eeprom_i2c.o(.data)
    NVIC_InitStructure                       0x200000cc   Data           4  eeprom_i2c.o(.data)
    ZF_Inq_flag                              0x200000d6   Data           1  ir_uart.o(.data)
    IR_Lense_Angle_Data                      0x200000d8   Data           4  ir_uart.o(.data)
    IR_UART_RecCnt                           0x200000dc   Data           1  ir_uart.o(.data)
    IR_UART_ProtoType                        0x200000dd   Data           1  ir_uart.o(.data)
    data_covert_flag                         0x200000de   Data           1  ir_uart.o(.data)
    re_zoom                                  0x200000e0   Data           2  ir_uart.o(.data)
    re_focus                                 0x200000e2   Data           2  ir_uart.o(.data)
    PT_UART_RxBuf1                           0x200000ea   Data           7  pt_uart.o(.data)
    PT_UART_TxBuf                            0x200000f1   Data           7  pt_uart.o(.data)
    PT_UART_ProtoType                        0x200000f8   Data           1  pt_uart.o(.data)
    PT_UART_RecCnt                           0x200000f9   Data           1  pt_uart.o(.data)
    TiltInv_flag                             0x200000fa   Data           1  pt_uart.o(.data)
    PanRevCnt                                0x200000fc   Data           4  pt_uart.o(.data)
    TiltRevCnt                               0x20000100   Data           4  pt_uart.o(.data)
    CameraLense_ZoomStop_Timer_Cnt           0x2000010e   Data           1  timer.o(.data)
    laserCheckCount                          0x20000110   Data           4  timer.o(.data)
    TTL_UART_ProtoType                       0x20000116   Data           1  ttl_uart.o(.data)
    TTL_UART_RecCnt                          0x20000117   Data           1  ttl_uart.o(.data)
    TTL_UART_Rec_Flag                        0x20000118   Data           1  ttl_uart.o(.data)
    CAMERA_ZOOM_DATA_INQ_Flag                0x20000119   Data           1  ttl_uart.o(.data)
    CAMERA_ZOOM_POSITION_DATA                0x2000011c   Data           4  ttl_uart.o(.data)
    TVC_UART_ProtoFlag                       0x20000122   Data           1  tvc_uart.o(.data)
    TVC_UART_RecCnt                          0x20000123   Data           1  tvc_uart.o(.data)
    camAutoFocusFlag                         0x20000126   Data           1  vc_uart.o(.data)
    SystemCoreClock                          0x2000013c   Data           4  system_stm32f10x.o(.data)
    AHBPrescTable                            0x20000140   Data          16  system_stm32f10x.o(.data)
    laserStatusChange                        0x20000150   Data           1  laserfunction.o(.data)
    time2_Laser_Lens_Sleep_cnt               0x20000154   Data           4  laserfunction.o(.data)
    Laser_Lens_Sleep_Flag                    0x20000158   Data           1  laserfunction.o(.data)
    laserValue                               0x2000015c   Data          52  laserfunction.o(.data)
    cameraAD                                 0x20000190   Data         240  laserfunction.o(.data)
    laserStep                                0x20000280   Data         240  laserfunction.o(.data)
    laserInit                                0x20000370   Data          76  laserfunction.o(.data)
    pLaser                                   0x200003bc   Data           4  laserfunction.o(.data)
    camFarFlag                               0x200003c6   Data           1  lensdriver.o(.data)
    camNearFlag                              0x200003c7   Data           1  lensdriver.o(.data)
    camFocusStopFlag                         0x200003c8   Data           1  lensdriver.o(.data)
    camFocusPwmCnt                           0x200003c9   Data           1  lensdriver.o(.data)
    Camera_init                              0x200003cc   Data          32  lensdriver.o(.data)
    IR_init                                  0x200003ec   Data          32  lensdriver.o(.data)
    LENS_init                                0x2000040c   Data          16  lensdriver.o(.data)
    LENS                                     0x2000041c   Data           4  lensdriver.o(.data)
    miscAlgInit                              0x20000420   Data          12  miscalg.o(.data)
    pMiscAlg                                 0x2000042c   Data           4  miscalg.o(.data)
    sysPara                                  0x20000432   Data          36  syscfg.o(.data)
    cameraADValue                            0x2000045c   Data         152  algorithm.o(.data)
    cameraAngleValue                         0x200004f4   Data         152  algorithm.o(.data)
    algInit                                  0x2000058c   Data          20  algorithm.o(.data)
    alg                                      0x200005a0   Data           4  algorithm.o(.data)
    cmdComplex                               0x200005a6   Data           1  preset.o(.data)
    loc3DCorrCnt                             0x200005a7   Data           1  preset.o(.data)
    cmdDelFlag                               0x200005a8   Data           1  preset.o(.data)
    curiseFun                                0x200005b0   Data           8  curise.o(.data)
    jq_p                                     0x200005b8   Data           1  msgqueue.o(.data)
    gq_p                                     0x200005b9   Data           1  msgqueue.o(.data)
    queue_cnt                                0x200005ba   Data           1  msgqueue.o(.data)
    loc3DCorr                                0x200005c0   Data         136  m_3d.o(.data)
    I2C_DataBuffer                           0x20000648   Data          21  comcmd_proc.o(.bss)
    CameraStruct                             0x2000065e   Data          34  comcmd_proc.o(.bss)
    IRStruct                                 0x20000680   Data          34  comcmd_proc.o(.bss)
    PTStruct                                 0x200006a2   Data          22  comcmd_proc.o(.bss)
    EEPROM_DMA_InitStructure                 0x200006b8   Data          44  eeprom_i2c.o(.bss)
    I2C_InitStructure                        0x200006e4   Data          16  eeprom_i2c.o(.bss)
    IR_UART_RxBuf                            0x200006f4   Data         200  ir_uart.o(.bss)
    IR_UART_TxBuf                            0x200007bc   Data         200  ir_uart.o(.bss)
    TTL_UART_RxBuf                           0x20000884   Data          22  ttl_uart.o(.bss)
    TTL_UART_TxBuf                           0x2000089a   Data          10  ttl_uart.o(.bss)
    TVC_UART_RxBuf                           0x200008a4   Data          20  tvc_uart.o(.bss)
    TVC_UART_TxBuf                           0x200008b8   Data          20  tvc_uart.o(.bss)
    lineScanFun                              0x200008d8   Data          16  linescan.o(.bss)
    appleScanFun                             0x200008e8   Data          20  applescan.o(.bss)
    watchHomeFun                             0x200008fc   Data          12  watchhome.o(.bss)
    msgqueue                                 0x20000908   Data        1040  msgqueue.o(.bss)
    diff                                     0x20000d18   Data          16  m_3d.o(.bss)
    __libspace_start                         0x20000d28   Data          96  libspace.o(.bss)
    __temporary_stack_top$libspace           0x20000d88   Data           0  libspace.o(.bss)



==============================================================================

Memory Map of the image

  Image Entry point : 0x08002131

  Load Region LR_IROM1 (Base: 0x08002000, Size: 0x0000cd58, Max: 0x00080000, ABSOLUTE, COMPRESSED[0x0000cab0])

    Execution Region ER_IROM1 (Exec base: 0x08002000, Load base: 0x08002000, Size: 0x0000c710, Max: 0x00080000, ABSOLUTE)

    Exec Addr    Load Addr    Size         Type   Attr      Idx    E Section Name        Object

    0x08002000   0x08002000   0x00000130   Data   RO          842    RESET               startup_stm32f10x_hd.o
    0x08002130   0x08002130   0x00000008   Code   RO         1169  * !!!main             c_w.l(__main.o)
    0x08002138   0x08002138   0x00000034   Code   RO         1463    !!!scatter          c_w.l(__scatter.o)
    0x0800216c   0x0800216c   0x0000005a   Code   RO         1461    !!dczerorl2         c_w.l(__dczerorl2.o)
    0x080021c6   0x080021c6   0x00000002   PAD
    0x080021c8   0x080021c8   0x0000001c   Code   RO         1465    !!handler_zi        c_w.l(__scatter_zi.o)
    0x080021e4   0x080021e4   0x00000002   Code   RO         1330    .ARM.Collect$$libinit$$00000000  c_w.l(libinit.o)
    0x080021e6   0x080021e6   0x00000000   Code   RO         1336    .ARM.Collect$$libinit$$00000002  c_w.l(libinit2.o)
    0x080021e6   0x080021e6   0x00000000   Code   RO         1338    .ARM.Collect$$libinit$$00000004  c_w.l(libinit2.o)
    0x080021e6   0x080021e6   0x00000000   Code   RO         1341    .ARM.Collect$$libinit$$0000000A  c_w.l(libinit2.o)
    0x080021e6   0x080021e6   0x00000000   Code   RO         1343    .ARM.Collect$$libinit$$0000000C  c_w.l(libinit2.o)
    0x080021e6   0x080021e6   0x00000000   Code   RO         1345    .ARM.Collect$$libinit$$0000000E  c_w.l(libinit2.o)
    0x080021e6   0x080021e6   0x00000000   Code   RO         1348    .ARM.Collect$$libinit$$00000011  c_w.l(libinit2.o)
    0x080021e6   0x080021e6   0x00000000   Code   RO         1350    .ARM.Collect$$libinit$$00000013  c_w.l(libinit2.o)
    0x080021e6   0x080021e6   0x00000000   Code   RO         1352    .ARM.Collect$$libinit$$00000015  c_w.l(libinit2.o)
    0x080021e6   0x080021e6   0x00000000   Code   RO         1354    .ARM.Collect$$libinit$$00000017  c_w.l(libinit2.o)
    0x080021e6   0x080021e6   0x00000000   Code   RO         1356    .ARM.Collect$$libinit$$00000019  c_w.l(libinit2.o)
    0x080021e6   0x080021e6   0x00000000   Code   RO         1358    .ARM.Collect$$libinit$$0000001B  c_w.l(libinit2.o)
    0x080021e6   0x080021e6   0x00000000   Code   RO         1360    .ARM.Collect$$libinit$$0000001D  c_w.l(libinit2.o)
    0x080021e6   0x080021e6   0x00000000   Code   RO         1362    .ARM.Collect$$libinit$$0000001F  c_w.l(libinit2.o)
    0x080021e6   0x080021e6   0x00000000   Code   RO         1364    .ARM.Collect$$libinit$$00000021  c_w.l(libinit2.o)
    0x080021e6   0x080021e6   0x00000000   Code   RO         1366    .ARM.Collect$$libinit$$00000023  c_w.l(libinit2.o)
    0x080021e6   0x080021e6   0x00000000   Code   RO         1368    .ARM.Collect$$libinit$$00000025  c_w.l(libinit2.o)
    0x080021e6   0x080021e6   0x00000000   Code   RO         1372    .ARM.Collect$$libinit$$0000002C  c_w.l(libinit2.o)
    0x080021e6   0x080021e6   0x00000000   Code   RO         1374    .ARM.Collect$$libinit$$0000002E  c_w.l(libinit2.o)
    0x080021e6   0x080021e6   0x00000000   Code   RO         1376    .ARM.Collect$$libinit$$00000030  c_w.l(libinit2.o)
    0x080021e6   0x080021e6   0x00000000   Code   RO         1378    .ARM.Collect$$libinit$$00000032  c_w.l(libinit2.o)
    0x080021e6   0x080021e6   0x00000002   Code   RO         1379    .ARM.Collect$$libinit$$00000033  c_w.l(libinit2.o)
    0x080021e8   0x080021e8   0x00000002   Code   RO         1401    .ARM.Collect$$libshutdown$$00000000  c_w.l(libshutdown.o)
    0x080021ea   0x080021ea   0x00000000   Code   RO         1414    .ARM.Collect$$libshutdown$$00000002  c_w.l(libshutdown2.o)
    0x080021ea   0x080021ea   0x00000000   Code   RO         1416    .ARM.Collect$$libshutdown$$00000004  c_w.l(libshutdown2.o)
    0x080021ea   0x080021ea   0x00000000   Code   RO         1419    .ARM.Collect$$libshutdown$$00000007  c_w.l(libshutdown2.o)
    0x080021ea   0x080021ea   0x00000000   Code   RO         1422    .ARM.Collect$$libshutdown$$0000000A  c_w.l(libshutdown2.o)
    0x080021ea   0x080021ea   0x00000000   Code   RO         1424    .ARM.Collect$$libshutdown$$0000000C  c_w.l(libshutdown2.o)
    0x080021ea   0x080021ea   0x00000000   Code   RO         1427    .ARM.Collect$$libshutdown$$0000000F  c_w.l(libshutdown2.o)
    0x080021ea   0x080021ea   0x00000002   Code   RO         1428    .ARM.Collect$$libshutdown$$00000010  c_w.l(libshutdown2.o)
    0x080021ec   0x080021ec   0x00000000   Code   RO         1247    .ARM.Collect$$rtentry$$00000000  c_w.l(__rtentry.o)
    0x080021ec   0x080021ec   0x00000000   Code   RO         1295    .ARM.Collect$$rtentry$$00000002  c_w.l(__rtentry2.o)
    0x080021ec   0x080021ec   0x00000006   Code   RO         1307    .ARM.Collect$$rtentry$$00000004  c_w.l(__rtentry4.o)
    0x080021f2   0x080021f2   0x00000000   Code   RO         1297    .ARM.Collect$$rtentry$$00000009  c_w.l(__rtentry2.o)
    0x080021f2   0x080021f2   0x00000004   Code   RO         1298    .ARM.Collect$$rtentry$$0000000A  c_w.l(__rtentry2.o)
    0x080021f6   0x080021f6   0x00000000   Code   RO         1300    .ARM.Collect$$rtentry$$0000000C  c_w.l(__rtentry2.o)
    0x080021f6   0x080021f6   0x00000008   Code   RO         1301    .ARM.Collect$$rtentry$$0000000D  c_w.l(__rtentry2.o)
    0x080021fe   0x080021fe   0x00000002   Code   RO         1333    .ARM.Collect$$rtexit$$00000000  c_w.l(rtexit.o)
    0x08002200   0x08002200   0x00000000   Code   RO         1383    .ARM.Collect$$rtexit$$00000002  c_w.l(rtexit2.o)
    0x08002200   0x08002200   0x00000004   Code   RO         1384    .ARM.Collect$$rtexit$$00000003  c_w.l(rtexit2.o)
    0x08002204   0x08002204   0x00000006   Code   RO         1385    .ARM.Collect$$rtexit$$00000004  c_w.l(rtexit2.o)
    0x0800220a   0x0800220a   0x00000002   PAD
    0x0800220c   0x0800220c   0x00000834   Code   RO            1    .text               camera_lense.o
    0x08002a40   0x08002a40   0x00000c98   Code   RO          123    .text               comcmd_proc.o
    0x080036d8   0x080036d8   0x00000108   Code   RO          195    .text               delay.o
    0x080037e0   0x080037e0   0x00000a04   Code   RO          262    .text               eeprom_i2c.o
    0x080041e4   0x080041e4   0x00000948   Code   RO          285    .text               ir_uart.o
    0x08004b2c   0x08004b2c   0x00000054   Code   RO          309    .text               main.o
    0x08004b80   0x08004b80   0x00000c5c   Code   RO          330    .text               pt_uart.o
    0x080057dc   0x080057dc   0x00000298   Code   RO          360    .text               timer.o
    0x08005a74   0x08005a74   0x000006a0   Code   RO          415    .text               ttl_uart.o
    0x08006114   0x08006114   0x000001b8   Code   RO          438    .text               tvc_uart.o
    0x080062cc   0x080062cc   0x0000033c   Code   RO          465    .text               vc_uart.o
    0x08006608   0x08006608   0x000000dc   Code   RO          488    .text               misc.o
    0x080066e4   0x080066e4   0x0000044e   Code   RO          500    .text               stm32f10x_adc.o
    0x08006b32   0x08006b32   0x00000002   PAD
    0x08006b34   0x08006b34   0x00000254   Code   RO          605    .text               stm32f10x_dma.o
    0x08006d88   0x08006d88   0x0000035c   Code   RO          653    .text               stm32f10x_gpio.o
    0x080070e4   0x080070e4   0x00000404   Code   RO          665    .text               stm32f10x_i2c.o
    0x080074e8   0x080074e8   0x00000040   Code   RO          677    .text               stm32f10x_iwdg.o
    0x08007528   0x08007528   0x000003a4   Code   RO          707    .text               stm32f10x_rcc.o
    0x080078cc   0x080078cc   0x00000e1a   Code   RO          760    .text               stm32f10x_tim.o
    0x080086e6   0x080086e6   0x00000002   PAD
    0x080086e8   0x080086e8   0x00000408   Code   RO          772    .text               stm32f10x_usart.o
    0x08008af0   0x08008af0   0x0000001a   Code   RO          810    .text               stm32f10x_it.o
    0x08008b0a   0x08008b0a   0x00000002   PAD
    0x08008b0c   0x08008b0c   0x000001e0   Code   RO          822    .text               system_stm32f10x.o
    0x08008cec   0x08008cec   0x00000040   Code   RO          843    .text               startup_stm32f10x_hd.o
    0x08008d2c   0x08008d2c   0x000006a4   Code   RO          847    .text               laserfunction.o
    0x080093d0   0x080093d0   0x0000033c   Code   RO          865    .text               lensdriver.o
    0x0800970c   0x0800970c   0x00000038   Code   RO          884    .text               miscalg.o
    0x08009744   0x08009744   0x000003cc   Code   RO          901    .text               syscfg.o
    0x08009b10   0x08009b10   0x00000320   Code   RO          926    .text               algorithm.o
    0x08009e30   0x08009e30   0x00000dcc   Code   RO          943    .text               preset.o
    0x0800abfc   0x0800abfc   0x0000011c   Code   RO          961    .text               curise.o
    0x0800ad18   0x0800ad18   0x000000cc   Code   RO          983    .text               linescan.o
    0x0800ade4   0x0800ade4   0x000002d8   Code   RO          999    .text               applescan.o
    0x0800b0bc   0x0800b0bc   0x000000cc   Code   RO         1019    .text               watchhome.o
    0x0800b188   0x0800b188   0x000003ac   Code   RO         1035    .text               msgqueue.o
    0x0800b534   0x0800b534   0x000013b8   Code   RO         1054    .text               m_3d.o
    0x0800c8ec   0x0800c8ec   0x0000004e   Code   RO         1165    .text               c_w.l(rt_memclr_w.o)
    0x0800c93a   0x0800c93a   0x00000006   Code   RO         1167    .text               c_w.l(heapauxi.o)
    0x0800c940   0x0800c940   0x00000016   Code   RO         1248    .text               c_w.l(_rserrno.o)
    0x0800c956   0x0800c956   0x00000002   PAD
    0x0800c958   0x0800c958   0x00000008   Code   RO         1312    .text               c_w.l(rt_errno_addr_intlibspace.o)
    0x0800c960   0x0800c960   0x00000008   Code   RO         1318    .text               c_w.l(libspace.o)
    0x0800c968   0x0800c968   0x0000004a   Code   RO         1321    .text               c_w.l(sys_stackheap_outer.o)
    0x0800c9b2   0x0800c9b2   0x00000012   Code   RO         1323    .text               c_w.l(exit.o)
    0x0800c9c4   0x0800c9c4   0x0000000c   Code   RO         1393    .text               c_w.l(sys_exit.o)
    0x0800c9d0   0x0800c9d0   0x00000002   Code   RO         1404    .text               c_w.l(use_no_semi.o)
    0x0800c9d2   0x0800c9d2   0x00000000   Code   RO         1406    .text               c_w.l(indicate_semi.o)
    0x0800c9d2   0x0800c9d2   0x00000028   Code   RO         1279    i.__ARM_fpclassify  m_ws.l(fpclassify.o)
    0x0800c9fa   0x0800c9fa   0x00000002   PAD
    0x0800c9fc   0x0800c9fc   0x00000388   Code   RO         1283    i.__ieee754_rem_pio2  m_ws.l(rred.o)
    0x0800cd84   0x0800cd84   0x000000aa   Code   RO         1281    i.__kernel_poly     m_ws.l(poly.o)
    0x0800ce2e   0x0800ce2e   0x00000002   PAD
    0x0800ce30   0x0800ce30   0x0000027c   Code   RO         1288    i.__kernel_tan      m_ws.l(tan_i.o)
    0x0800d0ac   0x0800d0ac   0x00000006   Code   RO         1266    i.__mathlib_dbl_infnan  m_ws.l(dunder.o)
    0x0800d0b2   0x0800d0b2   0x0000000c   Code   RO         1268    i.__mathlib_dbl_invalid  m_ws.l(dunder.o)
    0x0800d0be   0x0800d0be   0x00000002   PAD
    0x0800d0c0   0x0800d0c0   0x00000010   Code   RO         1271    i.__mathlib_dbl_underflow  m_ws.l(dunder.o)
    0x0800d0d0   0x0800d0d0   0x00000220   Code   RO         1230    i.atan              m_ws.l(atan.o)
    0x0800d2f0   0x0800d2f0   0x00000064   Code   RO         1240    i.tan               m_ws.l(tan.o)
    0x0800d354   0x0800d354   0x00000062   Code   RO         1171    x$fpl$d2f           fz_ws.l(d2f.o)
    0x0800d3b6   0x0800d3b6   0x00000002   PAD
    0x0800d3b8   0x0800d3b8   0x00000150   Code   RO         1173    x$fpl$dadd          fz_ws.l(daddsub_clz.o)
    0x0800d508   0x0800d508   0x00000010   Code   RO         1314    x$fpl$dcheck1       fz_ws.l(dcheck1.o)
    0x0800d518   0x0800d518   0x00000018   Code   RO         1250    x$fpl$dcmpinf       fz_ws.l(dcmpi.o)
    0x0800d530   0x0800d530   0x000002b0   Code   RO         1180    x$fpl$ddiv          fz_ws.l(ddiv.o)
    0x0800d7e0   0x0800d7e0   0x0000005e   Code   RO         1183    x$fpl$dfix          fz_ws.l(dfix.o)
    0x0800d83e   0x0800d83e   0x0000002e   Code   RO         1188    x$fpl$dflt          fz_ws.l(dflt_clz.o)
    0x0800d86c   0x0800d86c   0x00000026   Code   RO         1187    x$fpl$dfltu         fz_ws.l(dflt_clz.o)
    0x0800d892   0x0800d892   0x00000002   PAD
    0x0800d894   0x0800d894   0x00000078   Code   RO         1193    x$fpl$dleqf         fz_ws.l(dleqf.o)
    0x0800d90c   0x0800d90c   0x00000154   Code   RO         1195    x$fpl$dmul          fz_ws.l(dmul.o)
    0x0800da60   0x0800da60   0x0000009c   Code   RO         1252    x$fpl$dnaninf       fz_ws.l(dnaninf.o)
    0x0800dafc   0x0800dafc   0x0000000c   Code   RO         1254    x$fpl$dretinf       fz_ws.l(dretinf.o)
    0x0800db08   0x0800db08   0x0000006c   Code   RO         1197    x$fpl$drleqf        fz_ws.l(drleqf.o)
    0x0800db74   0x0800db74   0x00000016   Code   RO         1174    x$fpl$drsb          fz_ws.l(daddsub_clz.o)
    0x0800db8a   0x0800db8a   0x00000002   PAD
    0x0800db8c   0x0800db8c   0x000001d4   Code   RO         1175    x$fpl$dsub          fz_ws.l(daddsub_clz.o)
    0x0800dd60   0x0800dd60   0x00000056   Code   RO         1199    x$fpl$f2d           fz_ws.l(f2d.o)
    0x0800ddb6   0x0800ddb6   0x00000002   PAD
    0x0800ddb8   0x0800ddb8   0x000000c4   Code   RO         1201    x$fpl$fadd          fz_ws.l(faddsub_clz.o)
    0x0800de7c   0x0800de7c   0x00000018   Code   RO         1316    x$fpl$fcmpinf       fz_ws.l(fcmpi.o)
    0x0800de94   0x0800de94   0x00000184   Code   RO         1208    x$fpl$fdiv          fz_ws.l(fdiv.o)
    0x0800e018   0x0800e018   0x00000036   Code   RO         1211    x$fpl$ffix          fz_ws.l(ffix.o)
    0x0800e04e   0x0800e04e   0x00000002   PAD
    0x0800e050   0x0800e050   0x0000003e   Code   RO         1215    x$fpl$ffixu         fz_ws.l(ffixu.o)
    0x0800e08e   0x0800e08e   0x00000002   PAD
    0x0800e090   0x0800e090   0x00000030   Code   RO         1220    x$fpl$fflt          fz_ws.l(fflt_clz.o)
    0x0800e0c0   0x0800e0c0   0x00000026   Code   RO         1219    x$fpl$ffltu         fz_ws.l(fflt_clz.o)
    0x0800e0e6   0x0800e0e6   0x00000002   PAD
    0x0800e0e8   0x0800e0e8   0x00000068   Code   RO         1256    x$fpl$fleqf         fz_ws.l(fleqf.o)
    0x0800e150   0x0800e150   0x00000102   Code   RO         1225    x$fpl$fmul          fz_ws.l(fmul.o)
    0x0800e252   0x0800e252   0x0000008c   Code   RO         1258    x$fpl$fnaninf       fz_ws.l(fnaninf.o)
    0x0800e2de   0x0800e2de   0x0000000a   Code   RO         1260    x$fpl$fretinf       fz_ws.l(fretinf.o)
    0x0800e2e8   0x0800e2e8   0x00000062   Code   RO         1227    x$fpl$frleqf        fz_ws.l(frleqf.o)
    0x0800e34a   0x0800e34a   0x00000002   PAD
    0x0800e34c   0x0800e34c   0x000000ea   Code   RO         1203    x$fpl$fsub          fz_ws.l(faddsub_clz.o)
    0x0800e436   0x0800e436   0x00000064   Code   RO         1331    x$fpl$retnan        fz_ws.l(retnan.o)
    0x0800e49a   0x0800e49a   0x0000005c   Code   RO         1262    x$fpl$scalbn        fz_ws.l(scalbn.o)
    0x0800e4f6   0x0800e4f6   0x00000030   Code   RO         1380    x$fpl$trapveneer    fz_ws.l(trapv.o)
    0x0800e526   0x0800e526   0x00000000   Code   RO         1264    x$fpl$usenofp       fz_ws.l(usenofp.o)
    0x0800e526   0x0800e526   0x00000002   PAD
    0x0800e528   0x0800e528   0x00000007   Data   RO          287    .constdata          ir_uart.o
    0x0800e52f   0x0800e52f   0x00000001   PAD
    0x0800e530   0x0800e530   0x00000098   Data   RO         1231    .constdata          m_ws.l(atan.o)
    0x0800e5c8   0x0800e5c8   0x000000c8   Data   RO         1285    .constdata          m_ws.l(rred.o)
    0x0800e690   0x0800e690   0x00000060   Data   RO         1289    .constdata          m_ws.l(tan_i.o)
    0x0800e6f0   0x0800e6f0   0x00000020   Data   RO         1459    Region$$Table       anon$$obj.o


    Execution Region RW_IRAM1 (Exec base: 0x20000000, Load base: 0x0800e710, Size: 0x00001388, Max: 0x00010000, ABSOLUTE, COMPRESSED[0x000003a0])

    Exec Addr    Load Addr    Size         Type   Attr      Idx    E Section Name        Object

    0x20000000   COMPRESSED   0x00000090   Data   RW            2    .data               camera_lense.o
    0x20000090   COMPRESSED   0x00000026   Data   RW          125    .data               comcmd_proc.o
    0x200000b6   COMPRESSED   0x00000004   Data   RW          196    .data               delay.o
    0x200000ba   COMPRESSED   0x00000002   PAD
    0x200000bc   COMPRESSED   0x00000017   Data   RW          264    .data               eeprom_i2c.o
    0x200000d3   COMPRESSED   0x00000001   PAD
    0x200000d4   COMPRESSED   0x00000012   Data   RW          288    .data               ir_uart.o
    0x200000e6   COMPRESSED   0x00000002   PAD
    0x200000e8   COMPRESSED   0x00000022   Data   RW          331    .data               pt_uart.o
    0x2000010a   COMPRESSED   0x00000002   PAD
    0x2000010c   COMPRESSED   0x00000008   Data   RW          361    .data               timer.o
    0x20000114   COMPRESSED   0x0000000c   Data   RW          417    .data               ttl_uart.o
    0x20000120   COMPRESSED   0x00000004   Data   RW          440    .data               tvc_uart.o
    0x20000124   COMPRESSED   0x00000003   Data   RW          466    .data               vc_uart.o
    0x20000127   COMPRESSED   0x00000014   Data   RW          708    .data               stm32f10x_rcc.o
    0x2000013b   COMPRESSED   0x00000001   PAD
    0x2000013c   COMPRESSED   0x00000014   Data   RW          823    .data               system_stm32f10x.o
    0x20000150   COMPRESSED   0x00000274   Data   RW          848    .data               laserfunction.o
    0x200003c4   COMPRESSED   0x0000005c   Data   RW          867    .data               lensdriver.o
    0x20000420   COMPRESSED   0x00000010   Data   RW          885    .data               miscalg.o
    0x20000430   COMPRESSED   0x00000026   Data   RW          902    .data               syscfg.o
    0x20000456   COMPRESSED   0x00000002   PAD
    0x20000458   COMPRESSED   0x0000014c   Data   RW          927    .data               algorithm.o
    0x200005a4   COMPRESSED   0x00000005   Data   RW          944    .data               preset.o
    0x200005a9   COMPRESSED   0x00000003   PAD
    0x200005ac   COMPRESSED   0x0000000c   Data   RW          962    .data               curise.o
    0x200005b8   COMPRESSED   0x00000003   Data   RW         1037    .data               msgqueue.o
    0x200005bb   COMPRESSED   0x00000001   PAD
    0x200005bc   COMPRESSED   0x0000008c   Data   RW         1056    .data               m_3d.o
    0x20000648        -       0x00000070   Zero   RW          124    .bss                comcmd_proc.o
    0x200006b8        -       0x0000003c   Zero   RW          263    .bss                eeprom_i2c.o
    0x200006f4        -       0x00000190   Zero   RW          286    .bss                ir_uart.o
    0x20000884        -       0x00000020   Zero   RW          416    .bss                ttl_uart.o
    0x200008a4        -       0x00000028   Zero   RW          439    .bss                tvc_uart.o
    0x200008cc        -       0x0000000a   Zero   RW          866    .bss                lensdriver.o
    0x200008d6   COMPRESSED   0x00000002   PAD
    0x200008d8        -       0x00000010   Zero   RW          984    .bss                linescan.o
    0x200008e8        -       0x00000014   Zero   RW         1000    .bss                applescan.o
    0x200008fc        -       0x0000000c   Zero   RW         1020    .bss                watchhome.o
    0x20000908        -       0x00000410   Zero   RW         1036    .bss                msgqueue.o
    0x20000d18        -       0x00000010   Zero   RW         1055    .bss                m_3d.o
    0x20000d28        -       0x00000060   Zero   RW         1319    .bss                c_w.l(libspace.o)
    0x20000d88        -       0x00000200   Zero   RW          841    HEAP                startup_stm32f10x_hd.o
    0x20000f88        -       0x00000400   Zero   RW          840    STACK               startup_stm32f10x_hd.o


==============================================================================

Image component sizes


      Code (inc. data)   RO Data    RW Data    ZI Data      Debug   Object Name

       800         14          0        332          0       3761   algorithm.o
       728         24          0          0         20       2951   applescan.o
      2100         98          0        144          0     273027   camera_lense.o
      3224        152          0         38        112      25205   comcmd_proc.o
         0          0          0          0          0         32   core_cm3.o
       284         10          0         12          0       1876   curise.o
       264         10          0          4          0     268593   delay.o
      2564        140          0         23         60       6469   eeprom_i2c.o
      2376        116          7         18        400       7713   ir_uart.o
      1700         70          0        628          0       7538   laserfunction.o
       828         44          0         92         10       5518   lensdriver.o
       204         10          0          0         16       1680   linescan.o
      5048        200          0        140         16       9059   m_3d.o
        84         14          0          0          0        475   main.o
       220         22          0          0          0       2049   misc.o
        56          0          0         16          0       2131   miscalg.o
       940         18          0          3       1040       1999   msgqueue.o
      3532        146          0          5          0       8321   preset.o
      3164        186          0         34          0      10553   pt_uart.o
        64         26        304          0       1536        872   startup_stm32f10x_hd.o
      1102         26          0          0          0      20413   stm32f10x_adc.o
       596          8          0          0          0       4614   stm32f10x_dma.o
       860         38          0          0          0       5981   stm32f10x_gpio.o
      1028         16          0          0          0       9471   stm32f10x_i2c.o
        26          0          0          0          0       1254   stm32f10x_it.o
        64          6          0          0          0       1329   stm32f10x_iwdg.o
       932         36          0         20          0       9192   stm32f10x_rcc.o
      3610         88          0          0          0      23092   stm32f10x_tim.o
      1032         22          0          0          0       8708   stm32f10x_usart.o
       972         34          0         38          0       6378   syscfg.o
       480         38          0         20          0       2083   system_stm32f10x.o
       664         38          0          8          0       3995   timer.o
      1696         46          0         12         32       6194   ttl_uart.o
       440         20          0          4         40       3602   tvc_uart.o
       828         26          0          3          0       3353   vc_uart.o
       204          8          0          0         12       1346   watchhome.o

    ----------------------------------------------------------------------
     42720       1750        344       1608       3296     750827   Object Totals
         0          0         32          0          0          0   (incl. Generated)
         6          0          1         14          2          0   (incl. Padding)

    ----------------------------------------------------------------------

      Code (inc. data)   RO Data    RW Data    ZI Data      Debug   Library Member Name

        90          0          0          0          0          0   __dczerorl2.o
         8          0          0          0          0         68   __main.o
         0          0          0          0          0          0   __rtentry.o
        12          0          0          0          0          0   __rtentry2.o
         6          0          0          0          0          0   __rtentry4.o
        52          8          0          0          0          0   __scatter.o
        28          0          0          0          0          0   __scatter_zi.o
        22          0          0          0          0        100   _rserrno.o
        18          0          0          0          0         80   exit.o
         6          0          0          0          0        152   heapauxi.o
         0          0          0          0          0          0   indicate_semi.o
         2          0          0          0          0          0   libinit.o
         2          0          0          0          0          0   libinit2.o
         2          0          0          0          0          0   libshutdown.o
         2          0          0          0          0          0   libshutdown2.o
         8          4          0          0         96         68   libspace.o
         8          4          0          0          0         68   rt_errno_addr_intlibspace.o
        78          0          0          0          0         80   rt_memclr_w.o
         2          0          0          0          0          0   rtexit.o
        10          0          0          0          0          0   rtexit2.o
        12          4          0          0          0         68   sys_exit.o
        74          0          0          0          0         80   sys_stackheap_outer.o
         2          0          0          0          0         68   use_no_semi.o
        98          4          0          0          0         92   d2f.o
       826         16          0          0          0        348   daddsub_clz.o
        16          4          0          0          0         68   dcheck1.o
        24          0          0          0          0         68   dcmpi.o
       688        140          0          0          0        208   ddiv.o
        94          4          0          0          0         92   dfix.o
        84          0          0          0          0        136   dflt_clz.o
       120          4          0          0          0         92   dleqf.o
       340         12          0          0          0        104   dmul.o
       156          4          0          0          0         92   dnaninf.o
        12          0          0          0          0         68   dretinf.o
       108          0          0          0          0         80   drleqf.o
        86          4          0          0          0         84   f2d.o
       430          8          0          0          0        168   faddsub_clz.o
        24          0          0          0          0         68   fcmpi.o
       388         76          0          0          0         96   fdiv.o
        54          4          0          0          0         84   ffix.o
        62          4          0          0          0         84   ffixu.o
        86          0          0          0          0        136   fflt_clz.o
       104          4          0          0          0         84   fleqf.o
       258          4          0          0          0         84   fmul.o
       140          4          0          0          0         84   fnaninf.o
        10          0          0          0          0         68   fretinf.o
        98          0          0          0          0         68   frleqf.o
       100          0          0          0          0         68   retnan.o
        92          0          0          0          0         68   scalbn.o
        48          0          0          0          0         68   trapv.o
         0          0          0          0          0          0   usenofp.o
       544         70        152          0          0        124   atan.o
        34          6          0          0          0        204   dunder.o
        40          0          0          0          0         68   fpclassify.o
       170          0          0          0          0         96   poly.o
       904         76        200          0          0        140   rred.o
       100         10          0          0          0         96   tan.o
       636         50         96          0          0        168   tan_i.o

    ----------------------------------------------------------------------
      7448        528        448          0         96       4488   Library Totals
        30          0          0          0          0          0   (incl. Padding)

    ----------------------------------------------------------------------

      Code (inc. data)   RO Data    RW Data    ZI Data      Debug   Library Name

       444         20          0          0         96        832   c_w.l
      4546        296          0          0          0       2760   fz_ws.l
      2428        212        448          0          0        896   m_ws.l

    ----------------------------------------------------------------------
      7448        528        448          0         96       4488   Library Totals

    ----------------------------------------------------------------------

==============================================================================


      Code (inc. data)   RO Data    RW Data    ZI Data      Debug   

     50168       2278        792       1608       3392     749487   Grand Totals
     50168       2278        792        928       3392     749487   ELF Image Totals (compressed)
     50168       2278        792        928          0          0   ROM Totals

==============================================================================

    Total RO  Size (Code + RO Data)                50960 (  49.77kB)
    Total RW  Size (RW Data + ZI Data)              5000 (   4.88kB)
    Total ROM Size (Code + RO Data + RW Data)      51888 (  50.67kB)

==============================================================================

