<!doctype html public "-//w3c//dtd html 4.0 transitional//en">
<html><head>
<title>Static Call Graph - [.\Objects\TXIP-SOURCE.axf]</title></head>
<body><HR>
<H1>Static Call Graph for image .\Objects\TXIP-SOURCE.axf</H1><HR>
<BR><P>#&#060CALLGRAPH&#062# ARM Linker, 5060750: Last Updated: Thu Jul 30 17:35:24 2020
<BR><P>
<H3>Maximum Stack Usage =        472 bytes + Unknown(Functions without stacksize, Cycles, Untraceable Function Pointers)</H3><H3>
Call chain for Maximum Stack Depth:</H3>
__rt_entry_main &rArr; main &rArr; ComCmd_Proc &rArr; Loc3DCamAction &rArr; tan &rArr; __ieee754_rem_pio2 &rArr; __aeabi_dmul
<P>
<H3>
Functions with no stack information
</H3><UL>
 <LI><a href="#[1f1]">__user_initial_stackheap</a>
</UL>
</UL>
<P>
<H3>
Mutually Recursive functions
</H3> <LI><a href="#[4c]">ADC1_2_IRQHandler</a>&nbsp;&nbsp;&nbsp;&rArr;&nbsp;&nbsp;&nbsp;<a href="#[4c]">ADC1_2_IRQHandler</a><BR>
</UL>
<P>
<H3>
Function Pointers
</H3><UL>
 <LI><a href="#[4c]">ADC1_2_IRQHandler</a> from startup_stm32f10x_hd.o(.text) referenced from startup_stm32f10x_hd.o(RESET)
 <LI><a href="#[69]">ADC3_IRQHandler</a> from startup_stm32f10x_hd.o(.text) referenced from startup_stm32f10x_hd.o(RESET)
 <LI><a href="#[2d]">AlgCalcCamAd</a> from algorithm.o(.text) referenced 2 times from algorithm.o(.data)
 <LI><a href="#[2c]">AlgCalcCamAngle</a> from algorithm.o(.text) referenced 2 times from algorithm.o(.data)
 <LI><a href="#[2b]">AlgCorrCamAdValue</a> from algorithm.o(.text) referenced 2 times from algorithm.o(.data)
 <LI><a href="#[2e]">AlgGetZoomInAd</a> from algorithm.o(.text) referenced 2 times from algorithm.o(.data)
 <LI><a href="#[2f]">AlgGetZoomOutAd</a> from algorithm.o(.text) referenced 2 times from algorithm.o(.data)
 <LI><a href="#[34]">BusFault_Handler</a> from stm32f10x_it.o(.text) referenced from startup_stm32f10x_hd.o(RESET)
 <LI><a href="#[4f]">CAN1_RX1_IRQHandler</a> from startup_stm32f10x_hd.o(.text) referenced from startup_stm32f10x_hd.o(RESET)
 <LI><a href="#[50]">CAN1_SCE_IRQHandler</a> from startup_stm32f10x_hd.o(.text) referenced from startup_stm32f10x_hd.o(RESET)
 <LI><a href="#[18]">CameraFar</a> from lensdriver.o(.text) referenced 2 times from lensdriver.o(.data)
 <LI><a href="#[1b]">CameraFocusStop</a> from lensdriver.o(.text) referenced 2 times from lensdriver.o(.data)
 <LI><a href="#[19]">CameraNear</a> from lensdriver.o(.text) referenced 2 times from lensdriver.o(.data)
 <LI><a href="#[17]">CameraTele</a> from lensdriver.o(.text) referenced 2 times from lensdriver.o(.data)
 <LI><a href="#[16]">CameraWide</a> from lensdriver.o(.text) referenced 2 times from lensdriver.o(.data)
 <LI><a href="#[1a]">CameraZoomStop</a> from lensdriver.o(.text) referenced 2 times from lensdriver.o(.data)
 <LI><a href="#[45]">DMA1_Channel1_IRQHandler</a> from startup_stm32f10x_hd.o(.text) referenced from startup_stm32f10x_hd.o(RESET)
 <LI><a href="#[46]">DMA1_Channel2_IRQHandler</a> from startup_stm32f10x_hd.o(.text) referenced from startup_stm32f10x_hd.o(RESET)
 <LI><a href="#[47]">DMA1_Channel3_IRQHandler</a> from startup_stm32f10x_hd.o(.text) referenced from startup_stm32f10x_hd.o(RESET)
 <LI><a href="#[48]">DMA1_Channel4_IRQHandler</a> from startup_stm32f10x_hd.o(.text) referenced from startup_stm32f10x_hd.o(RESET)
 <LI><a href="#[49]">DMA1_Channel5_IRQHandler</a> from startup_stm32f10x_hd.o(.text) referenced from startup_stm32f10x_hd.o(RESET)
 <LI><a href="#[4a]">DMA1_Channel6_IRQHandler</a> from eeprom_i2c.o(.text) referenced from startup_stm32f10x_hd.o(RESET)
 <LI><a href="#[4b]">DMA1_Channel7_IRQHandler</a> from eeprom_i2c.o(.text) referenced from startup_stm32f10x_hd.o(RESET)
 <LI><a href="#[72]">DMA2_Channel1_IRQHandler</a> from startup_stm32f10x_hd.o(.text) referenced from startup_stm32f10x_hd.o(RESET)
 <LI><a href="#[73]">DMA2_Channel2_IRQHandler</a> from startup_stm32f10x_hd.o(.text) referenced from startup_stm32f10x_hd.o(RESET)
 <LI><a href="#[74]">DMA2_Channel3_IRQHandler</a> from startup_stm32f10x_hd.o(.text) referenced from startup_stm32f10x_hd.o(RESET)
 <LI><a href="#[75]">DMA2_Channel4_5_IRQHandler</a> from startup_stm32f10x_hd.o(.text) referenced from startup_stm32f10x_hd.o(RESET)
 <LI><a href="#[37]">DebugMon_Handler</a> from stm32f10x_it.o(.text) referenced from startup_stm32f10x_hd.o(RESET)
 <LI><a href="#[40]">EXTI0_IRQHandler</a> from startup_stm32f10x_hd.o(.text) referenced from startup_stm32f10x_hd.o(RESET)
 <LI><a href="#[62]">EXTI15_10_IRQHandler</a> from startup_stm32f10x_hd.o(.text) referenced from startup_stm32f10x_hd.o(RESET)
 <LI><a href="#[41]">EXTI1_IRQHandler</a> from startup_stm32f10x_hd.o(.text) referenced from startup_stm32f10x_hd.o(RESET)
 <LI><a href="#[42]">EXTI2_IRQHandler</a> from startup_stm32f10x_hd.o(.text) referenced from startup_stm32f10x_hd.o(RESET)
 <LI><a href="#[43]">EXTI3_IRQHandler</a> from startup_stm32f10x_hd.o(.text) referenced from startup_stm32f10x_hd.o(RESET)
 <LI><a href="#[44]">EXTI4_IRQHandler</a> from startup_stm32f10x_hd.o(.text) referenced from startup_stm32f10x_hd.o(RESET)
 <LI><a href="#[51]">EXTI9_5_IRQHandler</a> from startup_stm32f10x_hd.o(.text) referenced from startup_stm32f10x_hd.o(RESET)
 <LI><a href="#[3e]">FLASH_IRQHandler</a> from startup_stm32f10x_hd.o(.text) referenced from startup_stm32f10x_hd.o(RESET)
 <LI><a href="#[6a]">FSMC_IRQHandler</a> from startup_stm32f10x_hd.o(.text) referenced from startup_stm32f10x_hd.o(RESET)
 <LI><a href="#[32]">HardFault_Handler</a> from stm32f10x_it.o(.text) referenced from startup_stm32f10x_hd.o(RESET)
 <LI><a href="#[5a]">I2C1_ER_IRQHandler</a> from startup_stm32f10x_hd.o(.text) referenced from startup_stm32f10x_hd.o(RESET)
 <LI><a href="#[59]">I2C1_EV_IRQHandler</a> from startup_stm32f10x_hd.o(.text) referenced from startup_stm32f10x_hd.o(RESET)
 <LI><a href="#[5c]">I2C2_ER_IRQHandler</a> from startup_stm32f10x_hd.o(.text) referenced from startup_stm32f10x_hd.o(RESET)
 <LI><a href="#[5b]">I2C2_EV_IRQHandler</a> from startup_stm32f10x_hd.o(.text) referenced from startup_stm32f10x_hd.o(RESET)
 <LI><a href="#[20]">IRFar</a> from lensdriver.o(.text) referenced 2 times from lensdriver.o(.data)
 <LI><a href="#[23]">IRFocusStop</a> from lensdriver.o(.text) referenced 2 times from lensdriver.o(.data)
 <LI><a href="#[21]">IRNear</a> from lensdriver.o(.text) referenced 2 times from lensdriver.o(.data)
 <LI><a href="#[1f]">IRTele</a> from lensdriver.o(.text) referenced 2 times from lensdriver.o(.data)
 <LI><a href="#[1e]">IRWide</a> from lensdriver.o(.text) referenced 2 times from lensdriver.o(.data)
 <LI><a href="#[22]">IRZoomStop</a> from lensdriver.o(.text) referenced 2 times from lensdriver.o(.data)
 <LI><a href="#[7]">LaserAuto</a> from laserfunction.o(.text) referenced 2 times from laserfunction.o(.data)
 <LI><a href="#[11]">LaserAutoFunction</a> from laserfunction.o(.text) referenced 2 times from laserfunction.o(.data)
 <LI><a href="#[9]">LaserBig</a> from laserfunction.o(.text) referenced 2 times from laserfunction.o(.data)
 <LI><a href="#[6]">LaserClose</a> from laserfunction.o(.text) referenced 2 times from laserfunction.o(.data)
 <LI><a href="#[15]">LaserCorrectionCameraADValue</a> from laserfunction.o(.text) referenced 2 times from laserfunction.o(.data)
 <LI><a href="#[13]">LaserFirstError</a> from laserfunction.o(.text) referenced 2 times from laserfunction.o(.data)
 <LI><a href="#[12]">LaserFullError</a> from laserfunction.o(.text) referenced 2 times from laserfunction.o(.data)
 <LI><a href="#[c]">LaserGoToPosition</a> from laserfunction.o(.text) referenced 2 times from laserfunction.o(.data)
 <LI><a href="#[3]">LaserInit</a> from laserfunction.o(.text) referenced 2 times from laserfunction.o(.data)
 <LI><a href="#[4]">LaserMove</a> from laserfunction.o(.text) referenced 2 times from laserfunction.o(.data)
 <LI><a href="#[5]">LaserOpen</a> from laserfunction.o(.text) referenced 2 times from laserfunction.o(.data)
 <LI><a href="#[14]">LaserRead</a> from laserfunction.o(.text) referenced 2 times from laserfunction.o(.data)
 <LI><a href="#[b]">LaserSelfTest</a> from laserfunction.o(.text) referenced 2 times from laserfunction.o(.data)
 <LI><a href="#[10]">LaserSetTouchOff</a> from laserfunction.o(.text) referenced 2 times from laserfunction.o(.data)
 <LI><a href="#[a]">LaserSmall</a> from laserfunction.o(.text) referenced 2 times from laserfunction.o(.data)
 <LI><a href="#[8]">LaserStop</a> from laserfunction.o(.text) referenced 2 times from laserfunction.o(.data)
 <LI><a href="#[d]">LaserSynchronize</a> from laserfunction.o(.text) referenced 2 times from laserfunction.o(.data)
 <LI><a href="#[f]">LaserSynchronizeDisable</a> from laserfunction.o(.text) referenced 2 times from laserfunction.o(.data)
 <LI><a href="#[e]">LaserSynchronizeEnable</a> from laserfunction.o(.text) referenced 2 times from laserfunction.o(.data)
 <LI><a href="#[26]">LensInit</a> from lensdriver.o(.text) referenced 2 times from lensdriver.o(.data)
 <LI><a href="#[33]">MemManage_Handler</a> from stm32f10x_it.o(.text) referenced from startup_stm32f10x_hd.o(RESET)
 <LI><a href="#[2a]">MiscPelcodCrc</a> from miscalg.o(.text) referenced 2 times from miscalg.o(.data)
 <LI><a href="#[28]">MiscUnIntAbs</a> from miscalg.o(.text) referenced 2 times from miscalg.o(.data)
 <LI><a href="#[29]">MiscUnShortAbs</a> from miscalg.o(.text) referenced 2 times from miscalg.o(.data)
 <LI><a href="#[31]">NMI_Handler</a> from stm32f10x_it.o(.text) referenced from startup_stm32f10x_hd.o(RESET)
 <LI><a href="#[3b]">PVD_IRQHandler</a> from startup_stm32f10x_hd.o(.text) referenced from startup_stm32f10x_hd.o(RESET)
 <LI><a href="#[38]">PendSV_Handler</a> from stm32f10x_it.o(.text) referenced from startup_stm32f10x_hd.o(RESET)
 <LI><a href="#[3f]">RCC_IRQHandler</a> from startup_stm32f10x_hd.o(.text) referenced from startup_stm32f10x_hd.o(RESET)
 <LI><a href="#[63]">RTCAlarm_IRQHandler</a> from startup_stm32f10x_hd.o(.text) referenced from startup_stm32f10x_hd.o(RESET)
 <LI><a href="#[3d]">RTC_IRQHandler</a> from startup_stm32f10x_hd.o(.text) referenced from startup_stm32f10x_hd.o(RESET)
 <LI><a href="#[1d]">ReadCameraFocusValue</a> from lensdriver.o(.text) referenced 2 times from lensdriver.o(.data)
 <LI><a href="#[1c]">ReadCameraZoomValue</a> from lensdriver.o(.text) referenced 2 times from lensdriver.o(.data)
 <LI><a href="#[25]">ReadIRFocusValue</a> from lensdriver.o(.text) referenced 2 times from lensdriver.o(.data)
 <LI><a href="#[24]">ReadIRZoomValue</a> from lensdriver.o(.text) referenced 2 times from lensdriver.o(.data)
 <LI><a href="#[27]">ReadLightSensorValue</a> from lensdriver.o(.text) referenced 2 times from lensdriver.o(.data)
 <LI><a href="#[30]">Reset_Handler</a> from startup_stm32f10x_hd.o(.text) referenced from startup_stm32f10x_hd.o(RESET)
 <LI><a href="#[6b]">SDIO_IRQHandler</a> from startup_stm32f10x_hd.o(.text) referenced from startup_stm32f10x_hd.o(RESET)
 <LI><a href="#[5d]">SPI1_IRQHandler</a> from startup_stm32f10x_hd.o(.text) referenced from startup_stm32f10x_hd.o(RESET)
 <LI><a href="#[5e]">SPI2_IRQHandler</a> from startup_stm32f10x_hd.o(.text) referenced from startup_stm32f10x_hd.o(RESET)
 <LI><a href="#[6d]">SPI3_IRQHandler</a> from startup_stm32f10x_hd.o(.text) referenced from startup_stm32f10x_hd.o(RESET)
 <LI><a href="#[36]">SVC_Handler</a> from stm32f10x_it.o(.text) referenced from startup_stm32f10x_hd.o(RESET)
 <LI><a href="#[39]">SysTick_Handler</a> from stm32f10x_it.o(.text) referenced from startup_stm32f10x_hd.o(RESET)
 <LI><a href="#[76]">SystemInit</a> from system_stm32f10x.o(.text) referenced from startup_stm32f10x_hd.o(.text)
 <LI><a href="#[3c]">TAMPER_IRQHandler</a> from startup_stm32f10x_hd.o(.text) referenced from startup_stm32f10x_hd.o(RESET)
 <LI><a href="#[52]">TIM1_BRK_IRQHandler</a> from startup_stm32f10x_hd.o(.text) referenced from startup_stm32f10x_hd.o(RESET)
 <LI><a href="#[55]">TIM1_CC_IRQHandler</a> from startup_stm32f10x_hd.o(.text) referenced from startup_stm32f10x_hd.o(RESET)
 <LI><a href="#[54]">TIM1_TRG_COM_IRQHandler</a> from startup_stm32f10x_hd.o(.text) referenced from startup_stm32f10x_hd.o(RESET)
 <LI><a href="#[53]">TIM1_UP_IRQHandler</a> from startup_stm32f10x_hd.o(.text) referenced from startup_stm32f10x_hd.o(RESET)
 <LI><a href="#[56]">TIM2_IRQHandler</a> from timer.o(.text) referenced from startup_stm32f10x_hd.o(RESET)
 <LI><a href="#[57]">TIM3_IRQHandler</a> from timer.o(.text) referenced from startup_stm32f10x_hd.o(RESET)
 <LI><a href="#[58]">TIM4_IRQHandler</a> from timer.o(.text) referenced from startup_stm32f10x_hd.o(RESET)
 <LI><a href="#[6c]">TIM5_IRQHandler</a> from timer.o(.text) referenced from startup_stm32f10x_hd.o(RESET)
 <LI><a href="#[70]">TIM6_IRQHandler</a> from startup_stm32f10x_hd.o(.text) referenced from startup_stm32f10x_hd.o(RESET)
 <LI><a href="#[71]">TIM7_IRQHandler</a> from startup_stm32f10x_hd.o(.text) referenced from startup_stm32f10x_hd.o(RESET)
 <LI><a href="#[65]">TIM8_BRK_IRQHandler</a> from startup_stm32f10x_hd.o(.text) referenced from startup_stm32f10x_hd.o(RESET)
 <LI><a href="#[68]">TIM8_CC_IRQHandler</a> from startup_stm32f10x_hd.o(.text) referenced from startup_stm32f10x_hd.o(RESET)
 <LI><a href="#[67]">TIM8_TRG_COM_IRQHandler</a> from startup_stm32f10x_hd.o(.text) referenced from startup_stm32f10x_hd.o(RESET)
 <LI><a href="#[66]">TIM8_UP_IRQHandler</a> from startup_stm32f10x_hd.o(.text) referenced from startup_stm32f10x_hd.o(RESET)
 <LI><a href="#[6e]">UART4_IRQHandler</a> from ttl_uart.o(.text) referenced from startup_stm32f10x_hd.o(RESET)
 <LI><a href="#[6f]">UART5_IRQHandler</a> from ir_uart.o(.text) referenced from startup_stm32f10x_hd.o(RESET)
 <LI><a href="#[5f]">USART1_IRQHandler</a> from tvc_uart.o(.text) referenced from startup_stm32f10x_hd.o(RESET)
 <LI><a href="#[60]">USART2_IRQHandler</a> from pt_uart.o(.text) referenced from startup_stm32f10x_hd.o(RESET)
 <LI><a href="#[61]">USART3_IRQHandler</a> from vc_uart.o(.text) referenced from startup_stm32f10x_hd.o(RESET)
 <LI><a href="#[64]">USBWakeUp_IRQHandler</a> from startup_stm32f10x_hd.o(.text) referenced from startup_stm32f10x_hd.o(RESET)
 <LI><a href="#[4d]">USB_HP_CAN1_TX_IRQHandler</a> from startup_stm32f10x_hd.o(.text) referenced from startup_stm32f10x_hd.o(RESET)
 <LI><a href="#[4e]">USB_LP_CAN1_RX0_IRQHandler</a> from startup_stm32f10x_hd.o(.text) referenced from startup_stm32f10x_hd.o(RESET)
 <LI><a href="#[35]">UsageFault_Handler</a> from stm32f10x_it.o(.text) referenced from startup_stm32f10x_hd.o(RESET)
 <LI><a href="#[3a]">WWDG_IRQHandler</a> from startup_stm32f10x_hd.o(.text) referenced from startup_stm32f10x_hd.o(RESET)
 <LI><a href="#[78]">__main</a> from __main.o(!!!main) referenced from startup_stm32f10x_hd.o(.text)
</UL>
<P>
<H3>
Global Symbols
</H3>
<P><STRONG><a name="[78]"></a>__main</STRONG> (Thumb, 8 bytes, Stack size 0 bytes, __main.o(!!!main))
<BR><BR>[Calls]<UL><LI><a href="#[7a]">&gt;&gt;</a>&nbsp;&nbsp;&nbsp;__rt_entry
<LI><a href="#[79]">&gt;&gt;</a>&nbsp;&nbsp;&nbsp;__scatterload
</UL>

<P><STRONG><a name="[79]"></a>__scatterload</STRONG> (Thumb, 0 bytes, Stack size unknown bytes, __scatter.o(!!!scatter))
<BR><BR>[Called By]<UL><LI><a href="#[78]">&gt;&gt;</a>&nbsp;&nbsp;&nbsp;__main
</UL>

<P><STRONG><a name="[7b]"></a>__scatterload_rt2</STRONG> (Thumb, 44 bytes, Stack size unknown bytes, __scatter.o(!!!scatter), UNUSED)
<BR><BR>[Calls]<UL><LI><a href="#[7a]">&gt;&gt;</a>&nbsp;&nbsp;&nbsp;__rt_entry
</UL>

<P><STRONG><a name="[21d]"></a>__scatterload_rt2_thumb_only</STRONG> (Thumb, 0 bytes, Stack size unknown bytes, __scatter.o(!!!scatter), UNUSED)

<P><STRONG><a name="[21e]"></a>__scatterload_null</STRONG> (Thumb, 0 bytes, Stack size unknown bytes, __scatter.o(!!!scatter), UNUSED)

<P><STRONG><a name="[21f]"></a>__decompress</STRONG> (Thumb, 90 bytes, Stack size unknown bytes, __dczerorl2.o(!!dczerorl2), UNUSED)

<P><STRONG><a name="[220]"></a>__decompress1</STRONG> (Thumb, 0 bytes, Stack size unknown bytes, __dczerorl2.o(!!dczerorl2), UNUSED)

<P><STRONG><a name="[221]"></a>__scatterload_zeroinit</STRONG> (Thumb, 28 bytes, Stack size unknown bytes, __scatter_zi.o(!!handler_zi), UNUSED)

<P><STRONG><a name="[7f]"></a>__rt_lib_init</STRONG> (Thumb, 0 bytes, Stack size unknown bytes, libinit.o(.ARM.Collect$$libinit$$00000000))
<BR><BR>[Called By]<UL><LI><a href="#[7e]">&gt;&gt;</a>&nbsp;&nbsp;&nbsp;__rt_entry_li
</UL>

<P><STRONG><a name="[222]"></a>__rt_lib_init_alloca_1</STRONG> (Thumb, 0 bytes, Stack size unknown bytes, libinit2.o(.ARM.Collect$$libinit$$0000002E))

<P><STRONG><a name="[223]"></a>__rt_lib_init_argv_1</STRONG> (Thumb, 0 bytes, Stack size unknown bytes, libinit2.o(.ARM.Collect$$libinit$$0000002C))

<P><STRONG><a name="[224]"></a>__rt_lib_init_atexit_1</STRONG> (Thumb, 0 bytes, Stack size unknown bytes, libinit2.o(.ARM.Collect$$libinit$$0000001B))

<P><STRONG><a name="[225]"></a>__rt_lib_init_clock_1</STRONG> (Thumb, 0 bytes, Stack size unknown bytes, libinit2.o(.ARM.Collect$$libinit$$00000021))

<P><STRONG><a name="[226]"></a>__rt_lib_init_cpp_1</STRONG> (Thumb, 0 bytes, Stack size unknown bytes, libinit2.o(.ARM.Collect$$libinit$$00000032))

<P><STRONG><a name="[227]"></a>__rt_lib_init_exceptions_1</STRONG> (Thumb, 0 bytes, Stack size unknown bytes, libinit2.o(.ARM.Collect$$libinit$$00000030))

<P><STRONG><a name="[228]"></a>__rt_lib_init_fp_1</STRONG> (Thumb, 0 bytes, Stack size unknown bytes, libinit2.o(.ARM.Collect$$libinit$$00000002))

<P><STRONG><a name="[229]"></a>__rt_lib_init_fp_trap_1</STRONG> (Thumb, 0 bytes, Stack size unknown bytes, libinit2.o(.ARM.Collect$$libinit$$0000001F))

<P><STRONG><a name="[22a]"></a>__rt_lib_init_getenv_1</STRONG> (Thumb, 0 bytes, Stack size unknown bytes, libinit2.o(.ARM.Collect$$libinit$$00000023))

<P><STRONG><a name="[22b]"></a>__rt_lib_init_heap_1</STRONG> (Thumb, 0 bytes, Stack size unknown bytes, libinit2.o(.ARM.Collect$$libinit$$0000000A))

<P><STRONG><a name="[22c]"></a>__rt_lib_init_lc_collate_1</STRONG> (Thumb, 0 bytes, Stack size unknown bytes, libinit2.o(.ARM.Collect$$libinit$$00000011))

<P><STRONG><a name="[22d]"></a>__rt_lib_init_lc_ctype_1</STRONG> (Thumb, 0 bytes, Stack size unknown bytes, libinit2.o(.ARM.Collect$$libinit$$00000013))

<P><STRONG><a name="[22e]"></a>__rt_lib_init_lc_monetary_1</STRONG> (Thumb, 0 bytes, Stack size unknown bytes, libinit2.o(.ARM.Collect$$libinit$$00000015))

<P><STRONG><a name="[22f]"></a>__rt_lib_init_lc_numeric_1</STRONG> (Thumb, 0 bytes, Stack size unknown bytes, libinit2.o(.ARM.Collect$$libinit$$00000017))

<P><STRONG><a name="[230]"></a>__rt_lib_init_lc_time_1</STRONG> (Thumb, 0 bytes, Stack size unknown bytes, libinit2.o(.ARM.Collect$$libinit$$00000019))

<P><STRONG><a name="[231]"></a>__rt_lib_init_preinit_1</STRONG> (Thumb, 0 bytes, Stack size unknown bytes, libinit2.o(.ARM.Collect$$libinit$$00000004))

<P><STRONG><a name="[232]"></a>__rt_lib_init_rand_1</STRONG> (Thumb, 0 bytes, Stack size unknown bytes, libinit2.o(.ARM.Collect$$libinit$$0000000E))

<P><STRONG><a name="[233]"></a>__rt_lib_init_return</STRONG> (Thumb, 0 bytes, Stack size unknown bytes, libinit2.o(.ARM.Collect$$libinit$$00000033))

<P><STRONG><a name="[234]"></a>__rt_lib_init_signal_1</STRONG> (Thumb, 0 bytes, Stack size unknown bytes, libinit2.o(.ARM.Collect$$libinit$$0000001D))

<P><STRONG><a name="[235]"></a>__rt_lib_init_stdio_1</STRONG> (Thumb, 0 bytes, Stack size unknown bytes, libinit2.o(.ARM.Collect$$libinit$$00000025))

<P><STRONG><a name="[236]"></a>__rt_lib_init_user_alloc_1</STRONG> (Thumb, 0 bytes, Stack size unknown bytes, libinit2.o(.ARM.Collect$$libinit$$0000000C))

<P><STRONG><a name="[84]"></a>__rt_lib_shutdown</STRONG> (Thumb, 0 bytes, Stack size unknown bytes, libshutdown.o(.ARM.Collect$$libshutdown$$00000000))
<BR><BR>[Called By]<UL><LI><a href="#[83]">&gt;&gt;</a>&nbsp;&nbsp;&nbsp;__rt_exit_ls
</UL>

<P><STRONG><a name="[237]"></a>__rt_lib_shutdown_cpp_1</STRONG> (Thumb, 0 bytes, Stack size unknown bytes, libshutdown2.o(.ARM.Collect$$libshutdown$$00000002))

<P><STRONG><a name="[238]"></a>__rt_lib_shutdown_fp_trap_1</STRONG> (Thumb, 0 bytes, Stack size unknown bytes, libshutdown2.o(.ARM.Collect$$libshutdown$$00000007))

<P><STRONG><a name="[239]"></a>__rt_lib_shutdown_heap_1</STRONG> (Thumb, 0 bytes, Stack size unknown bytes, libshutdown2.o(.ARM.Collect$$libshutdown$$0000000F))

<P><STRONG><a name="[23a]"></a>__rt_lib_shutdown_return</STRONG> (Thumb, 0 bytes, Stack size unknown bytes, libshutdown2.o(.ARM.Collect$$libshutdown$$00000010))

<P><STRONG><a name="[23b]"></a>__rt_lib_shutdown_signal_1</STRONG> (Thumb, 0 bytes, Stack size unknown bytes, libshutdown2.o(.ARM.Collect$$libshutdown$$0000000A))

<P><STRONG><a name="[23c]"></a>__rt_lib_shutdown_stdio_1</STRONG> (Thumb, 0 bytes, Stack size unknown bytes, libshutdown2.o(.ARM.Collect$$libshutdown$$00000004))

<P><STRONG><a name="[23d]"></a>__rt_lib_shutdown_user_alloc_1</STRONG> (Thumb, 0 bytes, Stack size unknown bytes, libshutdown2.o(.ARM.Collect$$libshutdown$$0000000C))

<P><STRONG><a name="[7a]"></a>__rt_entry</STRONG> (Thumb, 0 bytes, Stack size unknown bytes, __rtentry.o(.ARM.Collect$$rtentry$$00000000))
<BR><BR>[Called By]<UL><LI><a href="#[78]">&gt;&gt;</a>&nbsp;&nbsp;&nbsp;__main
<LI><a href="#[7b]">&gt;&gt;</a>&nbsp;&nbsp;&nbsp;__scatterload_rt2
</UL>

<P><STRONG><a name="[23e]"></a>__rt_entry_presh_1</STRONG> (Thumb, 0 bytes, Stack size unknown bytes, __rtentry2.o(.ARM.Collect$$rtentry$$00000002))

<P><STRONG><a name="[7c]"></a>__rt_entry_sh</STRONG> (Thumb, 0 bytes, Stack size unknown bytes, __rtentry4.o(.ARM.Collect$$rtentry$$00000004))
<BR><BR>[Stack]<UL><LI>Max Depth = 8 + Unknown Stack Size
<LI>Call Chain = __rt_entry_sh &rArr; __user_setup_stackheap
</UL>
<BR>[Calls]<UL><LI><a href="#[7d]">&gt;&gt;</a>&nbsp;&nbsp;&nbsp;__user_setup_stackheap
</UL>

<P><STRONG><a name="[7e]"></a>__rt_entry_li</STRONG> (Thumb, 0 bytes, Stack size unknown bytes, __rtentry2.o(.ARM.Collect$$rtentry$$0000000A))
<BR><BR>[Calls]<UL><LI><a href="#[7f]">&gt;&gt;</a>&nbsp;&nbsp;&nbsp;__rt_lib_init
</UL>

<P><STRONG><a name="[23f]"></a>__rt_entry_postsh_1</STRONG> (Thumb, 0 bytes, Stack size unknown bytes, __rtentry2.o(.ARM.Collect$$rtentry$$00000009))

<P><STRONG><a name="[80]"></a>__rt_entry_main</STRONG> (Thumb, 0 bytes, Stack size unknown bytes, __rtentry2.o(.ARM.Collect$$rtentry$$0000000D))
<BR><BR>[Stack]<UL><LI>Max Depth = 472 + Unknown Stack Size
<LI>Call Chain = __rt_entry_main &rArr; main &rArr; ComCmd_Proc &rArr; Loc3DCamAction &rArr; tan &rArr; __ieee754_rem_pio2 &rArr; __aeabi_dmul
</UL>
<BR>[Calls]<UL><LI><a href="#[81]">&gt;&gt;</a>&nbsp;&nbsp;&nbsp;main
<LI><a href="#[82]">&gt;&gt;</a>&nbsp;&nbsp;&nbsp;exit
</UL>

<P><STRONG><a name="[240]"></a>__rt_entry_postli_1</STRONG> (Thumb, 0 bytes, Stack size unknown bytes, __rtentry2.o(.ARM.Collect$$rtentry$$0000000C))

<P><STRONG><a name="[1f2]"></a>__rt_exit</STRONG> (Thumb, 0 bytes, Stack size unknown bytes, rtexit.o(.ARM.Collect$$rtexit$$00000000))
<BR><BR>[Called By]<UL><LI><a href="#[82]">&gt;&gt;</a>&nbsp;&nbsp;&nbsp;exit
</UL>

<P><STRONG><a name="[83]"></a>__rt_exit_ls</STRONG> (Thumb, 0 bytes, Stack size unknown bytes, rtexit2.o(.ARM.Collect$$rtexit$$00000003))
<BR><BR>[Calls]<UL><LI><a href="#[84]">&gt;&gt;</a>&nbsp;&nbsp;&nbsp;__rt_lib_shutdown
</UL>

<P><STRONG><a name="[241]"></a>__rt_exit_prels_1</STRONG> (Thumb, 0 bytes, Stack size unknown bytes, rtexit2.o(.ARM.Collect$$rtexit$$00000002))

<P><STRONG><a name="[85]"></a>__rt_exit_exit</STRONG> (Thumb, 0 bytes, Stack size unknown bytes, rtexit2.o(.ARM.Collect$$rtexit$$00000004))
<BR><BR>[Calls]<UL><LI><a href="#[86]">&gt;&gt;</a>&nbsp;&nbsp;&nbsp;_sys_exit
</UL>

<P><STRONG><a name="[87]"></a>GPIO_CameraLense_Configuration</STRONG> (Thumb, 80 bytes, Stack size 8 bytes, camera_lense.o(.text))
<BR><BR>[Stack]<UL><LI>Max Depth = 32<LI>Call Chain = GPIO_CameraLense_Configuration &rArr; GPIO_Init
</UL>
<BR>[Calls]<UL><LI><a href="#[88]">&gt;&gt;</a>&nbsp;&nbsp;&nbsp;RCC_APB2PeriphClockCmd
<LI><a href="#[89]">&gt;&gt;</a>&nbsp;&nbsp;&nbsp;GPIO_WriteBit
<LI><a href="#[8a]">&gt;&gt;</a>&nbsp;&nbsp;&nbsp;GPIO_Init
</UL>
<BR>[Called By]<UL><LI><a href="#[a5]">&gt;&gt;</a>&nbsp;&nbsp;&nbsp;CameraLense_Init
</UL>

<P><STRONG><a name="[8b]"></a>TIM4CH3_PWM_Init</STRONG> (Thumb, 154 bytes, Stack size 40 bytes, camera_lense.o(.text))
<BR><BR>[Stack]<UL><LI>Max Depth = 64<LI>Call Chain = TIM4CH3_PWM_Init &rArr; GPIO_Init
</UL>
<BR>[Calls]<UL><LI><a href="#[8d]">&gt;&gt;</a>&nbsp;&nbsp;&nbsp;TIM_TimeBaseInit
<LI><a href="#[91]">&gt;&gt;</a>&nbsp;&nbsp;&nbsp;TIM_OC4PreloadConfig
<LI><a href="#[90]">&gt;&gt;</a>&nbsp;&nbsp;&nbsp;TIM_OC4Init
<LI><a href="#[8f]">&gt;&gt;</a>&nbsp;&nbsp;&nbsp;TIM_OC3PreloadConfig
<LI><a href="#[8e]">&gt;&gt;</a>&nbsp;&nbsp;&nbsp;TIM_OC3Init
<LI><a href="#[93]">&gt;&gt;</a>&nbsp;&nbsp;&nbsp;TIM_Cmd
<LI><a href="#[92]">&gt;&gt;</a>&nbsp;&nbsp;&nbsp;TIM_ARRPreloadConfig
<LI><a href="#[88]">&gt;&gt;</a>&nbsp;&nbsp;&nbsp;RCC_APB2PeriphClockCmd
<LI><a href="#[8c]">&gt;&gt;</a>&nbsp;&nbsp;&nbsp;RCC_APB1PeriphClockCmd
<LI><a href="#[8a]">&gt;&gt;</a>&nbsp;&nbsp;&nbsp;GPIO_Init
</UL>
<BR>[Called By]<UL><LI><a href="#[a5]">&gt;&gt;</a>&nbsp;&nbsp;&nbsp;CameraLense_Init
</UL>

<P><STRONG><a name="[94]"></a>Set_Camera_FocusSpeed</STRONG> (Thumb, 14 bytes, Stack size 8 bytes, camera_lense.o(.text))
<BR><BR>[Stack]<UL><LI>Max Depth = 8<LI>Call Chain = Set_Camera_FocusSpeed
</UL>
<BR>[Calls]<UL><LI><a href="#[95]">&gt;&gt;</a>&nbsp;&nbsp;&nbsp;TIM_SetCompare4
</UL>
<BR>[Called By]<UL><LI><a href="#[120]">&gt;&gt;</a>&nbsp;&nbsp;&nbsp;SysInit
</UL>

<P><STRONG><a name="[96]"></a>ADC_CameraLense_Init</STRONG> (Thumb, 268 bytes, Stack size 72 bytes, camera_lense.o(.text))
<BR><BR>[Stack]<UL><LI>Max Depth = 96<LI>Call Chain = ADC_CameraLense_Init &rArr; GPIO_Init
</UL>
<BR>[Calls]<UL><LI><a href="#[88]">&gt;&gt;</a>&nbsp;&nbsp;&nbsp;RCC_APB2PeriphClockCmd
<LI><a href="#[98]">&gt;&gt;</a>&nbsp;&nbsp;&nbsp;RCC_AHBPeriphClockCmd
<LI><a href="#[97]">&gt;&gt;</a>&nbsp;&nbsp;&nbsp;RCC_ADCCLKConfig
<LI><a href="#[8a]">&gt;&gt;</a>&nbsp;&nbsp;&nbsp;GPIO_Init
<LI><a href="#[a3]">&gt;&gt;</a>&nbsp;&nbsp;&nbsp;DMA_Init
<LI><a href="#[a2]">&gt;&gt;</a>&nbsp;&nbsp;&nbsp;DMA_DeInit
<LI><a href="#[a4]">&gt;&gt;</a>&nbsp;&nbsp;&nbsp;DMA_Cmd
<LI><a href="#[9f]">&gt;&gt;</a>&nbsp;&nbsp;&nbsp;ADC_StartCalibration
<LI><a href="#[a1]">&gt;&gt;</a>&nbsp;&nbsp;&nbsp;ADC_SoftwareStartConvCmd
<LI><a href="#[9d]">&gt;&gt;</a>&nbsp;&nbsp;&nbsp;ADC_ResetCalibration
<LI><a href="#[9a]">&gt;&gt;</a>&nbsp;&nbsp;&nbsp;ADC_RegularChannelConfig
<LI><a href="#[99]">&gt;&gt;</a>&nbsp;&nbsp;&nbsp;ADC_Init
<LI><a href="#[9e]">&gt;&gt;</a>&nbsp;&nbsp;&nbsp;ADC_GetResetCalibrationStatus
<LI><a href="#[a0]">&gt;&gt;</a>&nbsp;&nbsp;&nbsp;ADC_GetCalibrationStatus
<LI><a href="#[9c]">&gt;&gt;</a>&nbsp;&nbsp;&nbsp;ADC_DMACmd
<LI><a href="#[9b]">&gt;&gt;</a>&nbsp;&nbsp;&nbsp;ADC_Cmd
</UL>
<BR>[Called By]<UL><LI><a href="#[a5]">&gt;&gt;</a>&nbsp;&nbsp;&nbsp;CameraLense_Init
</UL>

<P><STRONG><a name="[a5]"></a>CameraLense_Init</STRONG> (Thumb, 16 bytes, Stack size 8 bytes, camera_lense.o(.text))
<BR><BR>[Stack]<UL><LI>Max Depth = 104<LI>Call Chain = CameraLense_Init &rArr; ADC_CameraLense_Init &rArr; GPIO_Init
</UL>
<BR>[Calls]<UL><LI><a href="#[96]">&gt;&gt;</a>&nbsp;&nbsp;&nbsp;ADC_CameraLense_Init
<LI><a href="#[8b]">&gt;&gt;</a>&nbsp;&nbsp;&nbsp;TIM4CH3_PWM_Init
<LI><a href="#[87]">&gt;&gt;</a>&nbsp;&nbsp;&nbsp;GPIO_CameraLense_Configuration
</UL>
<BR>[Called By]<UL><LI><a href="#[120]">&gt;&gt;</a>&nbsp;&nbsp;&nbsp;SysInit
</UL>

<P><STRONG><a name="[dc]"></a>CameraLense_Ctrl</STRONG> (Thumb, 120 bytes, Stack size 8 bytes, camera_lense.o(.text))
<BR><BR>[Stack]<UL><LI>Max Depth = 8<LI>Call Chain = CameraLense_Ctrl
</UL>
<BR>[Called By]<UL><LI><a href="#[d6]">&gt;&gt;</a>&nbsp;&nbsp;&nbsp;ComCmd_Proc
</UL>

<P><STRONG><a name="[a6]"></a>filter1_fine_CAMZOOM</STRONG> (Thumb, 68 bytes, Stack size 48 bytes, camera_lense.o(.text))
<BR><BR>[Stack]<UL><LI>Max Depth = 52<LI>Call Chain = filter1_fine_CAMZOOM &rArr; __aeabi_memclr4
</UL>
<BR>[Calls]<UL><LI><a href="#[a7]">&gt;&gt;</a>&nbsp;&nbsp;&nbsp;__aeabi_memclr4
</UL>
<BR>[Called By]<UL><LI><a href="#[a8]">&gt;&gt;</a>&nbsp;&nbsp;&nbsp;Go_ZoomPosition
<LI><a href="#[1b1]">&gt;&gt;</a>&nbsp;&nbsp;&nbsp;save_preset
</UL>

<P><STRONG><a name="[a9]"></a>AsserPara</STRONG> (Thumb, 26 bytes, Stack size 0 bytes, camera_lense.o(.text))
<BR><BR>[Called By]<UL><LI><a href="#[a8]">&gt;&gt;</a>&nbsp;&nbsp;&nbsp;Go_ZoomPosition
</UL>

<P><STRONG><a name="[a8]"></a>Go_ZoomPosition</STRONG> (Thumb, 482 bytes, Stack size 8 bytes, camera_lense.o(.text))
<BR><BR>[Stack]<UL><LI>Max Depth = 60<LI>Call Chain = Go_ZoomPosition &rArr; filter1_fine_CAMZOOM &rArr; __aeabi_memclr4
</UL>
<BR>[Calls]<UL><LI><a href="#[aa]">&gt;&gt;</a>&nbsp;&nbsp;&nbsp;delay_ms
<LI><a href="#[ab]">&gt;&gt;</a>&nbsp;&nbsp;&nbsp;CamAutoFocusOpenNoSave
<LI><a href="#[ac]">&gt;&gt;</a>&nbsp;&nbsp;&nbsp;CamAutoFocusOnce
<LI><a href="#[a9]">&gt;&gt;</a>&nbsp;&nbsp;&nbsp;AsserPara
<LI><a href="#[a6]">&gt;&gt;</a>&nbsp;&nbsp;&nbsp;filter1_fine_CAMZOOM
</UL>
<BR>[Called By]<UL><LI><a href="#[af]">&gt;&gt;</a>&nbsp;&nbsp;&nbsp;CamLocPos
</UL>

<P><STRONG><a name="[ae]"></a>Go_FocusPosition</STRONG> (Thumb, 496 bytes, Stack size 8 bytes, camera_lense.o(.text), UNUSED)
<BR><BR>[Called By]<UL><LI><a href="#[ad]">&gt;&gt;</a>&nbsp;&nbsp;&nbsp;CamFocusLoc
</UL>

<P><STRONG><a name="[ad]"></a>CamFocusLoc</STRONG> (Thumb, 66 bytes, Stack size 16 bytes, camera_lense.o(.text), UNUSED)
<BR><BR>[Calls]<UL><LI><a href="#[ae]">&gt;&gt;</a>&nbsp;&nbsp;&nbsp;Go_FocusPosition
</UL>

<P><STRONG><a name="[af]"></a>CamLocPos</STRONG> (Thumb, 36 bytes, Stack size 8 bytes, camera_lense.o(.text))
<BR><BR>[Stack]<UL><LI>Max Depth = 68<LI>Call Chain = CamLocPos &rArr; Go_ZoomPosition &rArr; filter1_fine_CAMZOOM &rArr; __aeabi_memclr4
</UL>
<BR>[Calls]<UL><LI><a href="#[a8]">&gt;&gt;</a>&nbsp;&nbsp;&nbsp;Go_ZoomPosition
</UL>
<BR>[Called By]<UL><LI><a href="#[81]">&gt;&gt;</a>&nbsp;&nbsp;&nbsp;main
</UL>

<P><STRONG><a name="[b0]"></a>SelfDelay</STRONG> (Thumb, 26 bytes, Stack size 16 bytes, camera_lense.o(.text))
<BR><BR>[Stack]<UL><LI>Max Depth = 32<LI>Call Chain = SelfDelay &rArr; delay_s
</UL>
<BR>[Calls]<UL><LI><a href="#[b1]">&gt;&gt;</a>&nbsp;&nbsp;&nbsp;delay_s
</UL>
<BR>[Called By]<UL><LI><a href="#[b2]">&gt;&gt;</a>&nbsp;&nbsp;&nbsp;camera_lense_selftest
</UL>

<P><STRONG><a name="[b2]"></a>camera_lense_selftest</STRONG> (Thumb, 136 bytes, Stack size 16 bytes, camera_lense.o(.text))
<BR><BR>[Stack]<UL><LI>Max Depth = 48<LI>Call Chain = camera_lense_selftest &rArr; SelfDelay &rArr; delay_s
</UL>
<BR>[Calls]<UL><LI><a href="#[aa]">&gt;&gt;</a>&nbsp;&nbsp;&nbsp;delay_ms
<LI><a href="#[b0]">&gt;&gt;</a>&nbsp;&nbsp;&nbsp;SelfDelay
</UL>
<BR>[Called By]<UL><LI><a href="#[121]">&gt;&gt;</a>&nbsp;&nbsp;&nbsp;SysCheck
</UL>

<P><STRONG><a name="[b3]"></a>IrLocPos</STRONG> (Thumb, 62 bytes, Stack size 8 bytes, camera_lense.o(.text))
<BR><BR>[Stack]<UL><LI>Max Depth = 80<LI>Call Chain = IrLocPos &rArr; setIRZOOM_FOCUS &rArr; IR_UART_SendData
</UL>
<BR>[Calls]<UL><LI><a href="#[b4]">&gt;&gt;</a>&nbsp;&nbsp;&nbsp;setIRZOOM_FOCUS
</UL>
<BR>[Called By]<UL><LI><a href="#[81]">&gt;&gt;</a>&nbsp;&nbsp;&nbsp;main
</UL>

<P><STRONG><a name="[b5]"></a>clear_function_flag</STRONG> (Thumb, 190 bytes, Stack size 8 bytes, comcmd_proc.o(.text))
<BR><BR>[Stack]<UL><LI>Max Depth = 8<LI>Call Chain = clear_function_flag
</UL>
<BR>[Calls]<UL><LI><a href="#[b6]">&gt;&gt;</a>&nbsp;&nbsp;&nbsp;WatchHomeInit
<LI><a href="#[b8]">&gt;&gt;</a>&nbsp;&nbsp;&nbsp;LineScanFunInit
<LI><a href="#[b7]">&gt;&gt;</a>&nbsp;&nbsp;&nbsp;CruiseInit
<LI><a href="#[b9]">&gt;&gt;</a>&nbsp;&nbsp;&nbsp;AppleScanInit
</UL>
<BR>[Called By]<UL><LI><a href="#[d6]">&gt;&gt;</a>&nbsp;&nbsp;&nbsp;ComCmd_Proc
<LI><a href="#[ca]">&gt;&gt;</a>&nbsp;&nbsp;&nbsp;ComCmd_Proc1
</UL>

<P><STRONG><a name="[ba]"></a>Pelcod_ExtendCmd_proc</STRONG> (Thumb, 528 bytes, Stack size 8 bytes, comcmd_proc.o(.text))
<BR><BR>[Stack]<UL><LI>Max Depth = 208<LI>Call Chain = Pelcod_ExtendCmd_proc &rArr; DeletePresetsAnalysis &rArr; Loc3DCorrParaDefault &rArr; Loc3DCorrParaWrite &rArr; EEPROM_I2C_WriteBuffer &rArr; EEPROM_Write &rArr; EEPROM_WritePage &rArr; EEPROM_DMAConfig &rArr; DMA_Init
</UL>
<BR>[Calls]<UL><LI><a href="#[c4]">&gt;&gt;</a>&nbsp;&nbsp;&nbsp;get_IR_ZoomPos
<LI><a href="#[c5]">&gt;&gt;</a>&nbsp;&nbsp;&nbsp;get_IR_FocusPos
<LI><a href="#[c1]">&gt;&gt;</a>&nbsp;&nbsp;&nbsp;command_Set_FOV
<LI><a href="#[c3]">&gt;&gt;</a>&nbsp;&nbsp;&nbsp;command_Inq_ZFPos
<LI><a href="#[c6]">&gt;&gt;</a>&nbsp;&nbsp;&nbsp;TVC_UART_SendData
<LI><a href="#[bc]">&gt;&gt;</a>&nbsp;&nbsp;&nbsp;SetPresetsAnalysis
<LI><a href="#[bd]">&gt;&gt;</a>&nbsp;&nbsp;&nbsp;SetComplexPresetsAnalysis
<LI><a href="#[c2]">&gt;&gt;</a>&nbsp;&nbsp;&nbsp;IrLocFocus
<LI><a href="#[be]">&gt;&gt;</a>&nbsp;&nbsp;&nbsp;DeletePresetsAnalysis
<LI><a href="#[bb]">&gt;&gt;</a>&nbsp;&nbsp;&nbsp;CallPresetsAnalysis
<LI><a href="#[bf]">&gt;&gt;</a>&nbsp;&nbsp;&nbsp;BrushOn
<LI><a href="#[c0]">&gt;&gt;</a>&nbsp;&nbsp;&nbsp;BrushOff
</UL>
<BR>[Called By]<UL><LI><a href="#[d6]">&gt;&gt;</a>&nbsp;&nbsp;&nbsp;ComCmd_Proc
</UL>

<P><STRONG><a name="[c7]"></a>LocPtAngle</STRONG> (Thumb, 78 bytes, Stack size 8 bytes, comcmd_proc.o(.text))
<BR><BR>[Stack]<UL><LI>Max Depth = 80<LI>Call Chain = LocPtAngle &rArr; LocAngle &rArr; PT_SetTiltAngle &rArr; PT_UART_SendData
</UL>
<BR>[Calls]<UL><LI><a href="#[c8]">&gt;&gt;</a>&nbsp;&nbsp;&nbsp;PtzZeroAngleCal_Call_H
<LI><a href="#[c9]">&gt;&gt;</a>&nbsp;&nbsp;&nbsp;LocAngle
</UL>
<BR>[Called By]<UL><LI><a href="#[81]">&gt;&gt;</a>&nbsp;&nbsp;&nbsp;main
</UL>

<P><STRONG><a name="[cc]"></a>PrtlFilter</STRONG> (Thumb, 44 bytes, Stack size 0 bytes, comcmd_proc.o(.text))
<BR><BR>[Called By]<UL><LI><a href="#[d6]">&gt;&gt;</a>&nbsp;&nbsp;&nbsp;ComCmd_Proc
<LI><a href="#[ca]">&gt;&gt;</a>&nbsp;&nbsp;&nbsp;ComCmd_Proc1
</UL>

<P><STRONG><a name="[ca]"></a>ComCmd_Proc1</STRONG> (Thumb, 704 bytes, Stack size 128 bytes, comcmd_proc.o(.text), UNUSED)
<BR><BR>[Calls]<UL><LI><a href="#[cd]">&gt;&gt;</a>&nbsp;&nbsp;&nbsp;PtUp
<LI><a href="#[d5]">&gt;&gt;</a>&nbsp;&nbsp;&nbsp;PtStop
<LI><a href="#[d3]">&gt;&gt;</a>&nbsp;&nbsp;&nbsp;PtRightUp
<LI><a href="#[d4]">&gt;&gt;</a>&nbsp;&nbsp;&nbsp;PtRightDown
<LI><a href="#[d0]">&gt;&gt;</a>&nbsp;&nbsp;&nbsp;PtRight
<LI><a href="#[d1]">&gt;&gt;</a>&nbsp;&nbsp;&nbsp;PtLeftUp
<LI><a href="#[d2]">&gt;&gt;</a>&nbsp;&nbsp;&nbsp;PtLeftDown
<LI><a href="#[cf]">&gt;&gt;</a>&nbsp;&nbsp;&nbsp;PtLeft
<LI><a href="#[ce]">&gt;&gt;</a>&nbsp;&nbsp;&nbsp;PtDown
<LI><a href="#[cb]">&gt;&gt;</a>&nbsp;&nbsp;&nbsp;Get_Queue
<LI><a href="#[cc]">&gt;&gt;</a>&nbsp;&nbsp;&nbsp;PrtlFilter
<LI><a href="#[b5]">&gt;&gt;</a>&nbsp;&nbsp;&nbsp;clear_function_flag
</UL>

<P><STRONG><a name="[d6]"></a>ComCmd_Proc</STRONG> (Thumb, 1062 bytes, Stack size 128 bytes, comcmd_proc.o(.text))
<BR><BR>[Stack]<UL><LI>Max Depth = 472<LI>Call Chain = ComCmd_Proc &rArr; Loc3DCamAction &rArr; tan &rArr; __ieee754_rem_pio2 &rArr; __aeabi_dmul
</UL>
<BR>[Calls]<UL><LI><a href="#[d9]">&gt;&gt;</a>&nbsp;&nbsp;&nbsp;command_Inq_FOV
<LI><a href="#[db]">&gt;&gt;</a>&nbsp;&nbsp;&nbsp;PT_ctrl
<LI><a href="#[da]">&gt;&gt;</a>&nbsp;&nbsp;&nbsp;Loc3DIrAction
<LI><a href="#[d7]">&gt;&gt;</a>&nbsp;&nbsp;&nbsp;Loc3DCoorChange
<LI><a href="#[d8]">&gt;&gt;</a>&nbsp;&nbsp;&nbsp;Loc3DCamAction
<LI><a href="#[dd]">&gt;&gt;</a>&nbsp;&nbsp;&nbsp;IRLense_Ctrl
<LI><a href="#[cb]">&gt;&gt;</a>&nbsp;&nbsp;&nbsp;Get_Queue
<LI><a href="#[cc]">&gt;&gt;</a>&nbsp;&nbsp;&nbsp;PrtlFilter
<LI><a href="#[ba]">&gt;&gt;</a>&nbsp;&nbsp;&nbsp;Pelcod_ExtendCmd_proc
<LI><a href="#[b5]">&gt;&gt;</a>&nbsp;&nbsp;&nbsp;clear_function_flag
<LI><a href="#[aa]">&gt;&gt;</a>&nbsp;&nbsp;&nbsp;delay_ms
<LI><a href="#[dc]">&gt;&gt;</a>&nbsp;&nbsp;&nbsp;CameraLense_Ctrl
</UL>
<BR>[Called By]<UL><LI><a href="#[81]">&gt;&gt;</a>&nbsp;&nbsp;&nbsp;main
</UL>

<P><STRONG><a name="[de]"></a>PTControl</STRONG> (Thumb, 84 bytes, Stack size 24 bytes, comcmd_proc.o(.text), UNUSED)
<BR><BR>[Calls]<UL><LI><a href="#[df]">&gt;&gt;</a>&nbsp;&nbsp;&nbsp;PT_UART_SendData
</UL>

<P><STRONG><a name="[14a]"></a>ClearCmdComplexCnt</STRONG> (Thumb, 34 bytes, Stack size 0 bytes, comcmd_proc.o(.text))
<BR><BR>[Called By]<UL><LI><a href="#[56]">&gt;&gt;</a>&nbsp;&nbsp;&nbsp;TIM2_IRQHandler
</UL>

<P><STRONG><a name="[e1]"></a>PtzZeroAngleCal</STRONG> (Thumb, 22 bytes, Stack size 0 bytes, comcmd_proc.o(.text))
<BR><BR>[Called By]<UL><LI><a href="#[e0]">&gt;&gt;</a>&nbsp;&nbsp;&nbsp;PTAngleReturn
</UL>

<P><STRONG><a name="[e0]"></a>PTAngleReturn</STRONG> (Thumb, 160 bytes, Stack size 16 bytes, comcmd_proc.o(.text))
<BR><BR>[Stack]<UL><LI>Max Depth = 48<LI>Call Chain = PTAngleReturn &rArr; TVC_UART_SendData
</UL>
<BR>[Calls]<UL><LI><a href="#[c6]">&gt;&gt;</a>&nbsp;&nbsp;&nbsp;TVC_UART_SendData
<LI><a href="#[e1]">&gt;&gt;</a>&nbsp;&nbsp;&nbsp;PtzZeroAngleCal
</UL>
<BR>[Called By]<UL><LI><a href="#[e4]">&gt;&gt;</a>&nbsp;&nbsp;&nbsp;DataReturn
</UL>

<P><STRONG><a name="[e2]"></a>CameraAngleReturn</STRONG> (Thumb, 112 bytes, Stack size 8 bytes, comcmd_proc.o(.text))
<BR><BR>[Stack]<UL><LI>Max Depth = 40<LI>Call Chain = CameraAngleReturn &rArr; TVC_UART_SendData
</UL>
<BR>[Calls]<UL><LI><a href="#[c6]">&gt;&gt;</a>&nbsp;&nbsp;&nbsp;TVC_UART_SendData
</UL>
<BR>[Called By]<UL><LI><a href="#[e4]">&gt;&gt;</a>&nbsp;&nbsp;&nbsp;DataReturn
</UL>

<P><STRONG><a name="[e3]"></a>IRAngleReturn</STRONG> (Thumb, 88 bytes, Stack size 8 bytes, comcmd_proc.o(.text))
<BR><BR>[Stack]<UL><LI>Max Depth = 48<LI>Call Chain = IRAngleReturn &rArr; command_Inq_FOV &rArr; IR_UART_SendData
</UL>
<BR>[Calls]<UL><LI><a href="#[d9]">&gt;&gt;</a>&nbsp;&nbsp;&nbsp;command_Inq_FOV
<LI><a href="#[c6]">&gt;&gt;</a>&nbsp;&nbsp;&nbsp;TVC_UART_SendData
</UL>
<BR>[Called By]<UL><LI><a href="#[e4]">&gt;&gt;</a>&nbsp;&nbsp;&nbsp;DataReturn
</UL>

<P><STRONG><a name="[e4]"></a>DataReturn</STRONG> (Thumb, 68 bytes, Stack size 8 bytes, comcmd_proc.o(.text))
<BR><BR>[Stack]<UL><LI>Max Depth = 56<LI>Call Chain = DataReturn &rArr; IRAngleReturn &rArr; command_Inq_FOV &rArr; IR_UART_SendData
</UL>
<BR>[Calls]<UL><LI><a href="#[e3]">&gt;&gt;</a>&nbsp;&nbsp;&nbsp;IRAngleReturn
<LI><a href="#[e2]">&gt;&gt;</a>&nbsp;&nbsp;&nbsp;CameraAngleReturn
<LI><a href="#[e0]">&gt;&gt;</a>&nbsp;&nbsp;&nbsp;PTAngleReturn
</UL>
<BR>[Called By]<UL><LI><a href="#[81]">&gt;&gt;</a>&nbsp;&nbsp;&nbsp;main
</UL>

<P><STRONG><a name="[1ae]"></a>delay_init</STRONG> (Thumb, 56 bytes, Stack size 0 bytes, delay.o(.text))
<BR><BR>[Called By]<UL><LI><a href="#[120]">&gt;&gt;</a>&nbsp;&nbsp;&nbsp;SysInit
</UL>

<P><STRONG><a name="[aa]"></a>delay_ms</STRONG> (Thumb, 56 bytes, Stack size 0 bytes, delay.o(.text))
<BR><BR>[Called By]<UL><LI><a href="#[158]">&gt;&gt;</a>&nbsp;&nbsp;&nbsp;Get_Camera_Zoom_Position
<LI><a href="#[124]">&gt;&gt;</a>&nbsp;&nbsp;&nbsp;PT_CallPreset_WithSpeedSet
<LI><a href="#[c4]">&gt;&gt;</a>&nbsp;&nbsp;&nbsp;get_IR_ZoomPos
<LI><a href="#[c3]">&gt;&gt;</a>&nbsp;&nbsp;&nbsp;command_Inq_ZFPos
<LI><a href="#[bc]">&gt;&gt;</a>&nbsp;&nbsp;&nbsp;SetPresetsAnalysis
<LI><a href="#[c9]">&gt;&gt;</a>&nbsp;&nbsp;&nbsp;LocAngle
<LI><a href="#[be]">&gt;&gt;</a>&nbsp;&nbsp;&nbsp;DeletePresetsAnalysis
<LI><a href="#[bb]">&gt;&gt;</a>&nbsp;&nbsp;&nbsp;CallPresetsAnalysis
<LI><a href="#[d6]">&gt;&gt;</a>&nbsp;&nbsp;&nbsp;ComCmd_Proc
<LI><a href="#[b4]">&gt;&gt;</a>&nbsp;&nbsp;&nbsp;setIRZOOM_FOCUS
<LI><a href="#[b1]">&gt;&gt;</a>&nbsp;&nbsp;&nbsp;delay_s
<LI><a href="#[b2]">&gt;&gt;</a>&nbsp;&nbsp;&nbsp;camera_lense_selftest
<LI><a href="#[a8]">&gt;&gt;</a>&nbsp;&nbsp;&nbsp;Go_ZoomPosition
<LI><a href="#[b]">&gt;&gt;</a>&nbsp;&nbsp;&nbsp;LaserSelfTest
<LI><a href="#[1d8]">&gt;&gt;</a>&nbsp;&nbsp;&nbsp;Loc3DPtLocAngle
<LI><a href="#[1be]">&gt;&gt;</a>&nbsp;&nbsp;&nbsp;AppleScanEnable
<LI><a href="#[1b8]">&gt;&gt;</a>&nbsp;&nbsp;&nbsp;CallPtHorPreset
<LI><a href="#[1b7]">&gt;&gt;</a>&nbsp;&nbsp;&nbsp;CallPreset
<LI><a href="#[1b6]">&gt;&gt;</a>&nbsp;&nbsp;&nbsp;call_preset
<LI><a href="#[1b3]">&gt;&gt;</a>&nbsp;&nbsp;&nbsp;DelAllPreset
</UL>

<P><STRONG><a name="[242]"></a>delay_us</STRONG> (Thumb, 56 bytes, Stack size 0 bytes, delay.o(.text), UNUSED)

<P><STRONG><a name="[110]"></a>delay</STRONG> (Thumb, 26 bytes, Stack size 0 bytes, delay.o(.text))
<BR><BR>[Called By]<UL><LI><a href="#[174]">&gt;&gt;</a>&nbsp;&nbsp;&nbsp;VC_UART_SendData
<LI><a href="#[157]">&gt;&gt;</a>&nbsp;&nbsp;&nbsp;TTL_UART_SendData
<LI><a href="#[10e]">&gt;&gt;</a>&nbsp;&nbsp;&nbsp;IR_UART_SendData
<LI><a href="#[c6]">&gt;&gt;</a>&nbsp;&nbsp;&nbsp;TVC_UART_SendData
<LI><a href="#[df]">&gt;&gt;</a>&nbsp;&nbsp;&nbsp;PT_UART_SendData
</UL>

<P><STRONG><a name="[b1]"></a>delay_s</STRONG> (Thumb, 60 bytes, Stack size 16 bytes, delay.o(.text))
<BR><BR>[Stack]<UL><LI>Max Depth = 16<LI>Call Chain = delay_s
</UL>
<BR>[Calls]<UL><LI><a href="#[aa]">&gt;&gt;</a>&nbsp;&nbsp;&nbsp;delay_ms
</UL>
<BR>[Called By]<UL><LI><a href="#[b0]">&gt;&gt;</a>&nbsp;&nbsp;&nbsp;SelfDelay
<LI><a href="#[1ab]">&gt;&gt;</a>&nbsp;&nbsp;&nbsp;FogOff
<LI><a href="#[1aa]">&gt;&gt;</a>&nbsp;&nbsp;&nbsp;FogOn
</UL>

<P><STRONG><a name="[e5]"></a>EEPROM_I2C_DeInit</STRONG> (Thumb, 126 bytes, Stack size 8 bytes, eeprom_i2c.o(.text), UNUSED)
<BR><BR>[Calls]<UL><LI><a href="#[e8]">&gt;&gt;</a>&nbsp;&nbsp;&nbsp;NVIC_Init
<LI><a href="#[e7]">&gt;&gt;</a>&nbsp;&nbsp;&nbsp;I2C_DeInit
<LI><a href="#[e6]">&gt;&gt;</a>&nbsp;&nbsp;&nbsp;I2C_Cmd
<LI><a href="#[8c]">&gt;&gt;</a>&nbsp;&nbsp;&nbsp;RCC_APB1PeriphClockCmd
<LI><a href="#[8a]">&gt;&gt;</a>&nbsp;&nbsp;&nbsp;GPIO_Init
<LI><a href="#[a2]">&gt;&gt;</a>&nbsp;&nbsp;&nbsp;DMA_DeInit
<LI><a href="#[a4]">&gt;&gt;</a>&nbsp;&nbsp;&nbsp;DMA_Cmd
</UL>

<P><STRONG><a name="[e9]"></a>EEPROM_I2C_Init</STRONG> (Thumb, 262 bytes, Stack size 8 bytes, eeprom_i2c.o(.text))
<BR><BR>[Stack]<UL><LI>Max Depth = 68<LI>Call Chain = EEPROM_I2C_Init &rArr; I2C_Init &rArr; RCC_GetClocksFreq
</UL>
<BR>[Calls]<UL><LI><a href="#[e8]">&gt;&gt;</a>&nbsp;&nbsp;&nbsp;NVIC_Init
<LI><a href="#[eb]">&gt;&gt;</a>&nbsp;&nbsp;&nbsp;I2C_Init
<LI><a href="#[ec]">&gt;&gt;</a>&nbsp;&nbsp;&nbsp;I2C_DMACmd
<LI><a href="#[e6]">&gt;&gt;</a>&nbsp;&nbsp;&nbsp;I2C_Cmd
<LI><a href="#[ea]">&gt;&gt;</a>&nbsp;&nbsp;&nbsp;DMA_ITConfig
<LI><a href="#[88]">&gt;&gt;</a>&nbsp;&nbsp;&nbsp;RCC_APB2PeriphClockCmd
<LI><a href="#[8c]">&gt;&gt;</a>&nbsp;&nbsp;&nbsp;RCC_APB1PeriphClockCmd
<LI><a href="#[98]">&gt;&gt;</a>&nbsp;&nbsp;&nbsp;RCC_AHBPeriphClockCmd
<LI><a href="#[8a]">&gt;&gt;</a>&nbsp;&nbsp;&nbsp;GPIO_Init
<LI><a href="#[a3]">&gt;&gt;</a>&nbsp;&nbsp;&nbsp;DMA_Init
<LI><a href="#[a2]">&gt;&gt;</a>&nbsp;&nbsp;&nbsp;DMA_DeInit
</UL>
<BR>[Called By]<UL><LI><a href="#[120]">&gt;&gt;</a>&nbsp;&nbsp;&nbsp;SysInit
</UL>

<P><STRONG><a name="[ed]"></a>EEPROM_DMAConfig</STRONG> (Thumb, 60 bytes, Stack size 16 bytes, eeprom_i2c.o(.text))
<BR><BR>[Stack]<UL><LI>Max Depth = 24<LI>Call Chain = EEPROM_DMAConfig &rArr; DMA_Init
</UL>
<BR>[Calls]<UL><LI><a href="#[a3]">&gt;&gt;</a>&nbsp;&nbsp;&nbsp;DMA_Init
</UL>
<BR>[Called By]<UL><LI><a href="#[fc]">&gt;&gt;</a>&nbsp;&nbsp;&nbsp;EEPROM_WritePage
<LI><a href="#[ee]">&gt;&gt;</a>&nbsp;&nbsp;&nbsp;EEPROM_I2C_Read
</UL>

<P><STRONG><a name="[f8]"></a>EEPROM_ExitCriticalSection_UserCallback</STRONG> (Thumb, 4 bytes, Stack size 0 bytes, eeprom_i2c.o(.text))
<BR><BR>[Called By]<UL><LI><a href="#[ee]">&gt;&gt;</a>&nbsp;&nbsp;&nbsp;EEPROM_I2C_Read
</UL>

<P><STRONG><a name="[f6]"></a>EEPROM_EnterCriticalSection_UserCallback</STRONG> (Thumb, 4 bytes, Stack size 0 bytes, eeprom_i2c.o(.text))
<BR><BR>[Called By]<UL><LI><a href="#[ee]">&gt;&gt;</a>&nbsp;&nbsp;&nbsp;EEPROM_I2C_Read
</UL>

<P><STRONG><a name="[ee]"></a>EEPROM_I2C_Read</STRONG> (Thumb, 656 bytes, Stack size 16 bytes, eeprom_i2c.o(.text))
<BR><BR>[Stack]<UL><LI>Max Depth = 40<LI>Call Chain = EEPROM_I2C_Read &rArr; EEPROM_DMAConfig &rArr; DMA_Init
</UL>
<BR>[Calls]<UL><LI><a href="#[f4]">&gt;&gt;</a>&nbsp;&nbsp;&nbsp;I2C_SendData
<LI><a href="#[f3]">&gt;&gt;</a>&nbsp;&nbsp;&nbsp;I2C_Send7bitAddress
<LI><a href="#[f9]">&gt;&gt;</a>&nbsp;&nbsp;&nbsp;I2C_ReceiveData
<LI><a href="#[ef]">&gt;&gt;</a>&nbsp;&nbsp;&nbsp;I2C_ITConfig
<LI><a href="#[f0]">&gt;&gt;</a>&nbsp;&nbsp;&nbsp;I2C_GetFlagStatus
<LI><a href="#[f7]">&gt;&gt;</a>&nbsp;&nbsp;&nbsp;I2C_GenerateSTOP
<LI><a href="#[f1]">&gt;&gt;</a>&nbsp;&nbsp;&nbsp;I2C_GenerateSTART
<LI><a href="#[fa]">&gt;&gt;</a>&nbsp;&nbsp;&nbsp;I2C_DMALastTransferCmd
<LI><a href="#[f2]">&gt;&gt;</a>&nbsp;&nbsp;&nbsp;I2C_CheckEvent
<LI><a href="#[f5]">&gt;&gt;</a>&nbsp;&nbsp;&nbsp;I2C_AcknowledgeConfig
<LI><a href="#[f6]">&gt;&gt;</a>&nbsp;&nbsp;&nbsp;EEPROM_EnterCriticalSection_UserCallback
<LI><a href="#[f8]">&gt;&gt;</a>&nbsp;&nbsp;&nbsp;EEPROM_ExitCriticalSection_UserCallback
<LI><a href="#[ed]">&gt;&gt;</a>&nbsp;&nbsp;&nbsp;EEPROM_DMAConfig
<LI><a href="#[a4]">&gt;&gt;</a>&nbsp;&nbsp;&nbsp;DMA_Cmd
</UL>
<BR>[Called By]<UL><LI><a href="#[fb]">&gt;&gt;</a>&nbsp;&nbsp;&nbsp;EEPROM_I2C_ReadBuffer
</UL>

<P><STRONG><a name="[fb]"></a>EEPROM_I2C_ReadBuffer</STRONG> (Thumb, 26 bytes, Stack size 24 bytes, eeprom_i2c.o(.text))
<BR><BR>[Stack]<UL><LI>Max Depth = 64<LI>Call Chain = EEPROM_I2C_ReadBuffer &rArr; EEPROM_I2C_Read &rArr; EEPROM_DMAConfig &rArr; DMA_Init
</UL>
<BR>[Calls]<UL><LI><a href="#[ee]">&gt;&gt;</a>&nbsp;&nbsp;&nbsp;EEPROM_I2C_Read
</UL>
<BR>[Called By]<UL><LI><a href="#[173]">&gt;&gt;</a>&nbsp;&nbsp;&nbsp;CamReadAutoFocus
<LI><a href="#[14]">&gt;&gt;</a>&nbsp;&nbsp;&nbsp;LaserRead
<LI><a href="#[1be]">&gt;&gt;</a>&nbsp;&nbsp;&nbsp;AppleScanEnable
<LI><a href="#[1b8]">&gt;&gt;</a>&nbsp;&nbsp;&nbsp;CallPtHorPreset
<LI><a href="#[1b7]">&gt;&gt;</a>&nbsp;&nbsp;&nbsp;CallPreset
<LI><a href="#[1b6]">&gt;&gt;</a>&nbsp;&nbsp;&nbsp;call_preset
<LI><a href="#[1af]">&gt;&gt;</a>&nbsp;&nbsp;&nbsp;Loc3DCorrParaRead
<LI><a href="#[1a2]">&gt;&gt;</a>&nbsp;&nbsp;&nbsp;SysParaInit
<LI><a href="#[1a1]">&gt;&gt;</a>&nbsp;&nbsp;&nbsp;SysParaRead
</UL>

<P><STRONG><a name="[fc]"></a>EEPROM_WritePage</STRONG> (Thumb, 268 bytes, Stack size 16 bytes, eeprom_i2c.o(.text))
<BR><BR>[Stack]<UL><LI>Max Depth = 40<LI>Call Chain = EEPROM_WritePage &rArr; EEPROM_DMAConfig &rArr; DMA_Init
</UL>
<BR>[Calls]<UL><LI><a href="#[f4]">&gt;&gt;</a>&nbsp;&nbsp;&nbsp;I2C_SendData
<LI><a href="#[f3]">&gt;&gt;</a>&nbsp;&nbsp;&nbsp;I2C_Send7bitAddress
<LI><a href="#[ef]">&gt;&gt;</a>&nbsp;&nbsp;&nbsp;I2C_ITConfig
<LI><a href="#[f0]">&gt;&gt;</a>&nbsp;&nbsp;&nbsp;I2C_GetFlagStatus
<LI><a href="#[f1]">&gt;&gt;</a>&nbsp;&nbsp;&nbsp;I2C_GenerateSTART
<LI><a href="#[f2]">&gt;&gt;</a>&nbsp;&nbsp;&nbsp;I2C_CheckEvent
<LI><a href="#[ed]">&gt;&gt;</a>&nbsp;&nbsp;&nbsp;EEPROM_DMAConfig
<LI><a href="#[a4]">&gt;&gt;</a>&nbsp;&nbsp;&nbsp;DMA_Cmd
</UL>
<BR>[Called By]<UL><LI><a href="#[ff]">&gt;&gt;</a>&nbsp;&nbsp;&nbsp;EEPROM_Write
</UL>

<P><STRONG><a name="[fd]"></a>EEPROM_WaitStandbyState</STRONG> (Thumb, 192 bytes, Stack size 16 bytes, eeprom_i2c.o(.text))
<BR><BR>[Stack]<UL><LI>Max Depth = 32<LI>Call Chain = EEPROM_WaitStandbyState &rArr; I2C_CheckEvent
</UL>
<BR>[Calls]<UL><LI><a href="#[f3]">&gt;&gt;</a>&nbsp;&nbsp;&nbsp;I2C_Send7bitAddress
<LI><a href="#[f0]">&gt;&gt;</a>&nbsp;&nbsp;&nbsp;I2C_GetFlagStatus
<LI><a href="#[f7]">&gt;&gt;</a>&nbsp;&nbsp;&nbsp;I2C_GenerateSTOP
<LI><a href="#[f1]">&gt;&gt;</a>&nbsp;&nbsp;&nbsp;I2C_GenerateSTART
<LI><a href="#[fe]">&gt;&gt;</a>&nbsp;&nbsp;&nbsp;I2C_ClearFlag
<LI><a href="#[f2]">&gt;&gt;</a>&nbsp;&nbsp;&nbsp;I2C_CheckEvent
</UL>
<BR>[Called By]<UL><LI><a href="#[ff]">&gt;&gt;</a>&nbsp;&nbsp;&nbsp;EEPROM_Write
</UL>

<P><STRONG><a name="[ff]"></a>EEPROM_Write</STRONG> (Thumb, 742 bytes, Stack size 32 bytes, eeprom_i2c.o(.text))
<BR><BR>[Stack]<UL><LI>Max Depth = 72<LI>Call Chain = EEPROM_Write &rArr; EEPROM_WritePage &rArr; EEPROM_DMAConfig &rArr; DMA_Init
</UL>
<BR>[Calls]<UL><LI><a href="#[fd]">&gt;&gt;</a>&nbsp;&nbsp;&nbsp;EEPROM_WaitStandbyState
<LI><a href="#[fc]">&gt;&gt;</a>&nbsp;&nbsp;&nbsp;EEPROM_WritePage
</UL>
<BR>[Called By]<UL><LI><a href="#[100]">&gt;&gt;</a>&nbsp;&nbsp;&nbsp;EEPROM_I2C_WriteBuffer
</UL>

<P><STRONG><a name="[100]"></a>EEPROM_I2C_WriteBuffer</STRONG> (Thumb, 26 bytes, Stack size 24 bytes, eeprom_i2c.o(.text))
<BR><BR>[Stack]<UL><LI>Max Depth = 96<LI>Call Chain = EEPROM_I2C_WriteBuffer &rArr; EEPROM_Write &rArr; EEPROM_WritePage &rArr; EEPROM_DMAConfig &rArr; DMA_Init
</UL>
<BR>[Calls]<UL><LI><a href="#[ff]">&gt;&gt;</a>&nbsp;&nbsp;&nbsp;EEPROM_Write
</UL>
<BR>[Called By]<UL><LI><a href="#[176]">&gt;&gt;</a>&nbsp;&nbsp;&nbsp;CamAutoFocusOpen
<LI><a href="#[175]">&gt;&gt;</a>&nbsp;&nbsp;&nbsp;CamAutoFocusClose
<LI><a href="#[173]">&gt;&gt;</a>&nbsp;&nbsp;&nbsp;CamReadAutoFocus
<LI><a href="#[19f]">&gt;&gt;</a>&nbsp;&nbsp;&nbsp;CamSetFocusSpeed
<LI><a href="#[13]">&gt;&gt;</a>&nbsp;&nbsp;&nbsp;LaserFirstError
<LI><a href="#[12]">&gt;&gt;</a>&nbsp;&nbsp;&nbsp;LaserFullError
<LI><a href="#[1c6]">&gt;&gt;</a>&nbsp;&nbsp;&nbsp;Loc3DCorrParaWrite
<LI><a href="#[1b3]">&gt;&gt;</a>&nbsp;&nbsp;&nbsp;DelAllPreset
<LI><a href="#[1b2]">&gt;&gt;</a>&nbsp;&nbsp;&nbsp;clear_prest
<LI><a href="#[1b1]">&gt;&gt;</a>&nbsp;&nbsp;&nbsp;save_preset
<LI><a href="#[1a0]">&gt;&gt;</a>&nbsp;&nbsp;&nbsp;SysParaSave
</UL>

<P><STRONG><a name="[4a]"></a>DMA1_Channel6_IRQHandler</STRONG> (Thumb, 110 bytes, Stack size 8 bytes, eeprom_i2c.o(.text))
<BR><BR>[Stack]<UL><LI>Max Depth = 20<LI>Call Chain = DMA1_Channel6_IRQHandler &rArr; I2C_GetFlagStatus
</UL>
<BR>[Calls]<UL><LI><a href="#[f0]">&gt;&gt;</a>&nbsp;&nbsp;&nbsp;I2C_GetFlagStatus
<LI><a href="#[f7]">&gt;&gt;</a>&nbsp;&nbsp;&nbsp;I2C_GenerateSTOP
<LI><a href="#[101]">&gt;&gt;</a>&nbsp;&nbsp;&nbsp;DMA_GetFlagStatus
<LI><a href="#[102]">&gt;&gt;</a>&nbsp;&nbsp;&nbsp;DMA_ClearFlag
<LI><a href="#[a4]">&gt;&gt;</a>&nbsp;&nbsp;&nbsp;DMA_Cmd
</UL>
<BR>[Address Reference Count : 1]<UL><LI> startup_stm32f10x_hd.o(RESET)
</UL>
<P><STRONG><a name="[4b]"></a>DMA1_Channel7_IRQHandler</STRONG> (Thumb, 56 bytes, Stack size 8 bytes, eeprom_i2c.o(.text))
<BR><BR>[Stack]<UL><LI>Max Depth = 8<LI>Call Chain = DMA1_Channel7_IRQHandler
</UL>
<BR>[Calls]<UL><LI><a href="#[f7]">&gt;&gt;</a>&nbsp;&nbsp;&nbsp;I2C_GenerateSTOP
<LI><a href="#[103]">&gt;&gt;</a>&nbsp;&nbsp;&nbsp;DMA_GetITStatus
<LI><a href="#[102]">&gt;&gt;</a>&nbsp;&nbsp;&nbsp;DMA_ClearFlag
<LI><a href="#[a4]">&gt;&gt;</a>&nbsp;&nbsp;&nbsp;DMA_Cmd
</UL>
<BR>[Address Reference Count : 1]<UL><LI> startup_stm32f10x_hd.o(RESET)
</UL>
<P><STRONG><a name="[10d]"></a>IR_UART_Init</STRONG> (Thumb, 24 bytes, Stack size 8 bytes, ir_uart.o(.text))
<BR><BR>[Stack]<UL><LI>Max Depth = 100<LI>Call Chain = IR_UART_Init &rArr; UART_IR_UART_Configuration &rArr; USART_Init &rArr; RCC_GetClocksFreq
</UL>
<BR>[Calls]<UL><LI><a href="#[10b]">&gt;&gt;</a>&nbsp;&nbsp;&nbsp;NVIC_IR_UART_Configuration
<LI><a href="#[106]">&gt;&gt;</a>&nbsp;&nbsp;&nbsp;UART_IR_UART_Configuration
<LI><a href="#[105]">&gt;&gt;</a>&nbsp;&nbsp;&nbsp;GPIO_IR_UART_Configuration
<LI><a href="#[104]">&gt;&gt;</a>&nbsp;&nbsp;&nbsp;RCC_IR_UART_Configuration
</UL>
<BR>[Called By]<UL><LI><a href="#[120]">&gt;&gt;</a>&nbsp;&nbsp;&nbsp;SysInit
</UL>

<P><STRONG><a name="[10e]"></a>IR_UART_SendData</STRONG> (Thumb, 86 bytes, Stack size 32 bytes, ir_uart.o(.text))
<BR><BR>[Stack]<UL><LI>Max Depth = 32<LI>Call Chain = IR_UART_SendData
</UL>
<BR>[Calls]<UL><LI><a href="#[10f]">&gt;&gt;</a>&nbsp;&nbsp;&nbsp;USART_SendData
<LI><a href="#[111]">&gt;&gt;</a>&nbsp;&nbsp;&nbsp;USART_GetFlagStatus
<LI><a href="#[108]">&gt;&gt;</a>&nbsp;&nbsp;&nbsp;USART_ClearFlag
<LI><a href="#[110]">&gt;&gt;</a>&nbsp;&nbsp;&nbsp;delay
</UL>
<BR>[Called By]<UL><LI><a href="#[11f]">&gt;&gt;</a>&nbsp;&nbsp;&nbsp;IrCloseZoomAutoFocus
<LI><a href="#[11e]">&gt;&gt;</a>&nbsp;&nbsp;&nbsp;IrOpenZoomAutoFocus
<LI><a href="#[11d]">&gt;&gt;</a>&nbsp;&nbsp;&nbsp;IrCloseLocViewAutoFocus
<LI><a href="#[11c]">&gt;&gt;</a>&nbsp;&nbsp;&nbsp;IrOpenLocViewAutoFocus
<LI><a href="#[11b]">&gt;&gt;</a>&nbsp;&nbsp;&nbsp;command_autofocus
<LI><a href="#[11a]">&gt;&gt;</a>&nbsp;&nbsp;&nbsp;command_FocusStop
<LI><a href="#[119]">&gt;&gt;</a>&nbsp;&nbsp;&nbsp;command_FocusFar
<LI><a href="#[118]">&gt;&gt;</a>&nbsp;&nbsp;&nbsp;command_FocusNear
<LI><a href="#[117]">&gt;&gt;</a>&nbsp;&nbsp;&nbsp;command_zoomstop
<LI><a href="#[116]">&gt;&gt;</a>&nbsp;&nbsp;&nbsp;command_zoomtele
<LI><a href="#[115]">&gt;&gt;</a>&nbsp;&nbsp;&nbsp;command_zoomwide
<LI><a href="#[c1]">&gt;&gt;</a>&nbsp;&nbsp;&nbsp;command_Set_FOV
<LI><a href="#[c3]">&gt;&gt;</a>&nbsp;&nbsp;&nbsp;command_Inq_ZFPos
<LI><a href="#[d9]">&gt;&gt;</a>&nbsp;&nbsp;&nbsp;command_Inq_FOV
<LI><a href="#[c2]">&gt;&gt;</a>&nbsp;&nbsp;&nbsp;IrLocFocus
<LI><a href="#[b4]">&gt;&gt;</a>&nbsp;&nbsp;&nbsp;setIRZOOM_FOCUS
</UL>

<P><STRONG><a name="[6f]"></a>UART5_IRQHandler</STRONG> (Thumb, 274 bytes, Stack size 8 bytes, ir_uart.o(.text))
<BR><BR>[Stack]<UL><LI>Max Depth = 24<LI>Call Chain = UART5_IRQHandler &rArr; USART_GetITStatus
</UL>
<BR>[Calls]<UL><LI><a href="#[114]">&gt;&gt;</a>&nbsp;&nbsp;&nbsp;USART_ReceiveData
<LI><a href="#[112]">&gt;&gt;</a>&nbsp;&nbsp;&nbsp;USART_GetITStatus
<LI><a href="#[113]">&gt;&gt;</a>&nbsp;&nbsp;&nbsp;USART_ClearITPendingBit
</UL>
<BR>[Address Reference Count : 1]<UL><LI> startup_stm32f10x_hd.o(RESET)
</UL>
<P><STRONG><a name="[dd]"></a>IRLense_Ctrl</STRONG> (Thumb, 144 bytes, Stack size 8 bytes, ir_uart.o(.text))
<BR><BR>[Stack]<UL><LI>Max Depth = 8<LI>Call Chain = IRLense_Ctrl
</UL>
<BR>[Called By]<UL><LI><a href="#[d6]">&gt;&gt;</a>&nbsp;&nbsp;&nbsp;ComCmd_Proc
</UL>

<P><STRONG><a name="[115]"></a>command_zoomwide</STRONG> (Thumb, 42 bytes, Stack size 8 bytes, ir_uart.o(.text))
<BR><BR>[Stack]<UL><LI>Max Depth = 40<LI>Call Chain = command_zoomwide &rArr; IR_UART_SendData
</UL>
<BR>[Calls]<UL><LI><a href="#[10e]">&gt;&gt;</a>&nbsp;&nbsp;&nbsp;IR_UART_SendData
</UL>
<BR>[Called By]<UL><LI><a href="#[1e]">&gt;&gt;</a>&nbsp;&nbsp;&nbsp;IRWide
</UL>

<P><STRONG><a name="[116]"></a>command_zoomtele</STRONG> (Thumb, 42 bytes, Stack size 8 bytes, ir_uart.o(.text))
<BR><BR>[Stack]<UL><LI>Max Depth = 40<LI>Call Chain = command_zoomtele &rArr; IR_UART_SendData
</UL>
<BR>[Calls]<UL><LI><a href="#[10e]">&gt;&gt;</a>&nbsp;&nbsp;&nbsp;IR_UART_SendData
</UL>
<BR>[Called By]<UL><LI><a href="#[1f]">&gt;&gt;</a>&nbsp;&nbsp;&nbsp;IRTele
</UL>

<P><STRONG><a name="[117]"></a>command_zoomstop</STRONG> (Thumb, 38 bytes, Stack size 8 bytes, ir_uart.o(.text))
<BR><BR>[Stack]<UL><LI>Max Depth = 40<LI>Call Chain = command_zoomstop &rArr; IR_UART_SendData
</UL>
<BR>[Calls]<UL><LI><a href="#[10e]">&gt;&gt;</a>&nbsp;&nbsp;&nbsp;IR_UART_SendData
</UL>
<BR>[Called By]<UL><LI><a href="#[22]">&gt;&gt;</a>&nbsp;&nbsp;&nbsp;IRZoomStop
</UL>

<P><STRONG><a name="[118]"></a>command_FocusNear</STRONG> (Thumb, 56 bytes, Stack size 8 bytes, ir_uart.o(.text))
<BR><BR>[Stack]<UL><LI>Max Depth = 40<LI>Call Chain = command_FocusNear &rArr; IR_UART_SendData
</UL>
<BR>[Calls]<UL><LI><a href="#[10e]">&gt;&gt;</a>&nbsp;&nbsp;&nbsp;IR_UART_SendData
</UL>
<BR>[Called By]<UL><LI><a href="#[21]">&gt;&gt;</a>&nbsp;&nbsp;&nbsp;IRNear
</UL>

<P><STRONG><a name="[119]"></a>command_FocusFar</STRONG> (Thumb, 56 bytes, Stack size 8 bytes, ir_uart.o(.text))
<BR><BR>[Stack]<UL><LI>Max Depth = 40<LI>Call Chain = command_FocusFar &rArr; IR_UART_SendData
</UL>
<BR>[Calls]<UL><LI><a href="#[10e]">&gt;&gt;</a>&nbsp;&nbsp;&nbsp;IR_UART_SendData
</UL>
<BR>[Called By]<UL><LI><a href="#[20]">&gt;&gt;</a>&nbsp;&nbsp;&nbsp;IRFar
</UL>

<P><STRONG><a name="[11a]"></a>command_FocusStop</STRONG> (Thumb, 56 bytes, Stack size 8 bytes, ir_uart.o(.text))
<BR><BR>[Stack]<UL><LI>Max Depth = 40<LI>Call Chain = command_FocusStop &rArr; IR_UART_SendData
</UL>
<BR>[Calls]<UL><LI><a href="#[10e]">&gt;&gt;</a>&nbsp;&nbsp;&nbsp;IR_UART_SendData
</UL>
<BR>[Called By]<UL><LI><a href="#[23]">&gt;&gt;</a>&nbsp;&nbsp;&nbsp;IRFocusStop
</UL>

<P><STRONG><a name="[11b]"></a>command_autofocus</STRONG> (Thumb, 94 bytes, Stack size 8 bytes, ir_uart.o(.text))
<BR><BR>[Stack]<UL><LI>Max Depth = 40<LI>Call Chain = command_autofocus &rArr; IR_UART_SendData
</UL>
<BR>[Calls]<UL><LI><a href="#[10e]">&gt;&gt;</a>&nbsp;&nbsp;&nbsp;IR_UART_SendData
</UL>
<BR>[Called By]<UL><LI><a href="#[be]">&gt;&gt;</a>&nbsp;&nbsp;&nbsp;DeletePresetsAnalysis
</UL>

<P><STRONG><a name="[c3]"></a>command_Inq_ZFPos</STRONG> (Thumb, 96 bytes, Stack size 16 bytes, ir_uart.o(.text))
<BR><BR>[Stack]<UL><LI>Max Depth = 48<LI>Call Chain = command_Inq_ZFPos &rArr; IR_UART_SendData
</UL>
<BR>[Calls]<UL><LI><a href="#[10e]">&gt;&gt;</a>&nbsp;&nbsp;&nbsp;IR_UART_SendData
<LI><a href="#[c6]">&gt;&gt;</a>&nbsp;&nbsp;&nbsp;TVC_UART_SendData
<LI><a href="#[aa]">&gt;&gt;</a>&nbsp;&nbsp;&nbsp;delay_ms
</UL>
<BR>[Called By]<UL><LI><a href="#[ba]">&gt;&gt;</a>&nbsp;&nbsp;&nbsp;Pelcod_ExtendCmd_proc
<LI><a href="#[1b1]">&gt;&gt;</a>&nbsp;&nbsp;&nbsp;save_preset
</UL>

<P><STRONG><a name="[c4]"></a>get_IR_ZoomPos</STRONG> (Thumb, 32 bytes, Stack size 8 bytes, ir_uart.o(.text))
<BR><BR>[Stack]<UL><LI>Max Depth = 8<LI>Call Chain = get_IR_ZoomPos
</UL>
<BR>[Calls]<UL><LI><a href="#[aa]">&gt;&gt;</a>&nbsp;&nbsp;&nbsp;delay_ms
</UL>
<BR>[Called By]<UL><LI><a href="#[ba]">&gt;&gt;</a>&nbsp;&nbsp;&nbsp;Pelcod_ExtendCmd_proc
<LI><a href="#[1b1]">&gt;&gt;</a>&nbsp;&nbsp;&nbsp;save_preset
</UL>

<P><STRONG><a name="[c5]"></a>get_IR_FocusPos</STRONG> (Thumb, 6 bytes, Stack size 0 bytes, ir_uart.o(.text))
<BR><BR>[Called By]<UL><LI><a href="#[ba]">&gt;&gt;</a>&nbsp;&nbsp;&nbsp;Pelcod_ExtendCmd_proc
<LI><a href="#[1b1]">&gt;&gt;</a>&nbsp;&nbsp;&nbsp;save_preset
</UL>

<P><STRONG><a name="[b4]"></a>setIRZOOM_FOCUS</STRONG> (Thumb, 338 bytes, Stack size 40 bytes, ir_uart.o(.text))
<BR><BR>[Stack]<UL><LI>Max Depth = 72<LI>Call Chain = setIRZOOM_FOCUS &rArr; IR_UART_SendData
</UL>
<BR>[Calls]<UL><LI><a href="#[10e]">&gt;&gt;</a>&nbsp;&nbsp;&nbsp;IR_UART_SendData
<LI><a href="#[aa]">&gt;&gt;</a>&nbsp;&nbsp;&nbsp;delay_ms
</UL>
<BR>[Called By]<UL><LI><a href="#[b3]">&gt;&gt;</a>&nbsp;&nbsp;&nbsp;IrLocPos
</UL>

<P><STRONG><a name="[d9]"></a>command_Inq_FOV</STRONG> (Thumb, 42 bytes, Stack size 8 bytes, ir_uart.o(.text))
<BR><BR>[Stack]<UL><LI>Max Depth = 40<LI>Call Chain = command_Inq_FOV &rArr; IR_UART_SendData
</UL>
<BR>[Calls]<UL><LI><a href="#[10e]">&gt;&gt;</a>&nbsp;&nbsp;&nbsp;IR_UART_SendData
</UL>
<BR>[Called By]<UL><LI><a href="#[e3]">&gt;&gt;</a>&nbsp;&nbsp;&nbsp;IRAngleReturn
<LI><a href="#[d6]">&gt;&gt;</a>&nbsp;&nbsp;&nbsp;ComCmd_Proc
</UL>

<P><STRONG><a name="[c1]"></a>command_Set_FOV</STRONG> (Thumb, 312 bytes, Stack size 24 bytes, ir_uart.o(.text))
<BR><BR>[Stack]<UL><LI>Max Depth = 56<LI>Call Chain = command_Set_FOV &rArr; IR_UART_SendData
</UL>
<BR>[Calls]<UL><LI><a href="#[10e]">&gt;&gt;</a>&nbsp;&nbsp;&nbsp;IR_UART_SendData
</UL>
<BR>[Called By]<UL><LI><a href="#[ba]">&gt;&gt;</a>&nbsp;&nbsp;&nbsp;Pelcod_ExtendCmd_proc
<LI><a href="#[1d7]">&gt;&gt;</a>&nbsp;&nbsp;&nbsp;Loc3DIrLocView
</UL>

<P><STRONG><a name="[11c]"></a>IrOpenLocViewAutoFocus</STRONG> (Thumb, 20 bytes, Stack size 16 bytes, ir_uart.o(.text))
<BR><BR>[Stack]<UL><LI>Max Depth = 48<LI>Call Chain = IrOpenLocViewAutoFocus &rArr; IR_UART_SendData
</UL>
<BR>[Calls]<UL><LI><a href="#[10e]">&gt;&gt;</a>&nbsp;&nbsp;&nbsp;IR_UART_SendData
</UL>
<BR>[Called By]<UL><LI><a href="#[bc]">&gt;&gt;</a>&nbsp;&nbsp;&nbsp;SetPresetsAnalysis
</UL>

<P><STRONG><a name="[11d]"></a>IrCloseLocViewAutoFocus</STRONG> (Thumb, 20 bytes, Stack size 16 bytes, ir_uart.o(.text))
<BR><BR>[Stack]<UL><LI>Max Depth = 48<LI>Call Chain = IrCloseLocViewAutoFocus &rArr; IR_UART_SendData
</UL>
<BR>[Calls]<UL><LI><a href="#[10e]">&gt;&gt;</a>&nbsp;&nbsp;&nbsp;IR_UART_SendData
</UL>
<BR>[Called By]<UL><LI><a href="#[bb]">&gt;&gt;</a>&nbsp;&nbsp;&nbsp;CallPresetsAnalysis
</UL>

<P><STRONG><a name="[11e]"></a>IrOpenZoomAutoFocus</STRONG> (Thumb, 20 bytes, Stack size 16 bytes, ir_uart.o(.text))
<BR><BR>[Stack]<UL><LI>Max Depth = 48<LI>Call Chain = IrOpenZoomAutoFocus &rArr; IR_UART_SendData
</UL>
<BR>[Calls]<UL><LI><a href="#[10e]">&gt;&gt;</a>&nbsp;&nbsp;&nbsp;IR_UART_SendData
</UL>
<BR>[Called By]<UL><LI><a href="#[bc]">&gt;&gt;</a>&nbsp;&nbsp;&nbsp;SetPresetsAnalysis
<LI><a href="#[be]">&gt;&gt;</a>&nbsp;&nbsp;&nbsp;DeletePresetsAnalysis
</UL>

<P><STRONG><a name="[11f]"></a>IrCloseZoomAutoFocus</STRONG> (Thumb, 20 bytes, Stack size 16 bytes, ir_uart.o(.text))
<BR><BR>[Stack]<UL><LI>Max Depth = 48<LI>Call Chain = IrCloseZoomAutoFocus &rArr; IR_UART_SendData
</UL>
<BR>[Calls]<UL><LI><a href="#[10e]">&gt;&gt;</a>&nbsp;&nbsp;&nbsp;IR_UART_SendData
</UL>
<BR>[Called By]<UL><LI><a href="#[bb]">&gt;&gt;</a>&nbsp;&nbsp;&nbsp;CallPresetsAnalysis
</UL>

<P><STRONG><a name="[c2]"></a>IrLocFocus</STRONG> (Thumb, 372 bytes, Stack size 24 bytes, ir_uart.o(.text))
<BR><BR>[Stack]<UL><LI>Max Depth = 56<LI>Call Chain = IrLocFocus &rArr; IR_UART_SendData
</UL>
<BR>[Calls]<UL><LI><a href="#[10e]">&gt;&gt;</a>&nbsp;&nbsp;&nbsp;IR_UART_SendData
</UL>
<BR>[Called By]<UL><LI><a href="#[ba]">&gt;&gt;</a>&nbsp;&nbsp;&nbsp;Pelcod_ExtendCmd_proc
</UL>

<P><STRONG><a name="[81]"></a>main</STRONG> (Thumb, 70 bytes, Stack size 0 bytes, main.o(.text))
<BR><BR>[Stack]<UL><LI>Max Depth = 472<LI>Call Chain = main &rArr; ComCmd_Proc &rArr; Loc3DCamAction &rArr; tan &rArr; __ieee754_rem_pio2 &rArr; __aeabi_dmul
</UL>
<BR>[Calls]<UL><LI><a href="#[128]">&gt;&gt;</a>&nbsp;&nbsp;&nbsp;WatchHomeFun
<LI><a href="#[120]">&gt;&gt;</a>&nbsp;&nbsp;&nbsp;SysInit
<LI><a href="#[123]">&gt;&gt;</a>&nbsp;&nbsp;&nbsp;SysFunInit
<LI><a href="#[121]">&gt;&gt;</a>&nbsp;&nbsp;&nbsp;SysCheck
<LI><a href="#[124]">&gt;&gt;</a>&nbsp;&nbsp;&nbsp;PT_CallPreset_WithSpeedSet
<LI><a href="#[126]">&gt;&gt;</a>&nbsp;&nbsp;&nbsp;LineScanFun
<LI><a href="#[129]">&gt;&gt;</a>&nbsp;&nbsp;&nbsp;IWDG_ReloadCounter
<LI><a href="#[122]">&gt;&gt;</a>&nbsp;&nbsp;&nbsp;IWDG_Configuration
<LI><a href="#[125]">&gt;&gt;</a>&nbsp;&nbsp;&nbsp;CuriseFun
<LI><a href="#[127]">&gt;&gt;</a>&nbsp;&nbsp;&nbsp;AppleScanFun
<LI><a href="#[e4]">&gt;&gt;</a>&nbsp;&nbsp;&nbsp;DataReturn
<LI><a href="#[d6]">&gt;&gt;</a>&nbsp;&nbsp;&nbsp;ComCmd_Proc
<LI><a href="#[c7]">&gt;&gt;</a>&nbsp;&nbsp;&nbsp;LocPtAngle
<LI><a href="#[b3]">&gt;&gt;</a>&nbsp;&nbsp;&nbsp;IrLocPos
<LI><a href="#[af]">&gt;&gt;</a>&nbsp;&nbsp;&nbsp;CamLocPos
</UL>
<BR>[Called By]<UL><LI><a href="#[80]">&gt;&gt;</a>&nbsp;&nbsp;&nbsp;__rt_entry_main
</UL>

<P><STRONG><a name="[12a]"></a>RCC_PT_UART_Configuration</STRONG> (Thumb, 20 bytes, Stack size 8 bytes, pt_uart.o(.text))
<BR><BR>[Stack]<UL><LI>Max Depth = 8<LI>Call Chain = RCC_PT_UART_Configuration
</UL>
<BR>[Calls]<UL><LI><a href="#[88]">&gt;&gt;</a>&nbsp;&nbsp;&nbsp;RCC_APB2PeriphClockCmd
<LI><a href="#[8c]">&gt;&gt;</a>&nbsp;&nbsp;&nbsp;RCC_APB1PeriphClockCmd
</UL>
<BR>[Called By]<UL><LI><a href="#[12e]">&gt;&gt;</a>&nbsp;&nbsp;&nbsp;PT_UART_Init
</UL>

<P><STRONG><a name="[12b]"></a>GPIO_PT_UART_Configuration</STRONG> (Thumb, 50 bytes, Stack size 8 bytes, pt_uart.o(.text))
<BR><BR>[Stack]<UL><LI>Max Depth = 32<LI>Call Chain = GPIO_PT_UART_Configuration &rArr; GPIO_Init
</UL>
<BR>[Calls]<UL><LI><a href="#[8a]">&gt;&gt;</a>&nbsp;&nbsp;&nbsp;GPIO_Init
</UL>
<BR>[Called By]<UL><LI><a href="#[12e]">&gt;&gt;</a>&nbsp;&nbsp;&nbsp;PT_UART_Init
</UL>

<P><STRONG><a name="[12c]"></a>UART_PT_UART_Configuration</STRONG> (Thumb, 70 bytes, Stack size 24 bytes, pt_uart.o(.text))
<BR><BR>[Stack]<UL><LI>Max Depth = 92<LI>Call Chain = UART_PT_UART_Configuration &rArr; USART_Init &rArr; RCC_GetClocksFreq
</UL>
<BR>[Calls]<UL><LI><a href="#[107]">&gt;&gt;</a>&nbsp;&nbsp;&nbsp;USART_Init
<LI><a href="#[109]">&gt;&gt;</a>&nbsp;&nbsp;&nbsp;USART_ITConfig
<LI><a href="#[10a]">&gt;&gt;</a>&nbsp;&nbsp;&nbsp;USART_Cmd
<LI><a href="#[108]">&gt;&gt;</a>&nbsp;&nbsp;&nbsp;USART_ClearFlag
</UL>
<BR>[Called By]<UL><LI><a href="#[12e]">&gt;&gt;</a>&nbsp;&nbsp;&nbsp;PT_UART_Init
</UL>

<P><STRONG><a name="[12d]"></a>NVIC_PT_UART_Configuration</STRONG> (Thumb, 42 bytes, Stack size 8 bytes, pt_uart.o(.text))
<BR><BR>[Stack]<UL><LI>Max Depth = 24<LI>Call Chain = NVIC_PT_UART_Configuration &rArr; NVIC_Init
</UL>
<BR>[Calls]<UL><LI><a href="#[10c]">&gt;&gt;</a>&nbsp;&nbsp;&nbsp;NVIC_PriorityGroupConfig
<LI><a href="#[e8]">&gt;&gt;</a>&nbsp;&nbsp;&nbsp;NVIC_Init
</UL>
<BR>[Called By]<UL><LI><a href="#[12e]">&gt;&gt;</a>&nbsp;&nbsp;&nbsp;PT_UART_Init
</UL>

<P><STRONG><a name="[12e]"></a>PT_UART_Init</STRONG> (Thumb, 24 bytes, Stack size 8 bytes, pt_uart.o(.text))
<BR><BR>[Stack]<UL><LI>Max Depth = 100<LI>Call Chain = PT_UART_Init &rArr; UART_PT_UART_Configuration &rArr; USART_Init &rArr; RCC_GetClocksFreq
</UL>
<BR>[Calls]<UL><LI><a href="#[12d]">&gt;&gt;</a>&nbsp;&nbsp;&nbsp;NVIC_PT_UART_Configuration
<LI><a href="#[12c]">&gt;&gt;</a>&nbsp;&nbsp;&nbsp;UART_PT_UART_Configuration
<LI><a href="#[12b]">&gt;&gt;</a>&nbsp;&nbsp;&nbsp;GPIO_PT_UART_Configuration
<LI><a href="#[12a]">&gt;&gt;</a>&nbsp;&nbsp;&nbsp;RCC_PT_UART_Configuration
</UL>
<BR>[Called By]<UL><LI><a href="#[120]">&gt;&gt;</a>&nbsp;&nbsp;&nbsp;SysInit
</UL>

<P><STRONG><a name="[60]"></a>USART2_IRQHandler</STRONG> (Thumb, 488 bytes, Stack size 8 bytes, pt_uart.o(.text))
<BR><BR>[Stack]<UL><LI>Max Depth = 24<LI>Call Chain = USART2_IRQHandler &rArr; USART_GetITStatus
</UL>
<BR>[Calls]<UL><LI><a href="#[114]">&gt;&gt;</a>&nbsp;&nbsp;&nbsp;USART_ReceiveData
<LI><a href="#[112]">&gt;&gt;</a>&nbsp;&nbsp;&nbsp;USART_GetITStatus
<LI><a href="#[113]">&gt;&gt;</a>&nbsp;&nbsp;&nbsp;USART_ClearITPendingBit
</UL>
<BR>[Address Reference Count : 1]<UL><LI> startup_stm32f10x_hd.o(RESET)
</UL>
<P><STRONG><a name="[df]"></a>PT_UART_SendData</STRONG> (Thumb, 86 bytes, Stack size 32 bytes, pt_uart.o(.text))
<BR><BR>[Stack]<UL><LI>Max Depth = 32<LI>Call Chain = PT_UART_SendData
</UL>
<BR>[Calls]<UL><LI><a href="#[10f]">&gt;&gt;</a>&nbsp;&nbsp;&nbsp;USART_SendData
<LI><a href="#[111]">&gt;&gt;</a>&nbsp;&nbsp;&nbsp;USART_GetFlagStatus
<LI><a href="#[108]">&gt;&gt;</a>&nbsp;&nbsp;&nbsp;USART_ClearFlag
<LI><a href="#[110]">&gt;&gt;</a>&nbsp;&nbsp;&nbsp;delay
</UL>
<BR>[Called By]<UL><LI><a href="#[13c]">&gt;&gt;</a>&nbsp;&nbsp;&nbsp;PtSetVerAngle
<LI><a href="#[13b]">&gt;&gt;</a>&nbsp;&nbsp;&nbsp;PtSetHorAngle
<LI><a href="#[13a]">&gt;&gt;</a>&nbsp;&nbsp;&nbsp;PT_SetTiltAngle
<LI><a href="#[139]">&gt;&gt;</a>&nbsp;&nbsp;&nbsp;PT_SetPanAngle
<LI><a href="#[138]">&gt;&gt;</a>&nbsp;&nbsp;&nbsp;PT_CallPreset
<LI><a href="#[137]">&gt;&gt;</a>&nbsp;&nbsp;&nbsp;PT_ClearPreset
<LI><a href="#[136]">&gt;&gt;</a>&nbsp;&nbsp;&nbsp;PT_SetPreset
<LI><a href="#[12f]">&gt;&gt;</a>&nbsp;&nbsp;&nbsp;PT_stop
<LI><a href="#[cd]">&gt;&gt;</a>&nbsp;&nbsp;&nbsp;PtUp
<LI><a href="#[d5]">&gt;&gt;</a>&nbsp;&nbsp;&nbsp;PtStop
<LI><a href="#[d3]">&gt;&gt;</a>&nbsp;&nbsp;&nbsp;PtRightUp
<LI><a href="#[d4]">&gt;&gt;</a>&nbsp;&nbsp;&nbsp;PtRightDown
<LI><a href="#[d0]">&gt;&gt;</a>&nbsp;&nbsp;&nbsp;PtRight
<LI><a href="#[d1]">&gt;&gt;</a>&nbsp;&nbsp;&nbsp;PtLeftUp
<LI><a href="#[d2]">&gt;&gt;</a>&nbsp;&nbsp;&nbsp;PtLeftDown
<LI><a href="#[cf]">&gt;&gt;</a>&nbsp;&nbsp;&nbsp;PtLeft
<LI><a href="#[ce]">&gt;&gt;</a>&nbsp;&nbsp;&nbsp;PtDown
<LI><a href="#[db]">&gt;&gt;</a>&nbsp;&nbsp;&nbsp;PT_ctrl
<LI><a href="#[de]">&gt;&gt;</a>&nbsp;&nbsp;&nbsp;PTControl
</UL>

<P><STRONG><a name="[12f]"></a>PT_stop</STRONG> (Thumb, 86 bytes, Stack size 16 bytes, pt_uart.o(.text))
<BR><BR>[Stack]<UL><LI>Max Depth = 48<LI>Call Chain = PT_stop &rArr; PT_UART_SendData
</UL>
<BR>[Calls]<UL><LI><a href="#[df]">&gt;&gt;</a>&nbsp;&nbsp;&nbsp;PT_UART_SendData
</UL>
<BR>[Called By]<UL><LI><a href="#[db]">&gt;&gt;</a>&nbsp;&nbsp;&nbsp;PT_ctrl
</UL>

<P><STRONG><a name="[db]"></a>PT_ctrl</STRONG> (Thumb, 418 bytes, Stack size 48 bytes, pt_uart.o(.text))
<BR><BR>[Stack]<UL><LI>Max Depth = 96<LI>Call Chain = PT_ctrl &rArr; PT_stop &rArr; PT_UART_SendData
</UL>
<BR>[Calls]<UL><LI><a href="#[12f]">&gt;&gt;</a>&nbsp;&nbsp;&nbsp;PT_stop
<LI><a href="#[df]">&gt;&gt;</a>&nbsp;&nbsp;&nbsp;PT_UART_SendData
<LI><a href="#[134]">&gt;&gt;</a>&nbsp;&nbsp;&nbsp;__aeabi_cfrcmple
<LI><a href="#[132]">&gt;&gt;</a>&nbsp;&nbsp;&nbsp;__aeabi_fmul
<LI><a href="#[130]">&gt;&gt;</a>&nbsp;&nbsp;&nbsp;__aeabi_ui2f
<LI><a href="#[135]">&gt;&gt;</a>&nbsp;&nbsp;&nbsp;__aeabi_f2uiz
<LI><a href="#[131]">&gt;&gt;</a>&nbsp;&nbsp;&nbsp;__aeabi_fdiv
<LI><a href="#[133]">&gt;&gt;</a>&nbsp;&nbsp;&nbsp;__aeabi_fadd
</UL>
<BR>[Called By]<UL><LI><a href="#[124]">&gt;&gt;</a>&nbsp;&nbsp;&nbsp;PT_CallPreset_WithSpeedSet
<LI><a href="#[d6]">&gt;&gt;</a>&nbsp;&nbsp;&nbsp;ComCmd_Proc
</UL>

<P><STRONG><a name="[136]"></a>PT_SetPreset</STRONG> (Thumb, 96 bytes, Stack size 24 bytes, pt_uart.o(.text))
<BR><BR>[Stack]<UL><LI>Max Depth = 56<LI>Call Chain = PT_SetPreset &rArr; PT_UART_SendData
</UL>
<BR>[Calls]<UL><LI><a href="#[df]">&gt;&gt;</a>&nbsp;&nbsp;&nbsp;PT_UART_SendData
</UL>
<BR>[Called By]<UL><LI><a href="#[13e]">&gt;&gt;</a>&nbsp;&nbsp;&nbsp;PtSetVerZero
<LI><a href="#[13d]">&gt;&gt;</a>&nbsp;&nbsp;&nbsp;PtSetHorZero
<LI><a href="#[bc]">&gt;&gt;</a>&nbsp;&nbsp;&nbsp;SetPresetsAnalysis
<LI><a href="#[1b1]">&gt;&gt;</a>&nbsp;&nbsp;&nbsp;save_preset
</UL>

<P><STRONG><a name="[137]"></a>PT_ClearPreset</STRONG> (Thumb, 96 bytes, Stack size 24 bytes, pt_uart.o(.text))
<BR><BR>[Stack]<UL><LI>Max Depth = 56<LI>Call Chain = PT_ClearPreset &rArr; PT_UART_SendData
</UL>
<BR>[Calls]<UL><LI><a href="#[df]">&gt;&gt;</a>&nbsp;&nbsp;&nbsp;PT_UART_SendData
</UL>
<BR>[Called By]<UL><LI><a href="#[1b2]">&gt;&gt;</a>&nbsp;&nbsp;&nbsp;clear_prest
</UL>

<P><STRONG><a name="[138]"></a>PT_CallPreset</STRONG> (Thumb, 96 bytes, Stack size 24 bytes, pt_uart.o(.text))
<BR><BR>[Stack]<UL><LI>Max Depth = 56<LI>Call Chain = PT_CallPreset &rArr; PT_UART_SendData
</UL>
<BR>[Calls]<UL><LI><a href="#[df]">&gt;&gt;</a>&nbsp;&nbsp;&nbsp;PT_UART_SendData
</UL>
<BR>[Called By]<UL><LI><a href="#[141]">&gt;&gt;</a>&nbsp;&nbsp;&nbsp;PtRestart
<LI><a href="#[140]">&gt;&gt;</a>&nbsp;&nbsp;&nbsp;PtDefaultVerZero
<LI><a href="#[13f]">&gt;&gt;</a>&nbsp;&nbsp;&nbsp;PtDefaultHorZero
<LI><a href="#[1b6]">&gt;&gt;</a>&nbsp;&nbsp;&nbsp;call_preset
</UL>

<P><STRONG><a name="[139]"></a>PT_SetPanAngle</STRONG> (Thumb, 120 bytes, Stack size 24 bytes, pt_uart.o(.text))
<BR><BR>[Stack]<UL><LI>Max Depth = 56<LI>Call Chain = PT_SetPanAngle &rArr; PT_UART_SendData
</UL>
<BR>[Calls]<UL><LI><a href="#[df]">&gt;&gt;</a>&nbsp;&nbsp;&nbsp;PT_UART_SendData
</UL>
<BR>[Called By]<UL><LI><a href="#[124]">&gt;&gt;</a>&nbsp;&nbsp;&nbsp;PT_CallPreset_WithSpeedSet
<LI><a href="#[c9]">&gt;&gt;</a>&nbsp;&nbsp;&nbsp;LocAngle
<LI><a href="#[1b8]">&gt;&gt;</a>&nbsp;&nbsp;&nbsp;CallPtHorPreset
<LI><a href="#[1b7]">&gt;&gt;</a>&nbsp;&nbsp;&nbsp;CallPreset
<LI><a href="#[1b6]">&gt;&gt;</a>&nbsp;&nbsp;&nbsp;call_preset
</UL>

<P><STRONG><a name="[13a]"></a>PT_SetTiltAngle</STRONG> (Thumb, 120 bytes, Stack size 24 bytes, pt_uart.o(.text))
<BR><BR>[Stack]<UL><LI>Max Depth = 56<LI>Call Chain = PT_SetTiltAngle &rArr; PT_UART_SendData
</UL>
<BR>[Calls]<UL><LI><a href="#[df]">&gt;&gt;</a>&nbsp;&nbsp;&nbsp;PT_UART_SendData
</UL>
<BR>[Called By]<UL><LI><a href="#[124]">&gt;&gt;</a>&nbsp;&nbsp;&nbsp;PT_CallPreset_WithSpeedSet
<LI><a href="#[c9]">&gt;&gt;</a>&nbsp;&nbsp;&nbsp;LocAngle
<LI><a href="#[1ba]">&gt;&gt;</a>&nbsp;&nbsp;&nbsp;CallPtVerPos
<LI><a href="#[1b9]">&gt;&gt;</a>&nbsp;&nbsp;&nbsp;CallPtAbsVerPos
<LI><a href="#[1b7]">&gt;&gt;</a>&nbsp;&nbsp;&nbsp;CallPreset
<LI><a href="#[1b6]">&gt;&gt;</a>&nbsp;&nbsp;&nbsp;call_preset
</UL>

<P><STRONG><a name="[124]"></a>PT_CallPreset_WithSpeedSet</STRONG> (Thumb, 690 bytes, Stack size 16 bytes, pt_uart.o(.text))
<BR><BR>[Stack]<UL><LI>Max Depth = 112<LI>Call Chain = PT_CallPreset_WithSpeedSet &rArr; PT_ctrl &rArr; PT_stop &rArr; PT_UART_SendData
</UL>
<BR>[Calls]<UL><LI><a href="#[13a]">&gt;&gt;</a>&nbsp;&nbsp;&nbsp;PT_SetTiltAngle
<LI><a href="#[139]">&gt;&gt;</a>&nbsp;&nbsp;&nbsp;PT_SetPanAngle
<LI><a href="#[db]">&gt;&gt;</a>&nbsp;&nbsp;&nbsp;PT_ctrl
<LI><a href="#[aa]">&gt;&gt;</a>&nbsp;&nbsp;&nbsp;delay_ms
</UL>
<BR>[Called By]<UL><LI><a href="#[81]">&gt;&gt;</a>&nbsp;&nbsp;&nbsp;main
</UL>

<P><STRONG><a name="[13b]"></a>PtSetHorAngle</STRONG> (Thumb, 64 bytes, Stack size 16 bytes, pt_uart.o(.text))
<BR><BR>[Stack]<UL><LI>Max Depth = 48<LI>Call Chain = PtSetHorAngle &rArr; TVC_UART_SendData
</UL>
<BR>[Calls]<UL><LI><a href="#[c6]">&gt;&gt;</a>&nbsp;&nbsp;&nbsp;TVC_UART_SendData
<LI><a href="#[df]">&gt;&gt;</a>&nbsp;&nbsp;&nbsp;PT_UART_SendData
</UL>
<BR>[Called By]<UL><LI><a href="#[1d8]">&gt;&gt;</a>&nbsp;&nbsp;&nbsp;Loc3DPtLocAngle
</UL>

<P><STRONG><a name="[13c]"></a>PtSetVerAngle</STRONG> (Thumb, 64 bytes, Stack size 16 bytes, pt_uart.o(.text))
<BR><BR>[Stack]<UL><LI>Max Depth = 48<LI>Call Chain = PtSetVerAngle &rArr; TVC_UART_SendData
</UL>
<BR>[Calls]<UL><LI><a href="#[c6]">&gt;&gt;</a>&nbsp;&nbsp;&nbsp;TVC_UART_SendData
<LI><a href="#[df]">&gt;&gt;</a>&nbsp;&nbsp;&nbsp;PT_UART_SendData
</UL>
<BR>[Called By]<UL><LI><a href="#[1d8]">&gt;&gt;</a>&nbsp;&nbsp;&nbsp;Loc3DPtLocAngle
</UL>

<P><STRONG><a name="[13d]"></a>PtSetHorZero</STRONG> (Thumb, 10 bytes, Stack size 8 bytes, pt_uart.o(.text), UNUSED)
<BR><BR>[Calls]<UL><LI><a href="#[136]">&gt;&gt;</a>&nbsp;&nbsp;&nbsp;PT_SetPreset
</UL>

<P><STRONG><a name="[13e]"></a>PtSetVerZero</STRONG> (Thumb, 10 bytes, Stack size 8 bytes, pt_uart.o(.text), UNUSED)
<BR><BR>[Calls]<UL><LI><a href="#[136]">&gt;&gt;</a>&nbsp;&nbsp;&nbsp;PT_SetPreset
</UL>

<P><STRONG><a name="[13f]"></a>PtDefaultHorZero</STRONG> (Thumb, 10 bytes, Stack size 8 bytes, pt_uart.o(.text), UNUSED)
<BR><BR>[Calls]<UL><LI><a href="#[138]">&gt;&gt;</a>&nbsp;&nbsp;&nbsp;PT_CallPreset
</UL>

<P><STRONG><a name="[140]"></a>PtDefaultVerZero</STRONG> (Thumb, 10 bytes, Stack size 8 bytes, pt_uart.o(.text), UNUSED)
<BR><BR>[Calls]<UL><LI><a href="#[138]">&gt;&gt;</a>&nbsp;&nbsp;&nbsp;PT_CallPreset
</UL>

<P><STRONG><a name="[141]"></a>PtRestart</STRONG> (Thumb, 10 bytes, Stack size 8 bytes, pt_uart.o(.text))
<BR><BR>[Stack]<UL><LI>Max Depth = 64<LI>Call Chain = PtRestart &rArr; PT_CallPreset &rArr; PT_UART_SendData
</UL>
<BR>[Calls]<UL><LI><a href="#[138]">&gt;&gt;</a>&nbsp;&nbsp;&nbsp;PT_CallPreset
</UL>
<BR>[Called By]<UL><LI><a href="#[bb]">&gt;&gt;</a>&nbsp;&nbsp;&nbsp;CallPresetsAnalysis
</UL>

<P><STRONG><a name="[cd]"></a>PtUp</STRONG> (Thumb, 40 bytes, Stack size 16 bytes, pt_uart.o(.text), UNUSED)
<BR><BR>[Calls]<UL><LI><a href="#[df]">&gt;&gt;</a>&nbsp;&nbsp;&nbsp;PT_UART_SendData
</UL>
<BR>[Called By]<UL><LI><a href="#[ca]">&gt;&gt;</a>&nbsp;&nbsp;&nbsp;ComCmd_Proc1
</UL>

<P><STRONG><a name="[ce]"></a>PtDown</STRONG> (Thumb, 40 bytes, Stack size 16 bytes, pt_uart.o(.text), UNUSED)
<BR><BR>[Calls]<UL><LI><a href="#[df]">&gt;&gt;</a>&nbsp;&nbsp;&nbsp;PT_UART_SendData
</UL>
<BR>[Called By]<UL><LI><a href="#[ca]">&gt;&gt;</a>&nbsp;&nbsp;&nbsp;ComCmd_Proc1
</UL>

<P><STRONG><a name="[cf]"></a>PtLeft</STRONG> (Thumb, 40 bytes, Stack size 16 bytes, pt_uart.o(.text), UNUSED)
<BR><BR>[Calls]<UL><LI><a href="#[df]">&gt;&gt;</a>&nbsp;&nbsp;&nbsp;PT_UART_SendData
</UL>
<BR>[Called By]<UL><LI><a href="#[ca]">&gt;&gt;</a>&nbsp;&nbsp;&nbsp;ComCmd_Proc1
</UL>

<P><STRONG><a name="[d0]"></a>PtRight</STRONG> (Thumb, 40 bytes, Stack size 16 bytes, pt_uart.o(.text), UNUSED)
<BR><BR>[Calls]<UL><LI><a href="#[df]">&gt;&gt;</a>&nbsp;&nbsp;&nbsp;PT_UART_SendData
</UL>
<BR>[Called By]<UL><LI><a href="#[ca]">&gt;&gt;</a>&nbsp;&nbsp;&nbsp;ComCmd_Proc1
</UL>

<P><STRONG><a name="[d1]"></a>PtLeftUp</STRONG> (Thumb, 46 bytes, Stack size 24 bytes, pt_uart.o(.text), UNUSED)
<BR><BR>[Calls]<UL><LI><a href="#[df]">&gt;&gt;</a>&nbsp;&nbsp;&nbsp;PT_UART_SendData
</UL>
<BR>[Called By]<UL><LI><a href="#[ca]">&gt;&gt;</a>&nbsp;&nbsp;&nbsp;ComCmd_Proc1
</UL>

<P><STRONG><a name="[d2]"></a>PtLeftDown</STRONG> (Thumb, 46 bytes, Stack size 24 bytes, pt_uart.o(.text), UNUSED)
<BR><BR>[Calls]<UL><LI><a href="#[df]">&gt;&gt;</a>&nbsp;&nbsp;&nbsp;PT_UART_SendData
</UL>
<BR>[Called By]<UL><LI><a href="#[ca]">&gt;&gt;</a>&nbsp;&nbsp;&nbsp;ComCmd_Proc1
</UL>

<P><STRONG><a name="[d3]"></a>PtRightUp</STRONG> (Thumb, 46 bytes, Stack size 24 bytes, pt_uart.o(.text), UNUSED)
<BR><BR>[Calls]<UL><LI><a href="#[df]">&gt;&gt;</a>&nbsp;&nbsp;&nbsp;PT_UART_SendData
</UL>
<BR>[Called By]<UL><LI><a href="#[ca]">&gt;&gt;</a>&nbsp;&nbsp;&nbsp;ComCmd_Proc1
</UL>

<P><STRONG><a name="[d4]"></a>PtRightDown</STRONG> (Thumb, 46 bytes, Stack size 24 bytes, pt_uart.o(.text), UNUSED)
<BR><BR>[Calls]<UL><LI><a href="#[df]">&gt;&gt;</a>&nbsp;&nbsp;&nbsp;PT_UART_SendData
</UL>
<BR>[Called By]<UL><LI><a href="#[ca]">&gt;&gt;</a>&nbsp;&nbsp;&nbsp;ComCmd_Proc1
</UL>

<P><STRONG><a name="[d5]"></a>PtStop</STRONG> (Thumb, 34 bytes, Stack size 16 bytes, pt_uart.o(.text), UNUSED)
<BR><BR>[Calls]<UL><LI><a href="#[df]">&gt;&gt;</a>&nbsp;&nbsp;&nbsp;PT_UART_SendData
</UL>
<BR>[Called By]<UL><LI><a href="#[ca]">&gt;&gt;</a>&nbsp;&nbsp;&nbsp;ComCmd_Proc1
</UL>

<P><STRONG><a name="[142]"></a>time2_init</STRONG> (Thumb, 104 bytes, Stack size 24 bytes, timer.o(.text))
<BR><BR>[Stack]<UL><LI>Max Depth = 40<LI>Call Chain = time2_init &rArr; NVIC_Init
</UL>
<BR>[Calls]<UL><LI><a href="#[143]">&gt;&gt;</a>&nbsp;&nbsp;&nbsp;TIM_ITConfig
<LI><a href="#[10c]">&gt;&gt;</a>&nbsp;&nbsp;&nbsp;NVIC_PriorityGroupConfig
<LI><a href="#[e8]">&gt;&gt;</a>&nbsp;&nbsp;&nbsp;NVIC_Init
<LI><a href="#[8d]">&gt;&gt;</a>&nbsp;&nbsp;&nbsp;TIM_TimeBaseInit
<LI><a href="#[93]">&gt;&gt;</a>&nbsp;&nbsp;&nbsp;TIM_Cmd
<LI><a href="#[8c]">&gt;&gt;</a>&nbsp;&nbsp;&nbsp;RCC_APB1PeriphClockCmd
</UL>
<BR>[Called By]<UL><LI><a href="#[120]">&gt;&gt;</a>&nbsp;&nbsp;&nbsp;SysInit
</UL>

<P><STRONG><a name="[56]"></a>TIM2_IRQHandler</STRONG> (Thumb, 42 bytes, Stack size 8 bytes, timer.o(.text))
<BR><BR>[Stack]<UL><LI>Max Depth = 20<LI>Call Chain = TIM2_IRQHandler &rArr; TIM_GetITStatus
</UL>
<BR>[Calls]<UL><LI><a href="#[149]">&gt;&gt;</a>&nbsp;&nbsp;&nbsp;WatchHomeTimeCnt
<LI><a href="#[144]">&gt;&gt;</a>&nbsp;&nbsp;&nbsp;TIM_GetITStatus
<LI><a href="#[145]">&gt;&gt;</a>&nbsp;&nbsp;&nbsp;TIM_ClearITPendingBit
<LI><a href="#[147]">&gt;&gt;</a>&nbsp;&nbsp;&nbsp;LineScanTimeCnt
<LI><a href="#[146]">&gt;&gt;</a>&nbsp;&nbsp;&nbsp;CuriseTimeCnt
<LI><a href="#[148]">&gt;&gt;</a>&nbsp;&nbsp;&nbsp;AppleScanTimeCnt
<LI><a href="#[14a]">&gt;&gt;</a>&nbsp;&nbsp;&nbsp;ClearCmdComplexCnt
</UL>
<BR>[Address Reference Count : 1]<UL><LI> startup_stm32f10x_hd.o(RESET)
</UL>
<P><STRONG><a name="[14b]"></a>time3_init</STRONG> (Thumb, 102 bytes, Stack size 24 bytes, timer.o(.text))
<BR><BR>[Stack]<UL><LI>Max Depth = 40<LI>Call Chain = time3_init &rArr; NVIC_Init
</UL>
<BR>[Calls]<UL><LI><a href="#[143]">&gt;&gt;</a>&nbsp;&nbsp;&nbsp;TIM_ITConfig
<LI><a href="#[10c]">&gt;&gt;</a>&nbsp;&nbsp;&nbsp;NVIC_PriorityGroupConfig
<LI><a href="#[e8]">&gt;&gt;</a>&nbsp;&nbsp;&nbsp;NVIC_Init
<LI><a href="#[8d]">&gt;&gt;</a>&nbsp;&nbsp;&nbsp;TIM_TimeBaseInit
<LI><a href="#[93]">&gt;&gt;</a>&nbsp;&nbsp;&nbsp;TIM_Cmd
<LI><a href="#[8c]">&gt;&gt;</a>&nbsp;&nbsp;&nbsp;RCC_APB1PeriphClockCmd
</UL>
<BR>[Called By]<UL><LI><a href="#[120]">&gt;&gt;</a>&nbsp;&nbsp;&nbsp;SysInit
</UL>

<P><STRONG><a name="[57]"></a>TIM3_IRQHandler</STRONG> (Thumb, 66 bytes, Stack size 8 bytes, timer.o(.text))
<BR><BR>[Stack]<UL><LI>Max Depth = 20<LI>Call Chain = TIM3_IRQHandler &rArr; TIM_GetITStatus
</UL>
<BR>[Calls]<UL><LI><a href="#[144]">&gt;&gt;</a>&nbsp;&nbsp;&nbsp;TIM_GetITStatus
<LI><a href="#[145]">&gt;&gt;</a>&nbsp;&nbsp;&nbsp;TIM_ClearITPendingBit
</UL>
<BR>[Address Reference Count : 1]<UL><LI> startup_stm32f10x_hd.o(RESET)
</UL>
<P><STRONG><a name="[14c]"></a>time4_init</STRONG> (Thumb, 100 bytes, Stack size 24 bytes, timer.o(.text))
<BR><BR>[Stack]<UL><LI>Max Depth = 40<LI>Call Chain = time4_init &rArr; NVIC_Init
</UL>
<BR>[Calls]<UL><LI><a href="#[143]">&gt;&gt;</a>&nbsp;&nbsp;&nbsp;TIM_ITConfig
<LI><a href="#[10c]">&gt;&gt;</a>&nbsp;&nbsp;&nbsp;NVIC_PriorityGroupConfig
<LI><a href="#[e8]">&gt;&gt;</a>&nbsp;&nbsp;&nbsp;NVIC_Init
<LI><a href="#[8d]">&gt;&gt;</a>&nbsp;&nbsp;&nbsp;TIM_TimeBaseInit
<LI><a href="#[93]">&gt;&gt;</a>&nbsp;&nbsp;&nbsp;TIM_Cmd
<LI><a href="#[8c]">&gt;&gt;</a>&nbsp;&nbsp;&nbsp;RCC_APB1PeriphClockCmd
</UL>
<BR>[Called By]<UL><LI><a href="#[120]">&gt;&gt;</a>&nbsp;&nbsp;&nbsp;SysInit
</UL>

[...]
<LI><a href="#[193]">&gt;&gt;</a>&nbsp;&nbsp;&nbsp;GPIO_SetBits
</UL>
<BR>[Called By]<UL><LI><a href="#[4]">&gt;&gt;</a>&nbsp;&nbsp;&nbsp;LaserMove
</UL>

<P><STRONG><a name="[c]"></a>LaserGoToPosition</STRONG> (Thumb, 66 bytes, Stack size 8 bytes, laserfunction.o(.text))
<BR><BR>[Stack]<UL><LI>Max Depth = 16<LI>Call Chain = LaserGoToPosition &rArr; LaserSmall
</UL>
<BR>[Calls]<UL><LI><a href="#[198]">&gt;&gt;</a>&nbsp;&nbsp;&nbsp;AbsLongInt
<LI><a href="#[a]">&gt;&gt;</a>&nbsp;&nbsp;&nbsp;LaserSmall
<LI><a href="#[9]">&gt;&gt;</a>&nbsp;&nbsp;&nbsp;LaserBig
<LI><a href="#[8]">&gt;&gt;</a>&nbsp;&nbsp;&nbsp;LaserStop
</UL>
<BR>[Called By]<UL><LI><a href="#[d]">&gt;&gt;</a>&nbsp;&nbsp;&nbsp;LaserSynchronize
</UL>
<BR>[Address Reference Count : 1]<UL><LI> laserfunction.o(.data)
</UL>
<P><STRONG><a name="[199]"></a>LaserStopPosition</STRONG> (Thumb, 36 bytes, Stack size 8 bytes, laserfunction.o(.text))
<BR><BR>[Stack]<UL><LI>Max Depth = 8<LI>Call Chain = LaserStopPosition
</UL>
<BR>[Calls]<UL><LI><a href="#[198]">&gt;&gt;</a>&nbsp;&nbsp;&nbsp;AbsLongInt
<LI><a href="#[8]">&gt;&gt;</a>&nbsp;&nbsp;&nbsp;LaserStop
</UL>
<BR>[Called By]<UL><LI><a href="#[4]">&gt;&gt;</a>&nbsp;&nbsp;&nbsp;LaserMove
</UL>

<P><STRONG><a name="[11]"></a>LaserAutoFunction</STRONG> (Thumb, 160 bytes, Stack size 8 bytes, laserfunction.o(.text))
<BR><BR>[Stack]<UL><LI>Max Depth = 56<LI>Call Chain = LaserAutoFunction &rArr; LaserAutoClose &rArr; CameraColor &rArr; TTL_UART_SendData
</UL>
<BR>[Calls]<UL><LI><a href="#[196]">&gt;&gt;</a>&nbsp;&nbsp;&nbsp;LaserAutoClose
<LI><a href="#[195]">&gt;&gt;</a>&nbsp;&nbsp;&nbsp;LaserAutoOpen
</UL>
<BR>[Address Reference Count : 1]<UL><LI> laserfunction.o(.data)
</UL>
<P><STRONG><a name="[d]"></a>LaserSynchronize</STRONG> (Thumb, 234 bytes, Stack size 16 bytes, laserfunction.o(.text))
<BR><BR>[Stack]<UL><LI>Max Depth = 32<LI>Call Chain = LaserSynchronize &rArr; LaserGoToPosition &rArr; LaserSmall
</UL>
<BR>[Calls]<UL><LI><a href="#[c]">&gt;&gt;</a>&nbsp;&nbsp;&nbsp;LaserGoToPosition
</UL>
<BR>[Address Reference Count : 1]<UL><LI> laserfunction.o(.data)
</UL>
<P><STRONG><a name="[4]"></a>LaserMove</STRONG> (Thumb, 26 bytes, Stack size 8 bytes, laserfunction.o(.text))
<BR><BR>[Stack]<UL><LI>Max Depth = 16<LI>Call Chain = LaserMove &rArr; LaserStopPosition
</UL>
<BR>[Calls]<UL><LI><a href="#[199]">&gt;&gt;</a>&nbsp;&nbsp;&nbsp;LaserStopPosition
<LI><a href="#[197]">&gt;&gt;</a>&nbsp;&nbsp;&nbsp;LaserStepMove
</UL>
<BR>[Address Reference Count : 1]<UL><LI> laserfunction.o(.data)
</UL>
<P><STRONG><a name="[12]"></a>LaserFullError</STRONG> (Thumb, 134 bytes, Stack size 24 bytes, laserfunction.o(.text))
<BR><BR>[Stack]<UL><LI>Max Depth = 120<LI>Call Chain = LaserFullError &rArr; EEPROM_I2C_WriteBuffer &rArr; EEPROM_Write &rArr; EEPROM_WritePage &rArr; EEPROM_DMAConfig &rArr; DMA_Init
</UL>
<BR>[Calls]<UL><LI><a href="#[100]">&gt;&gt;</a>&nbsp;&nbsp;&nbsp;EEPROM_I2C_WriteBuffer
</UL>
<BR>[Address Reference Count : 1]<UL><LI> laserfunction.o(.data)
</UL>
<P><STRONG><a name="[13]"></a>LaserFirstError</STRONG> (Thumb, 92 bytes, Stack size 16 bytes, laserfunction.o(.text))
<BR><BR>[Stack]<UL><LI>Max Depth = 112<LI>Call Chain = LaserFirstError &rArr; EEPROM_I2C_WriteBuffer &rArr; EEPROM_Write &rArr; EEPROM_WritePage &rArr; EEPROM_DMAConfig &rArr; DMA_Init
</UL>
<BR>[Calls]<UL><LI><a href="#[100]">&gt;&gt;</a>&nbsp;&nbsp;&nbsp;EEPROM_I2C_WriteBuffer
</UL>
<BR>[Address Reference Count : 1]<UL><LI> laserfunction.o(.data)
</UL>
<P><STRONG><a name="[14]"></a>LaserRead</STRONG> (Thumb, 124 bytes, Stack size 16 bytes, laserfunction.o(.text))
<BR><BR>[Stack]<UL><LI>Max Depth = 80<LI>Call Chain = LaserRead &rArr; EEPROM_I2C_ReadBuffer &rArr; EEPROM_I2C_Read &rArr; EEPROM_DMAConfig &rArr; DMA_Init
</UL>
<BR>[Calls]<UL><LI><a href="#[fb]">&gt;&gt;</a>&nbsp;&nbsp;&nbsp;EEPROM_I2C_ReadBuffer
</UL>
<BR>[Address Reference Count : 1]<UL><LI> laserfunction.o(.data)
</UL>
<P><STRONG><a name="[19a]"></a>GpioInit</STRONG> (Thumb, 74 bytes, Stack size 8 bytes, lensdriver.o(.text))
<BR><BR>[Stack]<UL><LI>Max Depth = 32<LI>Call Chain = GpioInit &rArr; GPIO_Init
</UL>
<BR>[Calls]<UL><LI><a href="#[88]">&gt;&gt;</a>&nbsp;&nbsp;&nbsp;RCC_APB2PeriphClockCmd
<LI><a href="#[8a]">&gt;&gt;</a>&nbsp;&nbsp;&nbsp;GPIO_Init
</UL>
<BR>[Called By]<UL><LI><a href="#[26]">&gt;&gt;</a>&nbsp;&nbsp;&nbsp;LensInit
</UL>

<P><STRONG><a name="[19b]"></a>ADCInit</STRONG> (Thumb, 300 bytes, Stack size 72 bytes, lensdriver.o(.text))
<BR><BR>[Stack]<UL><LI>Max Depth = 96<LI>Call Chain = ADCInit &rArr; GPIO_Init
</UL>
<BR>[Calls]<UL><LI><a href="#[88]">&gt;&gt;</a>&nbsp;&nbsp;&nbsp;RCC_APB2PeriphClockCmd
<LI><a href="#[98]">&gt;&gt;</a>&nbsp;&nbsp;&nbsp;RCC_AHBPeriphClockCmd
<LI><a href="#[97]">&gt;&gt;</a>&nbsp;&nbsp;&nbsp;RCC_ADCCLKConfig
<LI><a href="#[8a]">&gt;&gt;</a>&nbsp;&nbsp;&nbsp;GPIO_Init
<LI><a href="#[a3]">&gt;&gt;</a>&nbsp;&nbsp;&nbsp;DMA_Init
<LI><a href="#[a2]">&gt;&gt;</a>&nbsp;&nbsp;&nbsp;DMA_DeInit
<LI><a href="#[a4]">&gt;&gt;</a>&nbsp;&nbsp;&nbsp;DMA_Cmd
<LI><a href="#[9f]">&gt;&gt;</a>&nbsp;&nbsp;&nbsp;ADC_StartCalibration
<LI><a href="#[a1]">&gt;&gt;</a>&nbsp;&nbsp;&nbsp;ADC_SoftwareStartConvCmd
<LI><a href="#[9d]">&gt;&gt;</a>&nbsp;&nbsp;&nbsp;ADC_ResetCalibration
<LI><a href="#[9a]">&gt;&gt;</a>&nbsp;&nbsp;&nbsp;ADC_RegularChannelConfig
<LI><a href="#[99]">&gt;&gt;</a>&nbsp;&nbsp;&nbsp;ADC_Init
<LI><a href="#[9e]">&gt;&gt;</a>&nbsp;&nbsp;&nbsp;ADC_GetResetCalibrationStatus
<LI><a href="#[a0]">&gt;&gt;</a>&nbsp;&nbsp;&nbsp;ADC_GetCalibrationStatus
<LI><a href="#[9c]">&gt;&gt;</a>&nbsp;&nbsp;&nbsp;ADC_DMACmd
<LI><a href="#[9b]">&gt;&gt;</a>&nbsp;&nbsp;&nbsp;ADC_Cmd
</UL>
<BR>[Called By]<UL><LI><a href="#[26]">&gt;&gt;</a>&nbsp;&nbsp;&nbsp;LensInit
</UL>

<P><STRONG><a name="[26]"></a>LensInit</STRONG> (Thumb, 12 bytes, Stack size 8 bytes, lensdriver.o(.text))
<BR><BR>[Stack]<UL><LI>Max Depth = 104<LI>Call Chain = LensInit &rArr; ADCInit &rArr; GPIO_Init
</UL>
<BR>[Calls]<UL><LI><a href="#[19b]">&gt;&gt;</a>&nbsp;&nbsp;&nbsp;ADCInit
<LI><a href="#[19a]">&gt;&gt;</a>&nbsp;&nbsp;&nbsp;GpioInit
</UL>
<BR>[Address Reference Count : 1]<UL><LI> lensdriver.o(.data)
</UL>
<P><STRONG><a name="[17]"></a>CameraTele</STRONG> (Thumb, 20 bytes, Stack size 8 bytes, lensdriver.o(.text))
<BR><BR>[Stack]<UL><LI>Max Depth = 8<LI>Call Chain = CameraTele
</UL>
<BR>[Calls]<UL><LI><a href="#[194]">&gt;&gt;</a>&nbsp;&nbsp;&nbsp;GPIO_ResetBits
<LI><a href="#[193]">&gt;&gt;</a>&nbsp;&nbsp;&nbsp;GPIO_SetBits
</UL>
<BR>[Address Reference Count : 1]<UL><LI> lensdriver.o(.data)
</UL>
<P><STRONG><a name="[16]"></a>CameraWide</STRONG> (Thumb, 20 bytes, Stack size 8 bytes, lensdriver.o(.text))
<BR><BR>[Stack]<UL><LI>Max Depth = 8<LI>Call Chain = CameraWide
</UL>
<BR>[Calls]<UL><LI><a href="#[194]">&gt;&gt;</a>&nbsp;&nbsp;&nbsp;GPIO_ResetBits
<LI><a href="#[193]">&gt;&gt;</a>&nbsp;&nbsp;&nbsp;GPIO_SetBits
</UL>
<BR>[Address Reference Count : 1]<UL><LI> lensdriver.o(.data)
</UL>
<P><STRONG><a name="[1a]"></a>CameraZoomStop</STRONG> (Thumb, 20 bytes, Stack size 8 bytes, lensdriver.o(.text))
<BR><BR>[Stack]<UL><LI>Max Depth = 8<LI>Call Chain = CameraZoomStop
</UL>
<BR>[Calls]<UL><LI><a href="#[194]">&gt;&gt;</a>&nbsp;&nbsp;&nbsp;GPIO_ResetBits
</UL>
<BR>[Address Reference Count : 1]<UL><LI> lensdriver.o(.data)
</UL>
<P><STRONG><a name="[18]"></a>CameraFar</STRONG> (Thumb, 14 bytes, Stack size 0 bytes, lensdriver.o(.text))
<BR>[Address Reference Count : 1]<UL><LI> lensdriver.o(.data)
</UL>
<P><STRONG><a name="[19]"></a>CameraNear</STRONG> (Thumb, 14 bytes, Stack size 0 bytes, lensdriver.o(.text))
<BR>[Address Reference Count : 1]<UL><LI> lensdriver.o(.data)
</UL>
<P><STRONG><a name="[1b]"></a>CameraFocusStop</STRONG> (Thumb, 18 bytes, Stack size 8 bytes, lensdriver.o(.text))
<BR><BR>[Stack]<UL><LI>Max Depth = 16<LI>Call Chain = CameraFocusStop &rArr; CamFocusStop
</UL>
<BR>[Calls]<UL><LI><a href="#[19e]">&gt;&gt;</a>&nbsp;&nbsp;&nbsp;CamFocusStop
</UL>
<BR>[Address Reference Count : 1]<UL><LI> lensdriver.o(.data)
</UL>
<P><STRONG><a name="[1e]"></a>IRWide</STRONG> (Thumb, 8 bytes, Stack size 8 bytes, lensdriver.o(.text))
<BR><BR>[Stack]<UL><LI>Max Depth = 48<LI>Call Chain = IRWide &rArr; command_zoomwide &rArr; IR_UART_SendData
</UL>
<BR>[Calls]<UL><LI><a href="#[115]">&gt;&gt;</a>&nbsp;&nbsp;&nbsp;command_zoomwide
</UL>
<BR>[Address Reference Count : 1]<UL><LI> lensdriver.o(.data)
</UL>
<P><STRONG><a name="[1f]"></a>IRTele</STRONG> (Thumb, 8 bytes, Stack size 8 bytes, lensdriver.o(.text))
<BR><BR>[Stack]<UL><LI>Max Depth = 48<LI>Call Chain = IRTele &rArr; command_zoomtele &rArr; IR_UART_SendData
</UL>
<BR>[Calls]<UL><LI><a href="#[116]">&gt;&gt;</a>&nbsp;&nbsp;&nbsp;command_zoomtele
</UL>
<BR>[Address Reference Count : 1]<UL><LI> lensdriver.o(.data)
</UL>
<P><STRONG><a name="[22]"></a>IRZoomStop</STRONG> (Thumb, 8 bytes, Stack size 8 bytes, lensdriver.o(.text))
<BR><BR>[Stack]<UL><LI>Max Depth = 48<LI>Call Chain = IRZoomStop &rArr; command_zoomstop &rArr; IR_UART_SendData
</UL>
<BR>[Calls]<UL><LI><a href="#[117]">&gt;&gt;</a>&nbsp;&nbsp;&nbsp;command_zoomstop
</UL>
<BR>[Address Reference Count : 1]<UL><LI> lensdriver.o(.data)
</UL>
<P><STRONG><a name="[20]"></a>IRFar</STRONG> (Thumb, 8 bytes, Stack size 8 bytes, lensdriver.o(.text))
<BR><BR>[Stack]<UL><LI>Max Depth = 48<LI>Call Chain = IRFar &rArr; command_FocusFar &rArr; IR_UART_SendData
</UL>
<BR>[Calls]<UL><LI><a href="#[119]">&gt;&gt;</a>&nbsp;&nbsp;&nbsp;command_FocusFar
</UL>
<BR>[Address Reference Count : 1]<UL><LI> lensdriver.o(.data)
</UL>
<P><STRONG><a name="[21]"></a>IRNear</STRONG> (Thumb, 8 bytes, Stack size 8 bytes, lensdriver.o(.text))
<BR><BR>[Stack]<UL><LI>Max Depth = 48<LI>Call Chain = IRNear &rArr; command_FocusNear &rArr; IR_UART_SendData
</UL>
<BR>[Calls]<UL><LI><a href="#[118]">&gt;&gt;</a>&nbsp;&nbsp;&nbsp;command_FocusNear
</UL>
<BR>[Address Reference Count : 1]<UL><LI> lensdriver.o(.data)
</UL>
<P><STRONG><a name="[23]"></a>IRFocusStop</STRONG> (Thumb, 8 bytes, Stack size 8 bytes, lensdriver.o(.text))
<BR><BR>[Stack]<UL><LI>Max Depth = 48<LI>Call Chain = IRFocusStop &rArr; command_FocusStop &rArr; IR_UART_SendData
</UL>
<BR>[Calls]<UL><LI><a href="#[11a]">&gt;&gt;</a>&nbsp;&nbsp;&nbsp;command_FocusStop
</UL>
<BR>[Address Reference Count : 1]<UL><LI> lensdriver.o(.data)
</UL>
<P><STRONG><a name="[1c]"></a>ReadCameraZoomValue</STRONG> (Thumb, 6 bytes, Stack size 0 bytes, lensdriver.o(.text))
<BR>[Address Reference Count : 1]<UL><LI> lensdriver.o(.data)
</UL>
<P><STRONG><a name="[1d]"></a>ReadCameraFocusValue</STRONG> (Thumb, 6 bytes, Stack size 0 bytes, lensdriver.o(.text))
<BR>[Address Reference Count : 1]<UL><LI> lensdriver.o(.data)
</UL>
<P><STRONG><a name="[24]"></a>ReadIRZoomValue</STRONG> (Thumb, 6 bytes, Stack size 0 bytes, lensdriver.o(.text))
<BR>[Address Reference Count : 1]<UL><LI> lensdriver.o(.data)
</UL>
<P><STRONG><a name="[25]"></a>ReadIRFocusValue</STRONG> (Thumb, 6 bytes, Stack size 0 bytes, lensdriver.o(.text))
<BR>[Address Reference Count : 1]<UL><LI> lensdriver.o(.data)
</UL>
<P><STRONG><a name="[27]"></a>ReadLightSensorValue</STRONG> (Thumb, 6 bytes, Stack size 0 bytes, lensdriver.o(.text))
<BR>[Address Reference Count : 1]<UL><LI> lensdriver.o(.data)
</UL>
<P><STRONG><a name="[28]"></a>MiscUnIntAbs</STRONG> (Thumb, 14 bytes, Stack size 0 bytes, miscalg.o(.text))
<BR>[Address Reference Count : 1]<UL><LI> miscalg.o(.data)
</UL>
<P><STRONG><a name="[29]"></a>MiscUnShortAbs</STRONG> (Thumb, 18 bytes, Stack size 0 bytes, miscalg.o(.text))
<BR>[Address Reference Count : 1]<UL><LI> miscalg.o(.data)
</UL>
<P><STRONG><a name="[2a]"></a>MiscPelcodCrc</STRONG> (Thumb, 24 bytes, Stack size 0 bytes, miscalg.o(.text))
<BR>[Address Reference Count : 1]<UL><LI> miscalg.o(.data)
</UL>
<P><STRONG><a name="[2e]"></a>AlgGetZoomInAd</STRONG> (Thumb, 6 bytes, Stack size 0 bytes, algorithm.o(.text))
<BR>[Address Reference Count : 1]<UL><LI> algorithm.o(.data)
</UL>
<P><STRONG><a name="[2f]"></a>AlgGetZoomOutAd</STRONG> (Thumb, 12 bytes, Stack size 0 bytes, algorithm.o(.text))
<BR>[Address Reference Count : 1]<UL><LI> algorithm.o(.data)
</UL>
<P><STRONG><a name="[2b]"></a>AlgCorrCamAdValue</STRONG> (Thumb, 104 bytes, Stack size 12 bytes, algorithm.o(.text))
<BR><BR>[Stack]<UL><LI>Max Depth = 12<LI>Call Chain = AlgCorrCamAdValue
</UL>
<BR>[Address Reference Count : 1]<UL><LI> algorithm.o(.data)
</UL>
<P><STRONG><a name="[2c]"></a>AlgCalcCamAngle</STRONG> (Thumb, 380 bytes, Stack size 56 bytes, algorithm.o(.text))
<BR><BR>[Stack]<UL><LI>Max Depth = 72<LI>Call Chain = AlgCalcCamAngle &rArr; __aeabi_fmul
</UL>
<BR>[Calls]<UL><LI><a href="#[132]">&gt;&gt;</a>&nbsp;&nbsp;&nbsp;__aeabi_fmul
<LI><a href="#[130]">&gt;&gt;</a>&nbsp;&nbsp;&nbsp;__aeabi_ui2f
<LI><a href="#[135]">&gt;&gt;</a>&nbsp;&nbsp;&nbsp;__aeabi_f2uiz
<LI><a href="#[131]">&gt;&gt;</a>&nbsp;&nbsp;&nbsp;__aeabi_fdiv
</UL>
<BR>[Address Reference Count : 1]<UL><LI> algorithm.o(.data)
</UL>
<P><STRONG><a name="[2d]"></a>AlgCalcCamAd</STRONG> (Thumb, 284 bytes, Stack size 64 bytes, algorithm.o(.text))
<BR><BR>[Stack]<UL><LI>Max Depth = 80<LI>Call Chain = AlgCalcCamAd &rArr; __aeabi_fmul
</UL>
<BR>[Calls]<UL><LI><a href="#[132]">&gt;&gt;</a>&nbsp;&nbsp;&nbsp;__aeabi_fmul
<LI><a href="#[130]">&gt;&gt;</a>&nbsp;&nbsp;&nbsp;__aeabi_ui2f
<LI><a href="#[135]">&gt;&gt;</a>&nbsp;&nbsp;&nbsp;__aeabi_f2uiz
<LI><a href="#[131]">&gt;&gt;</a>&nbsp;&nbsp;&nbsp;__aeabi_fdiv
<LI><a href="#[1b0]">&gt;&gt;</a>&nbsp;&nbsp;&nbsp;__aeabi_fsub
<LI><a href="#[133]">&gt;&gt;</a>&nbsp;&nbsp;&nbsp;__aeabi_fadd
</UL>
<BR>[Address Reference Count : 1]<UL><LI> algorithm.o(.data)
</UL>
<P><STRONG><a name="[1ce]"></a>AppleScanRight</STRONG> (Thumb, 44 bytes, Stack size 8 bytes, applescan.o(.text))
<BR><BR>[Stack]<UL><LI>Max Depth = 96<LI>Call Chain = AppleScanRight &rArr; CallPtHorPreset &rArr; EEPROM_I2C_ReadBuffer &rArr; EEPROM_I2C_Read &rArr; EEPROM_DMAConfig &rArr; DMA_Init
</UL>
<BR>[Calls]<UL><LI><a href="#[1cf]">&gt;&gt;</a>&nbsp;&nbsp;&nbsp;AppleScanCheckUpBoard
<LI><a href="#[1b8]">&gt;&gt;</a>&nbsp;&nbsp;&nbsp;CallPtHorPreset
</UL>
<BR>[Called By]<UL><LI><a href="#[127]">&gt;&gt;</a>&nbsp;&nbsp;&nbsp;AppleScanFun
</UL>

<P><STRONG><a name="[1d0]"></a>AppleScanRightBoardUp</STRONG> (Thumb, 96 bytes, Stack size 8 bytes, applescan.o(.text))
<BR><BR>[Stack]<UL><LI>Max Depth = 80<LI>Call Chain = AppleScanRightBoardUp &rArr; CallPtVerPos &rArr; PT_SetTiltAngle &rArr; PT_UART_SendData
</UL>
<BR>[Calls]<UL><LI><a href="#[1cf]">&gt;&gt;</a>&nbsp;&nbsp;&nbsp;AppleScanCheckUpBoard
<LI><a href="#[1ba]">&gt;&gt;</a>&nbsp;&nbsp;&nbsp;CallPtVerPos
<LI><a href="#[1b9]">&gt;&gt;</a>&nbsp;&nbsp;&nbsp;CallPtAbsVerPos
</UL>
<BR>[Called By]<UL><LI><a href="#[127]">&gt;&gt;</a>&nbsp;&nbsp;&nbsp;AppleScanFun
</UL>

<P><STRONG><a name="[1d1]"></a>AppleScanLeft</STRONG> (Thumb, 44 bytes, Stack size 8 bytes, applescan.o(.text))
<BR><BR>[Stack]<UL><LI>Max Depth = 96<LI>Call Chain = AppleScanLeft &rArr; CallPtHorPreset &rArr; EEPROM_I2C_ReadBuffer &rArr; EEPROM_I2C_Read &rArr; EEPROM_DMAConfig &rArr; DMA_Init
</UL>
<BR>[Calls]<UL><LI><a href="#[1cf]">&gt;&gt;</a>&nbsp;&nbsp;&nbsp;AppleScanCheckUpBoard
<LI><a href="#[1b8]">&gt;&gt;</a>&nbsp;&nbsp;&nbsp;CallPtHorPreset
</UL>
<BR>[Called By]<UL><LI><a href="#[127]">&gt;&gt;</a>&nbsp;&nbsp;&nbsp;AppleScanFun
</UL>

<P><STRONG><a name="[1d2]"></a>AppleScanLeftBoardUp</STRONG> (Thumb, 96 bytes, Stack size 8 bytes, applescan.o(.text))
<BR><BR>[Stack]<UL><LI>Max Depth = 80<LI>Call Chain = AppleScanLeftBoardUp &rArr; CallPtVerPos &rArr; PT_SetTiltAngle &rArr; PT_UART_SendData
</UL>
<BR>[Calls]<UL><LI><a href="#[1cf]">&gt;&gt;</a>&nbsp;&nbsp;&nbsp;AppleScanCheckUpBoard
<LI><a href="#[1ba]">&gt;&gt;</a>&nbsp;&nbsp;&nbsp;CallPtVerPos
<LI><a href="#[1b9]">&gt;&gt;</a>&nbsp;&nbsp;&nbsp;CallPtAbsVerPos
</UL>
<BR>[Called By]<UL><LI><a href="#[127]">&gt;&gt;</a>&nbsp;&nbsp;&nbsp;AppleScanFun
</UL>

<P><STRONG><a name="[1dc]"></a>Loc3DGetPtCurAngle</STRONG> (Thumb, 18 bytes, Stack size 0 bytes, m_3d.o(.text))
<BR><BR>[Called By]<UL><LI><a href="#[da]">&gt;&gt;</a>&nbsp;&nbsp;&nbsp;Loc3DIrAction
<LI><a href="#[d8]">&gt;&gt;</a>&nbsp;&nbsp;&nbsp;Loc3DCamAction
</UL>

<P><STRONG><a name="[1ea]"></a>Loc3DCamViewToAd</STRONG> (Thumb, 16 bytes, Stack size 8 bytes, m_3d.o(.text))
<BR><BR>[Stack]<UL><LI>Max Depth = 8<LI>Call Chain = Loc3DCamViewToAd
</UL>
<BR>[Called By]<UL><LI><a href="#[d8]">&gt;&gt;</a>&nbsp;&nbsp;&nbsp;Loc3DCamAction
</UL>

<P><STRONG><a name="[1d6]"></a>Loc3DCamLocAd</STRONG> (Thumb, 12 bytes, Stack size 8 bytes, m_3d.o(.text))
<BR><BR>[Stack]<UL><LI>Max Depth = 56<LI>Call Chain = Loc3DCamLocAd &rArr; CamLocAd &rArr; TTL_UART_SendData
</UL>
<BR>[Calls]<UL><LI><a href="#[167]">&gt;&gt;</a>&nbsp;&nbsp;&nbsp;CamLocAd
</UL>
<BR>[Called By]<UL><LI><a href="#[d8]">&gt;&gt;</a>&nbsp;&nbsp;&nbsp;Loc3DCamAction
</UL>

<P><STRONG><a name="[1d7]"></a>Loc3DIrLocView</STRONG> (Thumb, 12 bytes, Stack size 8 bytes, m_3d.o(.text))
<BR><BR>[Stack]<UL><LI>Max Depth = 64<LI>Call Chain = Loc3DIrLocView &rArr; command_Set_FOV &rArr; IR_UART_SendData
</UL>
<BR>[Calls]<UL><LI><a href="#[c1]">&gt;&gt;</a>&nbsp;&nbsp;&nbsp;command_Set_FOV
</UL>
<BR>[Called By]<UL><LI><a href="#[da]">&gt;&gt;</a>&nbsp;&nbsp;&nbsp;Loc3DIrAction
</UL>

<P><STRONG><a name="[1d8]"></a>Loc3DPtLocAngle</STRONG> (Thumb, 34 bytes, Stack size 16 bytes, m_3d.o(.text))
<BR><BR>[Stack]<UL><LI>Max Depth = 64<LI>Call Chain = Loc3DPtLocAngle &rArr; PtSetVerAngle &rArr; TVC_UART_SendData
</UL>
<BR>[Calls]<UL><LI><a href="#[13c]">&gt;&gt;</a>&nbsp;&nbsp;&nbsp;PtSetVerAngle
<LI><a href="#[13b]">&gt;&gt;</a>&nbsp;&nbsp;&nbsp;PtSetHorAngle
<LI><a href="#[aa]">&gt;&gt;</a>&nbsp;&nbsp;&nbsp;delay_ms
</UL>
<BR>[Called By]<UL><LI><a href="#[da]">&gt;&gt;</a>&nbsp;&nbsp;&nbsp;Loc3DIrAction
<LI><a href="#[d8]">&gt;&gt;</a>&nbsp;&nbsp;&nbsp;Loc3DCamAction
</UL>

<P><STRONG><a name="[1d9]"></a>Loc3DCalcAxis</STRONG> (Thumb, 202 bytes, Stack size 40 bytes, m_3d.o(.text))
<BR><BR>[Stack]<UL><LI>Max Depth = 56<LI>Call Chain = Loc3DCalcAxis &rArr; __aeabi_fmul
</UL>
<BR>[Calls]<UL><LI><a href="#[132]">&gt;&gt;</a>&nbsp;&nbsp;&nbsp;__aeabi_fmul
<LI><a href="#[1da]">&gt;&gt;</a>&nbsp;&nbsp;&nbsp;__aeabi_i2f
<LI><a href="#[1db]">&gt;&gt;</a>&nbsp;&nbsp;&nbsp;__aeabi_f2iz
<LI><a href="#[131]">&gt;&gt;</a>&nbsp;&nbsp;&nbsp;__aeabi_fdiv
<LI><a href="#[133]">&gt;&gt;</a>&nbsp;&nbsp;&nbsp;__aeabi_fadd
</UL>
<BR>[Called By]<UL><LI><a href="#[d8]">&gt;&gt;</a>&nbsp;&nbsp;&nbsp;Loc3DCamAction
</UL>

<P><STRONG><a name="[1eb]"></a>Loc3DCalcRealPtHorPos</STRONG> (Thumb, 42 bytes, Stack size 0 bytes, m_3d.o(.text))
<BR><BR>[Called By]<UL><LI><a href="#[da]">&gt;&gt;</a>&nbsp;&nbsp;&nbsp;Loc3DIrAction
<LI><a href="#[d8]">&gt;&gt;</a>&nbsp;&nbsp;&nbsp;Loc3DCamAction
</UL>

<P><STRONG><a name="[1ec]"></a>Loc3DCalcRealPtVerPos</STRONG> (Thumb, 40 bytes, Stack size 0 bytes, m_3d.o(.text))
<BR><BR>[Called By]<UL><LI><a href="#[da]">&gt;&gt;</a>&nbsp;&nbsp;&nbsp;Loc3DIrAction
<LI><a href="#[d8]">&gt;&gt;</a>&nbsp;&nbsp;&nbsp;Loc3DCamAction
</UL>

<P><STRONG><a name="[20c]"></a>_dadd1</STRONG> (Thumb, 0 bytes, Stack size unknown bytes, daddsub_clz.o(x$fpl$dadd), UNUSED)
<BR><BR>[Called By]<UL><LI><a href="#[20d]">&gt;&gt;</a>&nbsp;&nbsp;&nbsp;_dsub
<LI><a href="#[20b]">&gt;&gt;</a>&nbsp;&nbsp;&nbsp;_drsb
</UL>

<P><STRONG><a name="[200]"></a>_dsub1</STRONG> (Thumb, 0 bytes, Stack size unknown bytes, daddsub_clz.o(x$fpl$dsub), UNUSED)
<BR><BR>[Called By]<UL><LI><a href="#[20b]">&gt;&gt;</a>&nbsp;&nbsp;&nbsp;_drsb
<LI><a href="#[1ff]">&gt;&gt;</a>&nbsp;&nbsp;&nbsp;_dadd
</UL>

<P><STRONG><a name="[21b]"></a>_fadd1</STRONG> (Thumb, 0 bytes, Stack size unknown bytes, faddsub_clz.o(x$fpl$fadd), UNUSED)
<BR><BR>[Called By]<UL><LI><a href="#[21a]">&gt;&gt;</a>&nbsp;&nbsp;&nbsp;_fsub
</UL>

<P><STRONG><a name="[211]"></a>_fsub1</STRONG> (Thumb, 0 bytes, Stack size unknown bytes, faddsub_clz.o(x$fpl$fsub), UNUSED)
<BR><BR>[Called By]<UL><LI><a href="#[210]">&gt;&gt;</a>&nbsp;&nbsp;&nbsp;_fadd
</UL>
<P>
<H3>
Undefined Global Symbols
</H3><HR></body></html>
